ARM GAS  C:\Users\gizmo\AppData\Local\Temp\ccQosWzb.s 			page 1


   1              		.cpu cortex-m0
   2              		.fpu softvfp
   3              		.eabi_attribute 20, 1
   4              		.eabi_attribute 21, 1
   5              		.eabi_attribute 23, 3
   6              		.eabi_attribute 24, 1
   7              		.eabi_attribute 25, 1
   8              		.eabi_attribute 26, 1
   9              		.eabi_attribute 30, 1
  10              		.eabi_attribute 34, 0
  11              		.eabi_attribute 18, 4
  12              		.code	16
  13              		.file	"cyfitter_cfg.c"
  14              		.text
  15              	.Ltext0:
  16              		.cfi_sections	.debug_frame
  17              		.section	.text.CYMEMZERO,"ax",%progbits
  18              		.align	2
  19              		.code	16
  20              		.thumb_func
  21              		.type	CYMEMZERO, %function
  22              	CYMEMZERO:
  23              	.LFB0:
  24              		.file 1 ".\\Generated_Source\\PSoC4\\cyfitter_cfg.c"
   1:.\Generated_Source\PSoC4/cyfitter_cfg.c **** /*******************************************************************************
   2:.\Generated_Source\PSoC4/cyfitter_cfg.c **** * File Name: cyfitter_cfg.c
   3:.\Generated_Source\PSoC4/cyfitter_cfg.c **** * 
   4:.\Generated_Source\PSoC4/cyfitter_cfg.c **** * PSoC Creator  3.3
   5:.\Generated_Source\PSoC4/cyfitter_cfg.c **** *
   6:.\Generated_Source\PSoC4/cyfitter_cfg.c **** * Description:
   7:.\Generated_Source\PSoC4/cyfitter_cfg.c **** * This file contains device initialization code.
   8:.\Generated_Source\PSoC4/cyfitter_cfg.c **** * Except for the user defined sections in CyClockStartupError(), this file should not be modified.
   9:.\Generated_Source\PSoC4/cyfitter_cfg.c **** * This file is automatically generated by PSoC Creator.
  10:.\Generated_Source\PSoC4/cyfitter_cfg.c **** *
  11:.\Generated_Source\PSoC4/cyfitter_cfg.c **** ********************************************************************************
  12:.\Generated_Source\PSoC4/cyfitter_cfg.c **** * Copyright (c) 2007-2015 Cypress Semiconductor.  All rights reserved.
  13:.\Generated_Source\PSoC4/cyfitter_cfg.c **** * You may use this file only in accordance with the license, terms, conditions, 
  14:.\Generated_Source\PSoC4/cyfitter_cfg.c **** * disclaimers, and limitations in the end user license agreement accompanying 
  15:.\Generated_Source\PSoC4/cyfitter_cfg.c **** * the software package with which this file was provided.
  16:.\Generated_Source\PSoC4/cyfitter_cfg.c **** ********************************************************************************/
  17:.\Generated_Source\PSoC4/cyfitter_cfg.c **** 
  18:.\Generated_Source\PSoC4/cyfitter_cfg.c **** #include <string.h>
  19:.\Generated_Source\PSoC4/cyfitter_cfg.c **** #include "cytypes.h"
  20:.\Generated_Source\PSoC4/cyfitter_cfg.c **** #include "cydevice_trm.h"
  21:.\Generated_Source\PSoC4/cyfitter_cfg.c **** #include "cyfitter.h"
  22:.\Generated_Source\PSoC4/cyfitter_cfg.c **** #include "CyLib.h"
  23:.\Generated_Source\PSoC4/cyfitter_cfg.c **** #include "CyLFClk.h"
  24:.\Generated_Source\PSoC4/cyfitter_cfg.c **** #include "cyfitter_cfg.h"
  25:.\Generated_Source\PSoC4/cyfitter_cfg.c **** 
  26:.\Generated_Source\PSoC4/cyfitter_cfg.c **** 
  27:.\Generated_Source\PSoC4/cyfitter_cfg.c **** #if defined(__GNUC__) || defined(__ARMCC_VERSION)
  28:.\Generated_Source\PSoC4/cyfitter_cfg.c ****     #define CYPACKED 
  29:.\Generated_Source\PSoC4/cyfitter_cfg.c ****     #define CYPACKED_ATTR __attribute__ ((packed))
  30:.\Generated_Source\PSoC4/cyfitter_cfg.c ****     #define CYALIGNED __attribute__ ((aligned))
  31:.\Generated_Source\PSoC4/cyfitter_cfg.c ****     #define CY_CFG_UNUSED __attribute__ ((unused))
  32:.\Generated_Source\PSoC4/cyfitter_cfg.c ****     #define CY_CFG_SECTION __attribute__ ((section(".psocinit")))
  33:.\Generated_Source\PSoC4/cyfitter_cfg.c ****     
ARM GAS  C:\Users\gizmo\AppData\Local\Temp\ccQosWzb.s 			page 2


  34:.\Generated_Source\PSoC4/cyfitter_cfg.c ****     #if defined(__ARMCC_VERSION)
  35:.\Generated_Source\PSoC4/cyfitter_cfg.c ****         #define CY_CFG_MEMORY_BARRIER() __memory_changed()
  36:.\Generated_Source\PSoC4/cyfitter_cfg.c ****     #else
  37:.\Generated_Source\PSoC4/cyfitter_cfg.c ****         #define CY_CFG_MEMORY_BARRIER() __sync_synchronize()
  38:.\Generated_Source\PSoC4/cyfitter_cfg.c ****     #endif
  39:.\Generated_Source\PSoC4/cyfitter_cfg.c ****     
  40:.\Generated_Source\PSoC4/cyfitter_cfg.c **** #elif defined(__ICCARM__)
  41:.\Generated_Source\PSoC4/cyfitter_cfg.c ****     #include <intrinsics.h>
  42:.\Generated_Source\PSoC4/cyfitter_cfg.c **** 
  43:.\Generated_Source\PSoC4/cyfitter_cfg.c ****     #define CYPACKED __packed
  44:.\Generated_Source\PSoC4/cyfitter_cfg.c ****     #define CYPACKED_ATTR 
  45:.\Generated_Source\PSoC4/cyfitter_cfg.c ****     #define CYALIGNED _Pragma("data_alignment=4")
  46:.\Generated_Source\PSoC4/cyfitter_cfg.c ****     #define CY_CFG_UNUSED _Pragma("diag_suppress=Pe177")
  47:.\Generated_Source\PSoC4/cyfitter_cfg.c ****     #define CY_CFG_SECTION _Pragma("location=\".psocinit\"")
  48:.\Generated_Source\PSoC4/cyfitter_cfg.c ****     
  49:.\Generated_Source\PSoC4/cyfitter_cfg.c ****     #define CY_CFG_MEMORY_BARRIER() __DMB()
  50:.\Generated_Source\PSoC4/cyfitter_cfg.c ****     
  51:.\Generated_Source\PSoC4/cyfitter_cfg.c **** #else
  52:.\Generated_Source\PSoC4/cyfitter_cfg.c ****     #error Unsupported toolchain
  53:.\Generated_Source\PSoC4/cyfitter_cfg.c **** #endif
  54:.\Generated_Source\PSoC4/cyfitter_cfg.c **** 
  55:.\Generated_Source\PSoC4/cyfitter_cfg.c **** 
  56:.\Generated_Source\PSoC4/cyfitter_cfg.c **** CY_CFG_UNUSED
  57:.\Generated_Source\PSoC4/cyfitter_cfg.c **** static void CYMEMZERO(void *s, size_t n);
  58:.\Generated_Source\PSoC4/cyfitter_cfg.c **** CY_CFG_UNUSED
  59:.\Generated_Source\PSoC4/cyfitter_cfg.c **** static void CYMEMZERO(void *s, size_t n)
  60:.\Generated_Source\PSoC4/cyfitter_cfg.c **** {
  25              		.loc 1 60 0
  26              		.cfi_startproc
  27              	.LVL0:
  28 0000 08B5     		push	{r3, lr}
  29              		.cfi_def_cfa_offset 8
  30              		.cfi_offset 3, -8
  31              		.cfi_offset 14, -4
  32 0002 0A1C     		mov	r2, r1
  61:.\Generated_Source\PSoC4/cyfitter_cfg.c **** 	(void)memset(s, 0, n);
  33              		.loc 1 61 0
  34 0004 0021     		mov	r1, #0
  35              	.LVL1:
  36 0006 FFF7FEFF 		bl	memset
  37              	.LVL2:
  62:.\Generated_Source\PSoC4/cyfitter_cfg.c **** }
  38              		.loc 1 62 0
  39              		@ sp needed
  40 000a 08BD     		pop	{r3, pc}
  41              		.cfi_endproc
  42              	.LFE0:
  43              		.size	CYMEMZERO, .-CYMEMZERO
  44              		.section	.psocinit,"ax",%progbits
  45              		.align	2
  46              		.code	16
  47              		.thumb_func
  48              		.type	ClockSetup, %function
  49              	ClockSetup:
  50              	.LFB3:
  63:.\Generated_Source\PSoC4/cyfitter_cfg.c **** CY_CFG_UNUSED
  64:.\Generated_Source\PSoC4/cyfitter_cfg.c **** static void CYCONFIGCPY(void *dest, const void *src, size_t n);
ARM GAS  C:\Users\gizmo\AppData\Local\Temp\ccQosWzb.s 			page 3


  65:.\Generated_Source\PSoC4/cyfitter_cfg.c **** CY_CFG_UNUSED
  66:.\Generated_Source\PSoC4/cyfitter_cfg.c **** static void CYCONFIGCPY(void *dest, const void *src, size_t n)
  67:.\Generated_Source\PSoC4/cyfitter_cfg.c **** {
  68:.\Generated_Source\PSoC4/cyfitter_cfg.c **** 	(void)memcpy(dest, src, n);
  69:.\Generated_Source\PSoC4/cyfitter_cfg.c **** }
  70:.\Generated_Source\PSoC4/cyfitter_cfg.c **** CY_CFG_UNUSED
  71:.\Generated_Source\PSoC4/cyfitter_cfg.c **** static void CYCONFIGCPYCODE(void *dest, const void *src, size_t n);
  72:.\Generated_Source\PSoC4/cyfitter_cfg.c **** CY_CFG_UNUSED
  73:.\Generated_Source\PSoC4/cyfitter_cfg.c **** static void CYCONFIGCPYCODE(void *dest, const void *src, size_t n)
  74:.\Generated_Source\PSoC4/cyfitter_cfg.c **** {
  75:.\Generated_Source\PSoC4/cyfitter_cfg.c **** 	(void)memcpy(dest, src, n);
  76:.\Generated_Source\PSoC4/cyfitter_cfg.c **** }
  77:.\Generated_Source\PSoC4/cyfitter_cfg.c **** 
  78:.\Generated_Source\PSoC4/cyfitter_cfg.c **** 
  79:.\Generated_Source\PSoC4/cyfitter_cfg.c **** 
  80:.\Generated_Source\PSoC4/cyfitter_cfg.c **** /* Clock startup error codes                                                   */
  81:.\Generated_Source\PSoC4/cyfitter_cfg.c **** #define CYCLOCKSTART_NO_ERROR    0u
  82:.\Generated_Source\PSoC4/cyfitter_cfg.c **** #define CYCLOCKSTART_XTAL_ERROR  1u
  83:.\Generated_Source\PSoC4/cyfitter_cfg.c **** #define CYCLOCKSTART_32KHZ_ERROR 2u
  84:.\Generated_Source\PSoC4/cyfitter_cfg.c **** #define CYCLOCKSTART_PLL_ERROR   3u
  85:.\Generated_Source\PSoC4/cyfitter_cfg.c **** 
  86:.\Generated_Source\PSoC4/cyfitter_cfg.c **** #ifdef CY_NEED_CYCLOCKSTARTUPERROR
  87:.\Generated_Source\PSoC4/cyfitter_cfg.c **** /*******************************************************************************
  88:.\Generated_Source\PSoC4/cyfitter_cfg.c **** * Function Name: CyClockStartupError
  89:.\Generated_Source\PSoC4/cyfitter_cfg.c **** ********************************************************************************
  90:.\Generated_Source\PSoC4/cyfitter_cfg.c **** * Summary:
  91:.\Generated_Source\PSoC4/cyfitter_cfg.c **** *  If an error is encountered during clock configuration (crystal startup error,
  92:.\Generated_Source\PSoC4/cyfitter_cfg.c **** *  PLL lock error, etc.), the system will end up here.  Unless reimplemented by
  93:.\Generated_Source\PSoC4/cyfitter_cfg.c **** *  the customer, this function will stop in an infinite loop.
  94:.\Generated_Source\PSoC4/cyfitter_cfg.c **** *
  95:.\Generated_Source\PSoC4/cyfitter_cfg.c **** * Parameters:
  96:.\Generated_Source\PSoC4/cyfitter_cfg.c **** *   void
  97:.\Generated_Source\PSoC4/cyfitter_cfg.c **** *
  98:.\Generated_Source\PSoC4/cyfitter_cfg.c **** * Return:
  99:.\Generated_Source\PSoC4/cyfitter_cfg.c **** *   void
 100:.\Generated_Source\PSoC4/cyfitter_cfg.c **** *
 101:.\Generated_Source\PSoC4/cyfitter_cfg.c **** *******************************************************************************/
 102:.\Generated_Source\PSoC4/cyfitter_cfg.c **** CY_CFG_UNUSED
 103:.\Generated_Source\PSoC4/cyfitter_cfg.c **** static void CyClockStartupError(uint8 errorCode);
 104:.\Generated_Source\PSoC4/cyfitter_cfg.c **** CY_CFG_UNUSED
 105:.\Generated_Source\PSoC4/cyfitter_cfg.c **** static void CyClockStartupError(uint8 errorCode)
 106:.\Generated_Source\PSoC4/cyfitter_cfg.c **** {
 107:.\Generated_Source\PSoC4/cyfitter_cfg.c ****     /* To remove the compiler warning if errorCode not used.                */
 108:.\Generated_Source\PSoC4/cyfitter_cfg.c ****     errorCode = errorCode;
 109:.\Generated_Source\PSoC4/cyfitter_cfg.c **** 
 110:.\Generated_Source\PSoC4/cyfitter_cfg.c ****     /* `#START CyClockStartupError` */
 111:.\Generated_Source\PSoC4/cyfitter_cfg.c **** 
 112:.\Generated_Source\PSoC4/cyfitter_cfg.c ****     /* If we have a clock startup error (bad MHz crystal, PLL lock, etc.),  */
 113:.\Generated_Source\PSoC4/cyfitter_cfg.c ****     /* we will end up here to allow the customer to implement something to  */
 114:.\Generated_Source\PSoC4/cyfitter_cfg.c ****     /* deal with the clock condition.                                       */
 115:.\Generated_Source\PSoC4/cyfitter_cfg.c **** 
 116:.\Generated_Source\PSoC4/cyfitter_cfg.c ****     /* `#END` */
 117:.\Generated_Source\PSoC4/cyfitter_cfg.c **** 
 118:.\Generated_Source\PSoC4/cyfitter_cfg.c ****     /* If nothing else, stop here since the clocks have not started         */
 119:.\Generated_Source\PSoC4/cyfitter_cfg.c ****     /* correctly.                                                           */
 120:.\Generated_Source\PSoC4/cyfitter_cfg.c ****     while(1) {}
 121:.\Generated_Source\PSoC4/cyfitter_cfg.c **** }
ARM GAS  C:\Users\gizmo\AppData\Local\Temp\ccQosWzb.s 			page 4


 122:.\Generated_Source\PSoC4/cyfitter_cfg.c **** #endif
 123:.\Generated_Source\PSoC4/cyfitter_cfg.c **** 
 124:.\Generated_Source\PSoC4/cyfitter_cfg.c **** 
 125:.\Generated_Source\PSoC4/cyfitter_cfg.c **** 
 126:.\Generated_Source\PSoC4/cyfitter_cfg.c **** /*******************************************************************************
 127:.\Generated_Source\PSoC4/cyfitter_cfg.c **** * Function Name: ClockSetup
 128:.\Generated_Source\PSoC4/cyfitter_cfg.c **** ********************************************************************************
 129:.\Generated_Source\PSoC4/cyfitter_cfg.c **** *
 130:.\Generated_Source\PSoC4/cyfitter_cfg.c **** * Summary:
 131:.\Generated_Source\PSoC4/cyfitter_cfg.c **** *   Performs the initialization of all of the clocks in the device based on the
 132:.\Generated_Source\PSoC4/cyfitter_cfg.c **** *   settings in the Clock tab of the DWR.  This includes enabling the requested
 133:.\Generated_Source\PSoC4/cyfitter_cfg.c **** *   clocks and setting the necessary dividers to produce the desired frequency. 
 134:.\Generated_Source\PSoC4/cyfitter_cfg.c **** *
 135:.\Generated_Source\PSoC4/cyfitter_cfg.c **** * Parameters:
 136:.\Generated_Source\PSoC4/cyfitter_cfg.c **** *   void
 137:.\Generated_Source\PSoC4/cyfitter_cfg.c **** *
 138:.\Generated_Source\PSoC4/cyfitter_cfg.c **** * Return:
 139:.\Generated_Source\PSoC4/cyfitter_cfg.c **** *   void
 140:.\Generated_Source\PSoC4/cyfitter_cfg.c **** *
 141:.\Generated_Source\PSoC4/cyfitter_cfg.c **** *******************************************************************************/
 142:.\Generated_Source\PSoC4/cyfitter_cfg.c **** static void ClockSetup(void);
 143:.\Generated_Source\PSoC4/cyfitter_cfg.c **** CY_CFG_SECTION
 144:.\Generated_Source\PSoC4/cyfitter_cfg.c **** static void ClockSetup(void)
 145:.\Generated_Source\PSoC4/cyfitter_cfg.c **** {
  51              		.loc 1 145 0
  52              		.cfi_startproc
  53 0000 38B5     		push	{r3, r4, r5, lr}
  54              		.cfi_def_cfa_offset 16
  55              		.cfi_offset 3, -16
  56              		.cfi_offset 4, -12
  57              		.cfi_offset 5, -8
  58              		.cfi_offset 14, -4
 146:.\Generated_Source\PSoC4/cyfitter_cfg.c **** 	/* Enable HALF_EN before trimming for the flash accelerator. */
 147:.\Generated_Source\PSoC4/cyfitter_cfg.c **** 	CY_SET_REG32((void CYXDATA *)(CYREG_CLK_SELECT), (CY_GET_REG32((void *)CYREG_CLK_SELECT) | 0x00040
  59              		.loc 1 147 0
  60 0002 144C     		ldr	r4, .L3
  61 0004 2368     		ldr	r3, [r4]
  62 0006 8025     		mov	r5, #128
  63 0008 ED02     		lsl	r5, r5, #11
  64 000a 2B43     		orr	r3, r5
  65 000c 2360     		str	r3, [r4]
 148:.\Generated_Source\PSoC4/cyfitter_cfg.c **** 
 149:.\Generated_Source\PSoC4/cyfitter_cfg.c **** 	/* Setup and trim IMO based on desired frequency. */
 150:.\Generated_Source\PSoC4/cyfitter_cfg.c **** 	CySysClkWriteImoFreq(48u);
  66              		.loc 1 150 0
  67 000e 3020     		mov	r0, #48
  68 0010 FFF7FEFF 		bl	CySysClkWriteImoFreq
  69              	.LVL3:
 151:.\Generated_Source\PSoC4/cyfitter_cfg.c **** 	/* CYDEV_CLK_ILO_CONFIG Starting address: CYDEV_CLK_ILO_CONFIG */
 152:.\Generated_Source\PSoC4/cyfitter_cfg.c **** 	CY_SET_XTND_REG32((void CYFAR *)(CYREG_CLK_ILO_CONFIG), 0x80000006u);
  70              		.loc 1 152 0
  71 0014 104A     		ldr	r2, .L3+4
  72 0016 114B     		ldr	r3, .L3+8
  73 0018 1A60     		str	r2, [r3]
 153:.\Generated_Source\PSoC4/cyfitter_cfg.c **** 
 154:.\Generated_Source\PSoC4/cyfitter_cfg.c **** 
 155:.\Generated_Source\PSoC4/cyfitter_cfg.c **** 	/* CYDEV_CLK_SELECT00 Starting address: CYDEV_CLK_SELECT00 */
ARM GAS  C:\Users\gizmo\AppData\Local\Temp\ccQosWzb.s 			page 5


 156:.\Generated_Source\PSoC4/cyfitter_cfg.c **** 	CY_SET_XTND_REG32((void CYFAR *)(CYREG_CLK_SELECT03), 0x00000010u);
  74              		.loc 1 156 0
  75 001a 1022     		mov	r2, #16
  76 001c 104B     		ldr	r3, .L3+12
  77 001e 1A60     		str	r2, [r3]
 157:.\Generated_Source\PSoC4/cyfitter_cfg.c **** 	CY_SET_XTND_REG32((void CYFAR *)(CYREG_CLK_SELECT08), 0x00000020u);
  78              		.loc 1 157 0
  79 0020 1032     		add	r2, r2, #16
  80 0022 104B     		ldr	r3, .L3+16
  81 0024 1A60     		str	r2, [r3]
 158:.\Generated_Source\PSoC4/cyfitter_cfg.c **** 
 159:.\Generated_Source\PSoC4/cyfitter_cfg.c **** 	/* CYDEV_CLK_IMO_CONFIG Starting address: CYDEV_CLK_IMO_CONFIG */
 160:.\Generated_Source\PSoC4/cyfitter_cfg.c **** 	CY_SET_XTND_REG32((void CYFAR *)(CYREG_CLK_IMO_CONFIG), 0x80000000u);
  82              		.loc 1 160 0
  83 0026 8022     		mov	r2, #128
  84 0028 1206     		lsl	r2, r2, #24
  85 002a 0F4B     		ldr	r3, .L3+20
  86 002c 1A60     		str	r2, [r3]
 161:.\Generated_Source\PSoC4/cyfitter_cfg.c **** 
 162:.\Generated_Source\PSoC4/cyfitter_cfg.c **** 	/* CYDEV_CLK_SELECT Starting address: CYDEV_CLK_SELECT */
 163:.\Generated_Source\PSoC4/cyfitter_cfg.c **** 	CY_SET_XTND_REG32((void CYFAR *)(CYREG_CLK_SELECT), 0x00040000u);
  87              		.loc 1 163 0
  88 002e 2560     		str	r5, [r4]
 164:.\Generated_Source\PSoC4/cyfitter_cfg.c **** 
 165:.\Generated_Source\PSoC4/cyfitter_cfg.c **** 	/* CYDEV_CLK_DIVIDER_A00 Starting address: CYDEV_CLK_DIVIDER_A00 */
 166:.\Generated_Source\PSoC4/cyfitter_cfg.c **** 	CY_SET_XTND_REG32((void CYFAR *)(CYREG_CLK_DIVIDER_A00), 0x80000022u);
  89              		.loc 1 166 0
  90 0030 0E4A     		ldr	r2, .L3+24
  91 0032 0F4B     		ldr	r3, .L3+28
  92 0034 1A60     		str	r2, [r3]
 167:.\Generated_Source\PSoC4/cyfitter_cfg.c **** 
 168:.\Generated_Source\PSoC4/cyfitter_cfg.c **** 	/* CYDEV_CLK_DIVIDER_B00 Starting address: CYDEV_CLK_DIVIDER_B00 */
 169:.\Generated_Source\PSoC4/cyfitter_cfg.c **** 	CY_SET_XTND_REG32((void CYFAR *)(CYREG_CLK_DIVIDER_B00), 0x800012BFu);
  93              		.loc 1 169 0
  94 0036 0F4A     		ldr	r2, .L3+32
  95 0038 0F4B     		ldr	r3, .L3+36
  96 003a 1A60     		str	r2, [r3]
 170:.\Generated_Source\PSoC4/cyfitter_cfg.c **** 
 171:.\Generated_Source\PSoC4/cyfitter_cfg.c **** 	(void)CyIntSetVector(9u, &CySysWdtIsr);
  97              		.loc 1 171 0
  98 003c 0920     		mov	r0, #9
  99 003e 0F49     		ldr	r1, .L3+40
 100 0040 FFF7FEFF 		bl	CyIntSetVector
 101              	.LVL4:
 172:.\Generated_Source\PSoC4/cyfitter_cfg.c **** 	CyIntEnable(9u);
 102              		.loc 1 172 0
 103 0044 0920     		mov	r0, #9
 104 0046 FFF7FEFF 		bl	CyIntEnable
 105              	.LVL5:
 173:.\Generated_Source\PSoC4/cyfitter_cfg.c **** 	CY_SET_XTND_REG32((void CYFAR *)(CYREG_WDT_CONFIG), 0x00000000u);
 106              		.loc 1 173 0
 107 004a 0022     		mov	r2, #0
 108 004c 0C4B     		ldr	r3, .L3+44
 109 004e 1A60     		str	r2, [r3]
 174:.\Generated_Source\PSoC4/cyfitter_cfg.c **** }
 110              		.loc 1 174 0
 111              		@ sp needed
ARM GAS  C:\Users\gizmo\AppData\Local\Temp\ccQosWzb.s 			page 6


 112 0050 38BD     		pop	{r3, r4, r5, pc}
 113              	.L4:
 114 0052 C046     		.align	2
 115              	.L3:
 116 0054 00010B40 		.word	1074462976
 117 0058 06000080 		.word	-2147483642
 118 005c 04010B40 		.word	1074462980
 119 0060 0C020240 		.word	1073873420
 120 0064 20020240 		.word	1073873440
 121 0068 08010B40 		.word	1074462984
 122 006c 22000080 		.word	-2147483614
 123 0070 00000240 		.word	1073872896
 124 0074 BF120080 		.word	-2147478849
 125 0078 40000240 		.word	1073872960
 126 007c 00000000 		.word	CySysWdtIsr
 127 0080 0C020B40 		.word	1074463244
 128              		.cfi_endproc
 129              	.LFE3:
 130              		.size	ClockSetup, .-ClockSetup
 131              		.align	2
 132              		.global	cyfitter_cfg
 133              		.code	16
 134              		.thumb_func
 135              		.type	cyfitter_cfg, %function
 136              	cyfitter_cfg:
 137              	.LFB5:
 175:.\Generated_Source\PSoC4/cyfitter_cfg.c **** 
 176:.\Generated_Source\PSoC4/cyfitter_cfg.c **** 
 177:.\Generated_Source\PSoC4/cyfitter_cfg.c **** /* Analog API Functions */
 178:.\Generated_Source\PSoC4/cyfitter_cfg.c **** 
 179:.\Generated_Source\PSoC4/cyfitter_cfg.c **** 
 180:.\Generated_Source\PSoC4/cyfitter_cfg.c **** /*******************************************************************************
 181:.\Generated_Source\PSoC4/cyfitter_cfg.c **** * Function Name: AnalogSetDefault
 182:.\Generated_Source\PSoC4/cyfitter_cfg.c **** ********************************************************************************
 183:.\Generated_Source\PSoC4/cyfitter_cfg.c **** *
 184:.\Generated_Source\PSoC4/cyfitter_cfg.c **** * Summary:
 185:.\Generated_Source\PSoC4/cyfitter_cfg.c **** *  Sets up the analog portions of the chip to default values based on chip
 186:.\Generated_Source\PSoC4/cyfitter_cfg.c **** *  configuration options from the project.
 187:.\Generated_Source\PSoC4/cyfitter_cfg.c **** *
 188:.\Generated_Source\PSoC4/cyfitter_cfg.c **** * Parameters:
 189:.\Generated_Source\PSoC4/cyfitter_cfg.c **** *  void
 190:.\Generated_Source\PSoC4/cyfitter_cfg.c **** *
 191:.\Generated_Source\PSoC4/cyfitter_cfg.c **** * Return:
 192:.\Generated_Source\PSoC4/cyfitter_cfg.c **** *  void
 193:.\Generated_Source\PSoC4/cyfitter_cfg.c **** *
 194:.\Generated_Source\PSoC4/cyfitter_cfg.c **** *******************************************************************************/
 195:.\Generated_Source\PSoC4/cyfitter_cfg.c **** static void AnalogSetDefault(void);
 196:.\Generated_Source\PSoC4/cyfitter_cfg.c **** static void AnalogSetDefault(void)
 197:.\Generated_Source\PSoC4/cyfitter_cfg.c **** {
 198:.\Generated_Source\PSoC4/cyfitter_cfg.c **** }
 199:.\Generated_Source\PSoC4/cyfitter_cfg.c **** 
 200:.\Generated_Source\PSoC4/cyfitter_cfg.c **** #define CY_AMUX_UNUSED CYREG_CM0_ROM_DWT
 201:.\Generated_Source\PSoC4/cyfitter_cfg.c **** 
 202:.\Generated_Source\PSoC4/cyfitter_cfg.c **** 
 203:.\Generated_Source\PSoC4/cyfitter_cfg.c **** /*******************************************************************************
 204:.\Generated_Source\PSoC4/cyfitter_cfg.c **** * Function Name: cyfitter_cfg
 205:.\Generated_Source\PSoC4/cyfitter_cfg.c **** ********************************************************************************
ARM GAS  C:\Users\gizmo\AppData\Local\Temp\ccQosWzb.s 			page 7


 206:.\Generated_Source\PSoC4/cyfitter_cfg.c **** * Summary:
 207:.\Generated_Source\PSoC4/cyfitter_cfg.c **** *  This function is called by the start-up code for the selected device. It
 208:.\Generated_Source\PSoC4/cyfitter_cfg.c **** *  performs all of the necessary device configuration based on the design
 209:.\Generated_Source\PSoC4/cyfitter_cfg.c **** *  settings.  This includes settings from the Design Wide Resources (DWR) such
 210:.\Generated_Source\PSoC4/cyfitter_cfg.c **** *  as Clocks and Pins as well as any component configuration that is necessary.
 211:.\Generated_Source\PSoC4/cyfitter_cfg.c **** *
 212:.\Generated_Source\PSoC4/cyfitter_cfg.c **** * Parameters:  
 213:.\Generated_Source\PSoC4/cyfitter_cfg.c **** *   void
 214:.\Generated_Source\PSoC4/cyfitter_cfg.c **** *
 215:.\Generated_Source\PSoC4/cyfitter_cfg.c **** * Return:
 216:.\Generated_Source\PSoC4/cyfitter_cfg.c **** *   void
 217:.\Generated_Source\PSoC4/cyfitter_cfg.c **** *
 218:.\Generated_Source\PSoC4/cyfitter_cfg.c **** *******************************************************************************/
 219:.\Generated_Source\PSoC4/cyfitter_cfg.c **** CY_CFG_SECTION
 220:.\Generated_Source\PSoC4/cyfitter_cfg.c **** void cyfitter_cfg(void)
 221:.\Generated_Source\PSoC4/cyfitter_cfg.c **** {
 138              		.loc 1 221 0
 139              		.cfi_startproc
 140 0084 10B5     		push	{r4, lr}
 141              		.cfi_def_cfa_offset 8
 142              		.cfi_offset 4, -8
 143              		.cfi_offset 14, -4
 222:.\Generated_Source\PSoC4/cyfitter_cfg.c **** 	/* Disable interrupts by default. Let user enable if/when they want. */
 223:.\Generated_Source\PSoC4/cyfitter_cfg.c **** 	CyGlobalIntDisable;
 144              		.loc 1 223 0
 145              	@ 223 ".\Generated_Source\PSoC4\cyfitter_cfg.c" 1
 146 0086 72B6     		CPSID   i
 147              	@ 0 "" 2
 148              	.LVL6:
 149              		.code	16
 150              	.LBB2:
 224:.\Generated_Source\PSoC4/cyfitter_cfg.c **** 
 225:.\Generated_Source\PSoC4/cyfitter_cfg.c **** 	{
 226:.\Generated_Source\PSoC4/cyfitter_cfg.c **** 
 227:.\Generated_Source\PSoC4/cyfitter_cfg.c **** 		CYPACKED typedef struct {
 228:.\Generated_Source\PSoC4/cyfitter_cfg.c **** 			void CYFAR *address;
 229:.\Generated_Source\PSoC4/cyfitter_cfg.c **** 			uint16 size;
 230:.\Generated_Source\PSoC4/cyfitter_cfg.c **** 		} CYPACKED_ATTR cfg_memset_t;
 231:.\Generated_Source\PSoC4/cyfitter_cfg.c **** 
 232:.\Generated_Source\PSoC4/cyfitter_cfg.c **** 		static const cfg_memset_t CYCODE cfg_memset_list [] = {
 233:.\Generated_Source\PSoC4/cyfitter_cfg.c **** 			/* address, size */
 234:.\Generated_Source\PSoC4/cyfitter_cfg.c **** 			{(void CYFAR *)(CYDEV_UDB_P0_U0_BASE), 1024u},
 235:.\Generated_Source\PSoC4/cyfitter_cfg.c **** 			{(void CYFAR *)(CYDEV_UDB_DSI0_BASE), 1024u},
 236:.\Generated_Source\PSoC4/cyfitter_cfg.c **** 		};
 237:.\Generated_Source\PSoC4/cyfitter_cfg.c **** 
 238:.\Generated_Source\PSoC4/cyfitter_cfg.c **** 		uint8 CYDATA i;
 239:.\Generated_Source\PSoC4/cyfitter_cfg.c **** 
 240:.\Generated_Source\PSoC4/cyfitter_cfg.c **** 		/* Zero out critical memory blocks before beginning configuration */
 241:.\Generated_Source\PSoC4/cyfitter_cfg.c **** 		for (i = 0u; i < (sizeof(cfg_memset_list)/sizeof(cfg_memset_list[0])); i++)
 151              		.loc 1 241 0
 152 0088 0024     		mov	r4, #0
 153 008a 10E0     		b	.L6
 154              	.LVL7:
 155              	.L7:
 156              	.LBB3:
 242:.\Generated_Source\PSoC4/cyfitter_cfg.c **** 		{
 243:.\Generated_Source\PSoC4/cyfitter_cfg.c **** 			const cfg_memset_t CYCODE * CYDATA ms = &cfg_memset_list[i];
ARM GAS  C:\Users\gizmo\AppData\Local\Temp\ccQosWzb.s 			page 8


 244:.\Generated_Source\PSoC4/cyfitter_cfg.c **** 			CYMEMZERO(ms->address, (size_t)(uint32)(ms->size));
 157              		.loc 1 244 0 discriminator 3
 158 008c 1F48     		ldr	r0, .L8
 159 008e 6300     		lsl	r3, r4, #1
 160 0090 1A19     		add	r2, r3, r4
 161 0092 5200     		lsl	r2, r2, #1
 162 0094 8218     		add	r2, r0, r2
 163 0096 9188     		ldrh	r1, [r2, #4]
 164 0098 1B19     		add	r3, r3, r4
 165 009a 5B00     		lsl	r3, r3, #1
 166 009c 1A5A     		ldrh	r2, [r3, r0]
 167 009e C318     		add	r3, r0, r3
 168 00a0 5888     		ldrh	r0, [r3, #2]
 169 00a2 0004     		lsl	r0, r0, #16
 170 00a4 1043     		orr	r0, r2
 171 00a6 FFF7FEFF 		bl	CYMEMZERO
 172              	.LVL8:
 173              	.LBE3:
 241:.\Generated_Source\PSoC4/cyfitter_cfg.c **** 		{
 174              		.loc 1 241 0 discriminator 3
 175 00aa 0134     		add	r4, r4, #1
 176              	.LVL9:
 177 00ac E4B2     		uxtb	r4, r4
 178              	.LVL10:
 179              	.L6:
 241:.\Generated_Source\PSoC4/cyfitter_cfg.c **** 		{
 180              		.loc 1 241 0 is_stmt 0 discriminator 1
 181 00ae 012C     		cmp	r4, #1
 182 00b0 ECD9     		bls	.L7
 245:.\Generated_Source\PSoC4/cyfitter_cfg.c **** 		}
 246:.\Generated_Source\PSoC4/cyfitter_cfg.c **** 
 247:.\Generated_Source\PSoC4/cyfitter_cfg.c **** 		/* HSIOM Starting address: CYDEV_HSIOM_BASE */
 248:.\Generated_Source\PSoC4/cyfitter_cfg.c **** 		CY_SET_XTND_REG32((void CYFAR *)(CYDEV_HSIOM_BASE), 0x00990000u);
 183              		.loc 1 248 0 is_stmt 1
 184 00b2 9923     		mov	r3, #153
 185 00b4 1B04     		lsl	r3, r3, #16
 186 00b6 164A     		ldr	r2, .L8+4
 187 00b8 1360     		str	r3, [r2]
 249:.\Generated_Source\PSoC4/cyfitter_cfg.c **** 		CY_SET_XTND_REG32((void CYFAR *)(CYREG_HSIOM_PORT_SEL3), 0x0000EE00u);
 188              		.loc 1 249 0
 189 00ba EE21     		mov	r1, #238
 190 00bc 0902     		lsl	r1, r1, #8
 191 00be 154A     		ldr	r2, .L8+8
 192 00c0 1160     		str	r1, [r2]
 250:.\Generated_Source\PSoC4/cyfitter_cfg.c **** 
 251:.\Generated_Source\PSoC4/cyfitter_cfg.c **** 		/* UDB_PA_0 Starting address: CYDEV_UDB_PA0_BASE */
 252:.\Generated_Source\PSoC4/cyfitter_cfg.c **** 		CY_SET_XTND_REG32((void CYFAR *)(CYDEV_UDB_PA0_BASE), 0x00990000u);
 193              		.loc 1 252 0
 194 00c2 154A     		ldr	r2, .L8+12
 195 00c4 1360     		str	r3, [r2]
 253:.\Generated_Source\PSoC4/cyfitter_cfg.c **** 
 254:.\Generated_Source\PSoC4/cyfitter_cfg.c **** 		/* UDB_PA_3 Starting address: CYDEV_UDB_PA3_BASE */
 255:.\Generated_Source\PSoC4/cyfitter_cfg.c **** 		CY_SET_XTND_REG32((void CYFAR *)(CYDEV_UDB_PA3_BASE), 0x00990000u);
 196              		.loc 1 255 0
 197 00c6 154A     		ldr	r2, .L8+16
 198 00c8 1360     		str	r3, [r2]
 256:.\Generated_Source\PSoC4/cyfitter_cfg.c **** 
ARM GAS  C:\Users\gizmo\AppData\Local\Temp\ccQosWzb.s 			page 9


 257:.\Generated_Source\PSoC4/cyfitter_cfg.c **** 		/* Enable digital routing */
 258:.\Generated_Source\PSoC4/cyfitter_cfg.c **** 		CY_SET_XTND_REG8((void *)CYREG_UDB_UDBIF_BANK_CTL, CY_GET_XTND_REG8((void *)CYREG_UDB_UDBIF_BANK_
 199              		.loc 1 258 0
 200 00ca 154B     		ldr	r3, .L8+20
 201 00cc 1978     		ldrb	r1, [r3]
 202 00ce 0222     		mov	r2, #2
 203 00d0 0A43     		orr	r2, r1
 204 00d2 1A70     		strb	r2, [r3]
 259:.\Generated_Source\PSoC4/cyfitter_cfg.c **** 
 260:.\Generated_Source\PSoC4/cyfitter_cfg.c **** 		/* Enable UDB array */
 261:.\Generated_Source\PSoC4/cyfitter_cfg.c **** 		CY_SET_XTND_REG8((void *)CYREG_UDB_UDBIF_WAIT_CFG, (uint8)((CY_GET_XTND_REG8((void *)CYREG_UDB_UD
 205              		.loc 1 261 0
 206 00d4 1348     		ldr	r0, .L8+24
 207 00d6 0278     		ldrb	r2, [r0]
 208 00d8 3C21     		mov	r1, #60
 209 00da 8A43     		bic	r2, r1
 210 00dc 2839     		sub	r1, r1, #40
 211 00de 0A43     		orr	r2, r1
 212 00e0 0270     		strb	r2, [r0]
 262:.\Generated_Source\PSoC4/cyfitter_cfg.c **** 		CY_SET_XTND_REG8((void *)CYREG_UDB_UDBIF_BANK_CTL, (uint8)(CY_GET_XTND_REG8((void *)CYREG_UDB_UDB
 213              		.loc 1 262 0
 214 00e2 1978     		ldrb	r1, [r3]
 215 00e4 1622     		mov	r2, #22
 216 00e6 0A43     		orr	r2, r1
 217 00e8 1A70     		strb	r2, [r3]
 218              	.LBE2:
 263:.\Generated_Source\PSoC4/cyfitter_cfg.c **** 	}
 264:.\Generated_Source\PSoC4/cyfitter_cfg.c **** 
 265:.\Generated_Source\PSoC4/cyfitter_cfg.c **** 	/* Perform second pass device configuration. These items must be configured in specific order afte
 266:.\Generated_Source\PSoC4/cyfitter_cfg.c **** 	/* IOPINS0_0 Starting address: CYDEV_PRT0_BASE */
 267:.\Generated_Source\PSoC4/cyfitter_cfg.c **** 	CY_SET_XTND_REG32((void CYFAR *)(CYDEV_PRT0_BASE), 0x00000020u);
 219              		.loc 1 267 0
 220 00ea 2023     		mov	r3, #32
 221 00ec 0E4A     		ldr	r2, .L8+28
 222 00ee 1360     		str	r3, [r2]
 268:.\Generated_Source\PSoC4/cyfitter_cfg.c **** 	CY_SET_XTND_REG32((void CYFAR *)(CYREG_PRT0_PC), 0x00031000u);
 223              		.loc 1 268 0
 224 00f0 C421     		mov	r1, #196
 225 00f2 8902     		lsl	r1, r1, #10
 226 00f4 0D4A     		ldr	r2, .L8+32
 227 00f6 1160     		str	r1, [r2]
 269:.\Generated_Source\PSoC4/cyfitter_cfg.c **** 	CY_SET_XTND_REG32((void CYFAR *)(CYREG_PRT0_PC2), 0x00000020u);
 228              		.loc 1 269 0
 229 00f8 0D4A     		ldr	r2, .L8+36
 230 00fa 1360     		str	r3, [r2]
 270:.\Generated_Source\PSoC4/cyfitter_cfg.c **** 
 271:.\Generated_Source\PSoC4/cyfitter_cfg.c **** 	/* IOPINS0_3 Starting address: CYDEV_PRT3_BASE */
 272:.\Generated_Source\PSoC4/cyfitter_cfg.c **** 	CY_SET_XTND_REG32((void CYFAR *)(CYREG_PRT3_PC), 0x00000D80u);
 231              		.loc 1 272 0
 232 00fc D822     		mov	r2, #216
 233 00fe 1201     		lsl	r2, r2, #4
 234 0100 0C4B     		ldr	r3, .L8+40
 235 0102 1A60     		str	r2, [r3]
 273:.\Generated_Source\PSoC4/cyfitter_cfg.c **** 
 274:.\Generated_Source\PSoC4/cyfitter_cfg.c **** 	/* Setup clocks based on selections from Clock DWR */
 275:.\Generated_Source\PSoC4/cyfitter_cfg.c **** 	ClockSetup();
 236              		.loc 1 275 0
ARM GAS  C:\Users\gizmo\AppData\Local\Temp\ccQosWzb.s 			page 10


 237 0104 FFF77CFF 		bl	ClockSetup
 238              	.LVL11:
 276:.\Generated_Source\PSoC4/cyfitter_cfg.c **** 
 277:.\Generated_Source\PSoC4/cyfitter_cfg.c **** 	/* Perform basic analog initialization to defaults */
 278:.\Generated_Source\PSoC4/cyfitter_cfg.c **** 	AnalogSetDefault();
 279:.\Generated_Source\PSoC4/cyfitter_cfg.c **** 
 280:.\Generated_Source\PSoC4/cyfitter_cfg.c **** }
 239              		.loc 1 280 0
 240              		@ sp needed
 241              	.LVL12:
 242 0108 10BD     		pop	{r4, pc}
 243              	.L9:
 244 010a C046     		.align	2
 245              	.L8:
 246 010c 00000000 		.word	.LANCHOR0
 247 0110 00000140 		.word	1073807360
 248 0114 0C000140 		.word	1073807372
 249 0118 00500F40 		.word	1074745344
 250 011c 30500F40 		.word	1074745392
 251 0120 00700F40 		.word	1074753536
 252 0124 01700F40 		.word	1074753537
 253 0128 00000440 		.word	1074003968
 254 012c 08000440 		.word	1074003976
 255 0130 18000440 		.word	1074003992
 256 0134 08030440 		.word	1074004744
 257              		.cfi_endproc
 258              	.LFE5:
 259              		.size	cyfitter_cfg, .-cyfitter_cfg
 260              		.section	.rodata
 261              		.align	2
 262              		.set	.LANCHOR0,. + 0
 263              		.type	cfg_memset_list.4714, %object
 264              		.size	cfg_memset_list.4714, 12
 265              	cfg_memset_list.4714:
 266 0000 00300F40 		.word	1074737152
 267 0004 0004     		.short	1024
 268 0006 00400F40 		.4byte	1074741248
 269 000a 0004     		.short	1024
 270              		.text
 271              	.Letext0:
 272              		.file 2 "c:\\program files (x86)\\cypress\\psoc creator\\3.3\\psoc creator\\import\\gnu\\arm\\4.9.
 273              		.file 3 ".\\Generated_Source\\PSoC4\\cytypes.h"
 274              		.file 4 ".\\Generated_Source\\PSoC4\\CyLib.h"
 275              		.section	.debug_info,"",%progbits
 276              	.Ldebug_info0:
 277 0000 8D020000 		.4byte	0x28d
 278 0004 0400     		.2byte	0x4
 279 0006 00000000 		.4byte	.Ldebug_abbrev0
 280 000a 04       		.byte	0x4
 281 000b 01       		.uleb128 0x1
 282 000c B8010000 		.4byte	.LASF28
 283 0010 01       		.byte	0x1
 284 0011 74010000 		.4byte	.LASF29
 285 0015 A4000000 		.4byte	.LASF30
 286 0019 00000000 		.4byte	.Ldebug_ranges0+0
 287 001d 00000000 		.4byte	0
 288 0021 00000000 		.4byte	.Ldebug_line0
ARM GAS  C:\Users\gizmo\AppData\Local\Temp\ccQosWzb.s 			page 11


 289 0025 02       		.uleb128 0x2
 290 0026 04       		.byte	0x4
 291 0027 05       		.byte	0x5
 292 0028 696E7400 		.ascii	"int\000"
 293 002c 03       		.uleb128 0x3
 294 002d 06000000 		.4byte	.LASF11
 295 0031 02       		.byte	0x2
 296 0032 D4       		.byte	0xd4
 297 0033 37000000 		.4byte	0x37
 298 0037 04       		.uleb128 0x4
 299 0038 04       		.byte	0x4
 300 0039 07       		.byte	0x7
 301 003a 21010000 		.4byte	.LASF0
 302 003e 04       		.uleb128 0x4
 303 003f 01       		.byte	0x1
 304 0040 06       		.byte	0x6
 305 0041 6E020000 		.4byte	.LASF1
 306 0045 04       		.uleb128 0x4
 307 0046 01       		.byte	0x1
 308 0047 08       		.byte	0x8
 309 0048 7C000000 		.4byte	.LASF2
 310 004c 04       		.uleb128 0x4
 311 004d 02       		.byte	0x2
 312 004e 05       		.byte	0x5
 313 004f 46020000 		.4byte	.LASF3
 314 0053 04       		.uleb128 0x4
 315 0054 02       		.byte	0x2
 316 0055 07       		.byte	0x7
 317 0056 37000000 		.4byte	.LASF4
 318 005a 04       		.uleb128 0x4
 319 005b 04       		.byte	0x4
 320 005c 05       		.byte	0x5
 321 005d 65020000 		.4byte	.LASF5
 322 0061 04       		.uleb128 0x4
 323 0062 04       		.byte	0x4
 324 0063 07       		.byte	0x7
 325 0064 5A000000 		.4byte	.LASF6
 326 0068 04       		.uleb128 0x4
 327 0069 08       		.byte	0x8
 328 006a 05       		.byte	0x5
 329 006b A5010000 		.4byte	.LASF7
 330 006f 04       		.uleb128 0x4
 331 0070 08       		.byte	0x8
 332 0071 07       		.byte	0x7
 333 0072 43010000 		.4byte	.LASF8
 334 0076 04       		.uleb128 0x4
 335 0077 04       		.byte	0x4
 336 0078 07       		.byte	0x7
 337 0079 9C010000 		.4byte	.LASF9
 338 007d 05       		.uleb128 0x5
 339 007e 04       		.byte	0x4
 340 007f 06       		.uleb128 0x6
 341 0080 04       		.byte	0x4
 342 0081 85000000 		.4byte	0x85
 343 0085 07       		.uleb128 0x7
 344 0086 04       		.uleb128 0x4
 345 0087 01       		.byte	0x1
ARM GAS  C:\Users\gizmo\AppData\Local\Temp\ccQosWzb.s 			page 12


 346 0088 08       		.byte	0x8
 347 0089 B3010000 		.4byte	.LASF10
 348 008d 03       		.uleb128 0x3
 349 008e 6C000000 		.4byte	.LASF12
 350 0092 03       		.byte	0x3
 351 0093 C2       		.byte	0xc2
 352 0094 45000000 		.4byte	0x45
 353 0098 03       		.uleb128 0x3
 354 0099 13010000 		.4byte	.LASF13
 355 009d 03       		.byte	0x3
 356 009e C3       		.byte	0xc3
 357 009f 53000000 		.4byte	0x53
 358 00a3 03       		.uleb128 0x3
 359 00a4 1A010000 		.4byte	.LASF14
 360 00a8 03       		.byte	0x3
 361 00a9 C4       		.byte	0xc4
 362 00aa 61000000 		.4byte	0x61
 363 00ae 04       		.uleb128 0x4
 364 00af 04       		.byte	0x4
 365 00b0 04       		.byte	0x4
 366 00b1 4A000000 		.4byte	.LASF15
 367 00b5 04       		.uleb128 0x4
 368 00b6 08       		.byte	0x8
 369 00b7 04       		.byte	0x4
 370 00b8 91000000 		.4byte	.LASF16
 371 00bc 08       		.uleb128 0x8
 372 00bd 55000000 		.4byte	.LASF17
 373 00c1 03       		.byte	0x3
 374 00c2 6C01     		.2byte	0x16c
 375 00c4 C8000000 		.4byte	0xc8
 376 00c8 09       		.uleb128 0x9
 377 00c9 8D000000 		.4byte	0x8d
 378 00cd 08       		.uleb128 0x8
 379 00ce 00000000 		.4byte	.LASF18
 380 00d2 03       		.byte	0x3
 381 00d3 6E01     		.2byte	0x16e
 382 00d5 D9000000 		.4byte	0xd9
 383 00d9 09       		.uleb128 0x9
 384 00da A3000000 		.4byte	0xa3
 385 00de 08       		.uleb128 0x8
 386 00df 5A010000 		.4byte	.LASF19
 387 00e3 03       		.byte	0x3
 388 00e4 7E01     		.2byte	0x17e
 389 00e6 7F000000 		.4byte	0x7f
 390 00ea 0A       		.uleb128 0xa
 391 00eb 72000000 		.4byte	.LASF20
 392 00ef 01       		.byte	0x1
 393 00f0 3B       		.byte	0x3b
 394 00f1 00000000 		.4byte	.LFB0
 395 00f5 0C000000 		.4byte	.LFE0-.LFB0
 396 00f9 01       		.uleb128 0x1
 397 00fa 9C       		.byte	0x9c
 398 00fb 37010000 		.4byte	0x137
 399 00ff 0B       		.uleb128 0xb
 400 0100 7300     		.ascii	"s\000"
 401 0102 01       		.byte	0x1
 402 0103 3B       		.byte	0x3b
ARM GAS  C:\Users\gizmo\AppData\Local\Temp\ccQosWzb.s 			page 13


 403 0104 7D000000 		.4byte	0x7d
 404 0108 00000000 		.4byte	.LLST0
 405 010c 0B       		.uleb128 0xb
 406 010d 6E00     		.ascii	"n\000"
 407 010f 01       		.byte	0x1
 408 0110 3B       		.byte	0x3b
 409 0111 2C000000 		.4byte	0x2c
 410 0115 21000000 		.4byte	.LLST1
 411 0119 0C       		.uleb128 0xc
 412 011a 0A000000 		.4byte	.LVL2
 413 011e 3B020000 		.4byte	0x23b
 414 0122 0D       		.uleb128 0xd
 415 0123 01       		.uleb128 0x1
 416 0124 52       		.byte	0x52
 417 0125 03       		.uleb128 0x3
 418 0126 F3       		.byte	0xf3
 419 0127 01       		.uleb128 0x1
 420 0128 51       		.byte	0x51
 421 0129 0D       		.uleb128 0xd
 422 012a 01       		.uleb128 0x1
 423 012b 51       		.byte	0x51
 424 012c 01       		.uleb128 0x1
 425 012d 30       		.byte	0x30
 426 012e 0D       		.uleb128 0xd
 427 012f 01       		.uleb128 0x1
 428 0130 50       		.byte	0x50
 429 0131 03       		.uleb128 0x3
 430 0132 F3       		.byte	0xf3
 431 0133 01       		.uleb128 0x1
 432 0134 50       		.byte	0x50
 433 0135 00       		.byte	0
 434 0136 00       		.byte	0
 435 0137 0A       		.uleb128 0xa
 436 0138 2C000000 		.4byte	.LASF21
 437 013c 01       		.byte	0x1
 438 013d 90       		.byte	0x90
 439 013e 00000000 		.4byte	.LFB3
 440 0142 84000000 		.4byte	.LFE3-.LFB3
 441 0146 01       		.uleb128 0x1
 442 0147 9C       		.byte	0x9c
 443 0148 83010000 		.4byte	0x183
 444 014c 0E       		.uleb128 0xe
 445 014d 14000000 		.4byte	.LVL3
 446 0151 58020000 		.4byte	0x258
 447 0155 60010000 		.4byte	0x160
 448 0159 0D       		.uleb128 0xd
 449 015a 01       		.uleb128 0x1
 450 015b 50       		.byte	0x50
 451 015c 02       		.uleb128 0x2
 452 015d 08       		.byte	0x8
 453 015e 30       		.byte	0x30
 454 015f 00       		.byte	0
 455 0160 0E       		.uleb128 0xe
 456 0161 44000000 		.4byte	.LVL4
 457 0165 69020000 		.4byte	0x269
 458 0169 73010000 		.4byte	0x173
 459 016d 0D       		.uleb128 0xd
ARM GAS  C:\Users\gizmo\AppData\Local\Temp\ccQosWzb.s 			page 14


 460 016e 01       		.uleb128 0x1
 461 016f 50       		.byte	0x50
 462 0170 01       		.uleb128 0x1
 463 0171 39       		.byte	0x39
 464 0172 00       		.byte	0
 465 0173 0C       		.uleb128 0xc
 466 0174 4A000000 		.4byte	.LVL5
 467 0178 83020000 		.4byte	0x283
 468 017c 0D       		.uleb128 0xd
 469 017d 01       		.uleb128 0x1
 470 017e 50       		.byte	0x50
 471 017f 01       		.uleb128 0x1
 472 0180 39       		.byte	0x39
 473 0181 00       		.byte	0
 474 0182 00       		.byte	0
 475 0183 0F       		.uleb128 0xf
 476 0184 2E010000 		.4byte	.LASF31
 477 0188 01       		.byte	0x1
 478 0189 DC       		.byte	0xdc
 479 018a 84000000 		.4byte	.LFB5
 480 018e B4000000 		.4byte	.LFE5-.LFB5
 481 0192 01       		.uleb128 0x1
 482 0193 9C       		.byte	0x9c
 483 0194 3B020000 		.4byte	0x23b
 484 0198 10       		.uleb128 0x10
 485 0199 88000000 		.4byte	.LBB2
 486 019d 62000000 		.4byte	.LBE2-.LBB2
 487 01a1 31020000 		.4byte	0x231
 488 01a5 11       		.uleb128 0x11
 489 01a6 06       		.byte	0x6
 490 01a7 01       		.byte	0x1
 491 01a8 E3       		.byte	0xe3
 492 01a9 C6010000 		.4byte	0x1c6
 493 01ad 12       		.uleb128 0x12
 494 01ae 3B010000 		.4byte	.LASF22
 495 01b2 01       		.byte	0x1
 496 01b3 E4       		.byte	0xe4
 497 01b4 7D000000 		.4byte	0x7d
 498 01b8 00       		.byte	0
 499 01b9 12       		.uleb128 0x12
 500 01ba 50000000 		.4byte	.LASF23
 501 01be 01       		.byte	0x1
 502 01bf E5       		.byte	0xe5
 503 01c0 98000000 		.4byte	0x98
 504 01c4 04       		.byte	0x4
 505 01c5 00       		.byte	0
 506 01c6 03       		.uleb128 0x3
 507 01c7 67010000 		.4byte	.LASF24
 508 01cb 01       		.byte	0x1
 509 01cc E6       		.byte	0xe6
 510 01cd A5010000 		.4byte	0x1a5
 511 01d1 13       		.uleb128 0x13
 512 01d2 C6010000 		.4byte	0x1c6
 513 01d6 E1010000 		.4byte	0x1e1
 514 01da 14       		.uleb128 0x14
 515 01db 76000000 		.4byte	0x76
 516 01df 01       		.byte	0x1
ARM GAS  C:\Users\gizmo\AppData\Local\Temp\ccQosWzb.s 			page 15


 517 01e0 00       		.byte	0
 518 01e1 15       		.uleb128 0x15
 519 01e2 1C000000 		.4byte	.LASF25
 520 01e6 01       		.byte	0x1
 521 01e7 E8       		.byte	0xe8
 522 01e8 F2010000 		.4byte	0x1f2
 523 01ec 05       		.uleb128 0x5
 524 01ed 03       		.byte	0x3
 525 01ee 00000000 		.4byte	cfg_memset_list.4714
 526 01f2 16       		.uleb128 0x16
 527 01f3 D1010000 		.4byte	0x1d1
 528 01f7 17       		.uleb128 0x17
 529 01f8 6900     		.ascii	"i\000"
 530 01fa 01       		.byte	0x1
 531 01fb EE       		.byte	0xee
 532 01fc 8D000000 		.4byte	0x8d
 533 0200 4D000000 		.4byte	.LLST2
 534 0204 18       		.uleb128 0x18
 535 0205 8C000000 		.4byte	.LBB3
 536 0209 1E000000 		.4byte	.LBE3-.LBB3
 537 020d 17       		.uleb128 0x17
 538 020e 6D7300   		.ascii	"ms\000"
 539 0211 01       		.byte	0x1
 540 0212 F3       		.byte	0xf3
 541 0213 1B020000 		.4byte	0x21b
 542 0217 77000000 		.4byte	.LLST3
 543 021b 06       		.uleb128 0x6
 544 021c 04       		.byte	0x4
 545 021d 21020000 		.4byte	0x221
 546 0221 16       		.uleb128 0x16
 547 0222 C6010000 		.4byte	0x1c6
 548 0226 19       		.uleb128 0x19
 549 0227 AA000000 		.4byte	.LVL8
 550 022b EA000000 		.4byte	0xea
 551 022f 00       		.byte	0
 552 0230 00       		.byte	0
 553 0231 19       		.uleb128 0x19
 554 0232 08010000 		.4byte	.LVL11
 555 0236 37010000 		.4byte	0x137
 556 023a 00       		.byte	0
 557 023b 1A       		.uleb128 0x1a
 558 023c 8A000000 		.4byte	.LASF26
 559 0240 7D000000 		.4byte	0x7d
 560 0244 58020000 		.4byte	0x258
 561 0248 1B       		.uleb128 0x1b
 562 0249 7D000000 		.4byte	0x7d
 563 024d 1B       		.uleb128 0x1b
 564 024e 25000000 		.4byte	0x25
 565 0252 1B       		.uleb128 0x1b
 566 0253 76000000 		.4byte	0x76
 567 0257 00       		.byte	0
 568 0258 1C       		.uleb128 0x1c
 569 0259 50020000 		.4byte	.LASF27
 570 025d 04       		.byte	0x4
 571 025e 31       		.byte	0x31
 572 025f 69020000 		.4byte	0x269
 573 0263 1B       		.uleb128 0x1b
ARM GAS  C:\Users\gizmo\AppData\Local\Temp\ccQosWzb.s 			page 16


 574 0264 A3000000 		.4byte	0xa3
 575 0268 00       		.byte	0
 576 0269 1D       		.uleb128 0x1d
 577 026a 0D000000 		.4byte	.LASF32
 578 026e 04       		.byte	0x4
 579 026f 46       		.byte	0x46
 580 0270 DE000000 		.4byte	0xde
 581 0274 83020000 		.4byte	0x283
 582 0278 1B       		.uleb128 0x1b
 583 0279 8D000000 		.4byte	0x8d
 584 027d 1B       		.uleb128 0x1b
 585 027e DE000000 		.4byte	0xde
 586 0282 00       		.byte	0
 587 0283 1E       		.uleb128 0x1e
 588 0284 98000000 		.4byte	.LASF33
 589 0288 04       		.byte	0x4
 590 0289 4C       		.byte	0x4c
 591 028a 1B       		.uleb128 0x1b
 592 028b 8D000000 		.4byte	0x8d
 593 028f 00       		.byte	0
 594 0290 00       		.byte	0
 595              		.section	.debug_abbrev,"",%progbits
 596              	.Ldebug_abbrev0:
 597 0000 01       		.uleb128 0x1
 598 0001 11       		.uleb128 0x11
 599 0002 01       		.byte	0x1
 600 0003 25       		.uleb128 0x25
 601 0004 0E       		.uleb128 0xe
 602 0005 13       		.uleb128 0x13
 603 0006 0B       		.uleb128 0xb
 604 0007 03       		.uleb128 0x3
 605 0008 0E       		.uleb128 0xe
 606 0009 1B       		.uleb128 0x1b
 607 000a 0E       		.uleb128 0xe
 608 000b 55       		.uleb128 0x55
 609 000c 17       		.uleb128 0x17
 610 000d 11       		.uleb128 0x11
 611 000e 01       		.uleb128 0x1
 612 000f 10       		.uleb128 0x10
 613 0010 17       		.uleb128 0x17
 614 0011 00       		.byte	0
 615 0012 00       		.byte	0
 616 0013 02       		.uleb128 0x2
 617 0014 24       		.uleb128 0x24
 618 0015 00       		.byte	0
 619 0016 0B       		.uleb128 0xb
 620 0017 0B       		.uleb128 0xb
 621 0018 3E       		.uleb128 0x3e
 622 0019 0B       		.uleb128 0xb
 623 001a 03       		.uleb128 0x3
 624 001b 08       		.uleb128 0x8
 625 001c 00       		.byte	0
 626 001d 00       		.byte	0
 627 001e 03       		.uleb128 0x3
 628 001f 16       		.uleb128 0x16
 629 0020 00       		.byte	0
 630 0021 03       		.uleb128 0x3
ARM GAS  C:\Users\gizmo\AppData\Local\Temp\ccQosWzb.s 			page 17


 631 0022 0E       		.uleb128 0xe
 632 0023 3A       		.uleb128 0x3a
 633 0024 0B       		.uleb128 0xb
 634 0025 3B       		.uleb128 0x3b
 635 0026 0B       		.uleb128 0xb
 636 0027 49       		.uleb128 0x49
 637 0028 13       		.uleb128 0x13
 638 0029 00       		.byte	0
 639 002a 00       		.byte	0
 640 002b 04       		.uleb128 0x4
 641 002c 24       		.uleb128 0x24
 642 002d 00       		.byte	0
 643 002e 0B       		.uleb128 0xb
 644 002f 0B       		.uleb128 0xb
 645 0030 3E       		.uleb128 0x3e
 646 0031 0B       		.uleb128 0xb
 647 0032 03       		.uleb128 0x3
 648 0033 0E       		.uleb128 0xe
 649 0034 00       		.byte	0
 650 0035 00       		.byte	0
 651 0036 05       		.uleb128 0x5
 652 0037 0F       		.uleb128 0xf
 653 0038 00       		.byte	0
 654 0039 0B       		.uleb128 0xb
 655 003a 0B       		.uleb128 0xb
 656 003b 00       		.byte	0
 657 003c 00       		.byte	0
 658 003d 06       		.uleb128 0x6
 659 003e 0F       		.uleb128 0xf
 660 003f 00       		.byte	0
 661 0040 0B       		.uleb128 0xb
 662 0041 0B       		.uleb128 0xb
 663 0042 49       		.uleb128 0x49
 664 0043 13       		.uleb128 0x13
 665 0044 00       		.byte	0
 666 0045 00       		.byte	0
 667 0046 07       		.uleb128 0x7
 668 0047 15       		.uleb128 0x15
 669 0048 00       		.byte	0
 670 0049 27       		.uleb128 0x27
 671 004a 19       		.uleb128 0x19
 672 004b 00       		.byte	0
 673 004c 00       		.byte	0
 674 004d 08       		.uleb128 0x8
 675 004e 16       		.uleb128 0x16
 676 004f 00       		.byte	0
 677 0050 03       		.uleb128 0x3
 678 0051 0E       		.uleb128 0xe
 679 0052 3A       		.uleb128 0x3a
 680 0053 0B       		.uleb128 0xb
 681 0054 3B       		.uleb128 0x3b
 682 0055 05       		.uleb128 0x5
 683 0056 49       		.uleb128 0x49
 684 0057 13       		.uleb128 0x13
 685 0058 00       		.byte	0
 686 0059 00       		.byte	0
 687 005a 09       		.uleb128 0x9
ARM GAS  C:\Users\gizmo\AppData\Local\Temp\ccQosWzb.s 			page 18


 688 005b 35       		.uleb128 0x35
 689 005c 00       		.byte	0
 690 005d 49       		.uleb128 0x49
 691 005e 13       		.uleb128 0x13
 692 005f 00       		.byte	0
 693 0060 00       		.byte	0
 694 0061 0A       		.uleb128 0xa
 695 0062 2E       		.uleb128 0x2e
 696 0063 01       		.byte	0x1
 697 0064 03       		.uleb128 0x3
 698 0065 0E       		.uleb128 0xe
 699 0066 3A       		.uleb128 0x3a
 700 0067 0B       		.uleb128 0xb
 701 0068 3B       		.uleb128 0x3b
 702 0069 0B       		.uleb128 0xb
 703 006a 27       		.uleb128 0x27
 704 006b 19       		.uleb128 0x19
 705 006c 11       		.uleb128 0x11
 706 006d 01       		.uleb128 0x1
 707 006e 12       		.uleb128 0x12
 708 006f 06       		.uleb128 0x6
 709 0070 40       		.uleb128 0x40
 710 0071 18       		.uleb128 0x18
 711 0072 9742     		.uleb128 0x2117
 712 0074 19       		.uleb128 0x19
 713 0075 01       		.uleb128 0x1
 714 0076 13       		.uleb128 0x13
 715 0077 00       		.byte	0
 716 0078 00       		.byte	0
 717 0079 0B       		.uleb128 0xb
 718 007a 05       		.uleb128 0x5
 719 007b 00       		.byte	0
 720 007c 03       		.uleb128 0x3
 721 007d 08       		.uleb128 0x8
 722 007e 3A       		.uleb128 0x3a
 723 007f 0B       		.uleb128 0xb
 724 0080 3B       		.uleb128 0x3b
 725 0081 0B       		.uleb128 0xb
 726 0082 49       		.uleb128 0x49
 727 0083 13       		.uleb128 0x13
 728 0084 02       		.uleb128 0x2
 729 0085 17       		.uleb128 0x17
 730 0086 00       		.byte	0
 731 0087 00       		.byte	0
 732 0088 0C       		.uleb128 0xc
 733 0089 898201   		.uleb128 0x4109
 734 008c 01       		.byte	0x1
 735 008d 11       		.uleb128 0x11
 736 008e 01       		.uleb128 0x1
 737 008f 31       		.uleb128 0x31
 738 0090 13       		.uleb128 0x13
 739 0091 00       		.byte	0
 740 0092 00       		.byte	0
 741 0093 0D       		.uleb128 0xd
 742 0094 8A8201   		.uleb128 0x410a
 743 0097 00       		.byte	0
 744 0098 02       		.uleb128 0x2
ARM GAS  C:\Users\gizmo\AppData\Local\Temp\ccQosWzb.s 			page 19


 745 0099 18       		.uleb128 0x18
 746 009a 9142     		.uleb128 0x2111
 747 009c 18       		.uleb128 0x18
 748 009d 00       		.byte	0
 749 009e 00       		.byte	0
 750 009f 0E       		.uleb128 0xe
 751 00a0 898201   		.uleb128 0x4109
 752 00a3 01       		.byte	0x1
 753 00a4 11       		.uleb128 0x11
 754 00a5 01       		.uleb128 0x1
 755 00a6 31       		.uleb128 0x31
 756 00a7 13       		.uleb128 0x13
 757 00a8 01       		.uleb128 0x1
 758 00a9 13       		.uleb128 0x13
 759 00aa 00       		.byte	0
 760 00ab 00       		.byte	0
 761 00ac 0F       		.uleb128 0xf
 762 00ad 2E       		.uleb128 0x2e
 763 00ae 01       		.byte	0x1
 764 00af 3F       		.uleb128 0x3f
 765 00b0 19       		.uleb128 0x19
 766 00b1 03       		.uleb128 0x3
 767 00b2 0E       		.uleb128 0xe
 768 00b3 3A       		.uleb128 0x3a
 769 00b4 0B       		.uleb128 0xb
 770 00b5 3B       		.uleb128 0x3b
 771 00b6 0B       		.uleb128 0xb
 772 00b7 27       		.uleb128 0x27
 773 00b8 19       		.uleb128 0x19
 774 00b9 11       		.uleb128 0x11
 775 00ba 01       		.uleb128 0x1
 776 00bb 12       		.uleb128 0x12
 777 00bc 06       		.uleb128 0x6
 778 00bd 40       		.uleb128 0x40
 779 00be 18       		.uleb128 0x18
 780 00bf 9742     		.uleb128 0x2117
 781 00c1 19       		.uleb128 0x19
 782 00c2 01       		.uleb128 0x1
 783 00c3 13       		.uleb128 0x13
 784 00c4 00       		.byte	0
 785 00c5 00       		.byte	0
 786 00c6 10       		.uleb128 0x10
 787 00c7 0B       		.uleb128 0xb
 788 00c8 01       		.byte	0x1
 789 00c9 11       		.uleb128 0x11
 790 00ca 01       		.uleb128 0x1
 791 00cb 12       		.uleb128 0x12
 792 00cc 06       		.uleb128 0x6
 793 00cd 01       		.uleb128 0x1
 794 00ce 13       		.uleb128 0x13
 795 00cf 00       		.byte	0
 796 00d0 00       		.byte	0
 797 00d1 11       		.uleb128 0x11
 798 00d2 13       		.uleb128 0x13
 799 00d3 01       		.byte	0x1
 800 00d4 0B       		.uleb128 0xb
 801 00d5 0B       		.uleb128 0xb
ARM GAS  C:\Users\gizmo\AppData\Local\Temp\ccQosWzb.s 			page 20


 802 00d6 3A       		.uleb128 0x3a
 803 00d7 0B       		.uleb128 0xb
 804 00d8 3B       		.uleb128 0x3b
 805 00d9 0B       		.uleb128 0xb
 806 00da 01       		.uleb128 0x1
 807 00db 13       		.uleb128 0x13
 808 00dc 00       		.byte	0
 809 00dd 00       		.byte	0
 810 00de 12       		.uleb128 0x12
 811 00df 0D       		.uleb128 0xd
 812 00e0 00       		.byte	0
 813 00e1 03       		.uleb128 0x3
 814 00e2 0E       		.uleb128 0xe
 815 00e3 3A       		.uleb128 0x3a
 816 00e4 0B       		.uleb128 0xb
 817 00e5 3B       		.uleb128 0x3b
 818 00e6 0B       		.uleb128 0xb
 819 00e7 49       		.uleb128 0x49
 820 00e8 13       		.uleb128 0x13
 821 00e9 38       		.uleb128 0x38
 822 00ea 0B       		.uleb128 0xb
 823 00eb 00       		.byte	0
 824 00ec 00       		.byte	0
 825 00ed 13       		.uleb128 0x13
 826 00ee 01       		.uleb128 0x1
 827 00ef 01       		.byte	0x1
 828 00f0 49       		.uleb128 0x49
 829 00f1 13       		.uleb128 0x13
 830 00f2 01       		.uleb128 0x1
 831 00f3 13       		.uleb128 0x13
 832 00f4 00       		.byte	0
 833 00f5 00       		.byte	0
 834 00f6 14       		.uleb128 0x14
 835 00f7 21       		.uleb128 0x21
 836 00f8 00       		.byte	0
 837 00f9 49       		.uleb128 0x49
 838 00fa 13       		.uleb128 0x13
 839 00fb 2F       		.uleb128 0x2f
 840 00fc 0B       		.uleb128 0xb
 841 00fd 00       		.byte	0
 842 00fe 00       		.byte	0
 843 00ff 15       		.uleb128 0x15
 844 0100 34       		.uleb128 0x34
 845 0101 00       		.byte	0
 846 0102 03       		.uleb128 0x3
 847 0103 0E       		.uleb128 0xe
 848 0104 3A       		.uleb128 0x3a
 849 0105 0B       		.uleb128 0xb
 850 0106 3B       		.uleb128 0x3b
 851 0107 0B       		.uleb128 0xb
 852 0108 49       		.uleb128 0x49
 853 0109 13       		.uleb128 0x13
 854 010a 02       		.uleb128 0x2
 855 010b 18       		.uleb128 0x18
 856 010c 00       		.byte	0
 857 010d 00       		.byte	0
 858 010e 16       		.uleb128 0x16
ARM GAS  C:\Users\gizmo\AppData\Local\Temp\ccQosWzb.s 			page 21


 859 010f 26       		.uleb128 0x26
 860 0110 00       		.byte	0
 861 0111 49       		.uleb128 0x49
 862 0112 13       		.uleb128 0x13
 863 0113 00       		.byte	0
 864 0114 00       		.byte	0
 865 0115 17       		.uleb128 0x17
 866 0116 34       		.uleb128 0x34
 867 0117 00       		.byte	0
 868 0118 03       		.uleb128 0x3
 869 0119 08       		.uleb128 0x8
 870 011a 3A       		.uleb128 0x3a
 871 011b 0B       		.uleb128 0xb
 872 011c 3B       		.uleb128 0x3b
 873 011d 0B       		.uleb128 0xb
 874 011e 49       		.uleb128 0x49
 875 011f 13       		.uleb128 0x13
 876 0120 02       		.uleb128 0x2
 877 0121 17       		.uleb128 0x17
 878 0122 00       		.byte	0
 879 0123 00       		.byte	0
 880 0124 18       		.uleb128 0x18
 881 0125 0B       		.uleb128 0xb
 882 0126 01       		.byte	0x1
 883 0127 11       		.uleb128 0x11
 884 0128 01       		.uleb128 0x1
 885 0129 12       		.uleb128 0x12
 886 012a 06       		.uleb128 0x6
 887 012b 00       		.byte	0
 888 012c 00       		.byte	0
 889 012d 19       		.uleb128 0x19
 890 012e 898201   		.uleb128 0x4109
 891 0131 00       		.byte	0
 892 0132 11       		.uleb128 0x11
 893 0133 01       		.uleb128 0x1
 894 0134 31       		.uleb128 0x31
 895 0135 13       		.uleb128 0x13
 896 0136 00       		.byte	0
 897 0137 00       		.byte	0
 898 0138 1A       		.uleb128 0x1a
 899 0139 2E       		.uleb128 0x2e
 900 013a 01       		.byte	0x1
 901 013b 3F       		.uleb128 0x3f
 902 013c 19       		.uleb128 0x19
 903 013d 03       		.uleb128 0x3
 904 013e 0E       		.uleb128 0xe
 905 013f 27       		.uleb128 0x27
 906 0140 19       		.uleb128 0x19
 907 0141 49       		.uleb128 0x49
 908 0142 13       		.uleb128 0x13
 909 0143 34       		.uleb128 0x34
 910 0144 19       		.uleb128 0x19
 911 0145 3C       		.uleb128 0x3c
 912 0146 19       		.uleb128 0x19
 913 0147 01       		.uleb128 0x1
 914 0148 13       		.uleb128 0x13
 915 0149 00       		.byte	0
ARM GAS  C:\Users\gizmo\AppData\Local\Temp\ccQosWzb.s 			page 22


 916 014a 00       		.byte	0
 917 014b 1B       		.uleb128 0x1b
 918 014c 05       		.uleb128 0x5
 919 014d 00       		.byte	0
 920 014e 49       		.uleb128 0x49
 921 014f 13       		.uleb128 0x13
 922 0150 00       		.byte	0
 923 0151 00       		.byte	0
 924 0152 1C       		.uleb128 0x1c
 925 0153 2E       		.uleb128 0x2e
 926 0154 01       		.byte	0x1
 927 0155 3F       		.uleb128 0x3f
 928 0156 19       		.uleb128 0x19
 929 0157 03       		.uleb128 0x3
 930 0158 0E       		.uleb128 0xe
 931 0159 3A       		.uleb128 0x3a
 932 015a 0B       		.uleb128 0xb
 933 015b 3B       		.uleb128 0x3b
 934 015c 0B       		.uleb128 0xb
 935 015d 27       		.uleb128 0x27
 936 015e 19       		.uleb128 0x19
 937 015f 3C       		.uleb128 0x3c
 938 0160 19       		.uleb128 0x19
 939 0161 01       		.uleb128 0x1
 940 0162 13       		.uleb128 0x13
 941 0163 00       		.byte	0
 942 0164 00       		.byte	0
 943 0165 1D       		.uleb128 0x1d
 944 0166 2E       		.uleb128 0x2e
 945 0167 01       		.byte	0x1
 946 0168 3F       		.uleb128 0x3f
 947 0169 19       		.uleb128 0x19
 948 016a 03       		.uleb128 0x3
 949 016b 0E       		.uleb128 0xe
 950 016c 3A       		.uleb128 0x3a
 951 016d 0B       		.uleb128 0xb
 952 016e 3B       		.uleb128 0x3b
 953 016f 0B       		.uleb128 0xb
 954 0170 27       		.uleb128 0x27
 955 0171 19       		.uleb128 0x19
 956 0172 49       		.uleb128 0x49
 957 0173 13       		.uleb128 0x13
 958 0174 3C       		.uleb128 0x3c
 959 0175 19       		.uleb128 0x19
 960 0176 01       		.uleb128 0x1
 961 0177 13       		.uleb128 0x13
 962 0178 00       		.byte	0
 963 0179 00       		.byte	0
 964 017a 1E       		.uleb128 0x1e
 965 017b 2E       		.uleb128 0x2e
 966 017c 01       		.byte	0x1
 967 017d 3F       		.uleb128 0x3f
 968 017e 19       		.uleb128 0x19
 969 017f 03       		.uleb128 0x3
 970 0180 0E       		.uleb128 0xe
 971 0181 3A       		.uleb128 0x3a
 972 0182 0B       		.uleb128 0xb
ARM GAS  C:\Users\gizmo\AppData\Local\Temp\ccQosWzb.s 			page 23


 973 0183 3B       		.uleb128 0x3b
 974 0184 0B       		.uleb128 0xb
 975 0185 27       		.uleb128 0x27
 976 0186 19       		.uleb128 0x19
 977 0187 3C       		.uleb128 0x3c
 978 0188 19       		.uleb128 0x19
 979 0189 00       		.byte	0
 980 018a 00       		.byte	0
 981 018b 00       		.byte	0
 982              		.section	.debug_loc,"",%progbits
 983              	.Ldebug_loc0:
 984              	.LLST0:
 985 0000 00000000 		.4byte	.LVL0
 986 0004 09000000 		.4byte	.LVL2-1
 987 0008 0100     		.2byte	0x1
 988 000a 50       		.byte	0x50
 989 000b 09000000 		.4byte	.LVL2-1
 990 000f 0C000000 		.4byte	.LFE0
 991 0013 0400     		.2byte	0x4
 992 0015 F3       		.byte	0xf3
 993 0016 01       		.uleb128 0x1
 994 0017 50       		.byte	0x50
 995 0018 9F       		.byte	0x9f
 996 0019 00000000 		.4byte	0
 997 001d 00000000 		.4byte	0
 998              	.LLST1:
 999 0021 00000000 		.4byte	.LVL0
 1000 0025 06000000 		.4byte	.LVL1
 1001 0029 0100     		.2byte	0x1
 1002 002b 51       		.byte	0x51
 1003 002c 06000000 		.4byte	.LVL1
 1004 0030 09000000 		.4byte	.LVL2-1
 1005 0034 0100     		.2byte	0x1
 1006 0036 52       		.byte	0x52
 1007 0037 09000000 		.4byte	.LVL2-1
 1008 003b 0C000000 		.4byte	.LFE0
 1009 003f 0400     		.2byte	0x4
 1010 0041 F3       		.byte	0xf3
 1011 0042 01       		.uleb128 0x1
 1012 0043 51       		.byte	0x51
 1013 0044 9F       		.byte	0x9f
 1014 0045 00000000 		.4byte	0
 1015 0049 00000000 		.4byte	0
 1016              	.LLST2:
 1017 004d 88000000 		.4byte	.LVL6
 1018 0051 8C000000 		.4byte	.LVL7
 1019 0055 0200     		.2byte	0x2
 1020 0057 30       		.byte	0x30
 1021 0058 9F       		.byte	0x9f
 1022 0059 8C000000 		.4byte	.LVL7
 1023 005d AC000000 		.4byte	.LVL9
 1024 0061 0100     		.2byte	0x1
 1025 0063 54       		.byte	0x54
 1026 0064 AE000000 		.4byte	.LVL10
 1027 0068 08010000 		.4byte	.LVL12
 1028 006c 0100     		.2byte	0x1
 1029 006e 54       		.byte	0x54
ARM GAS  C:\Users\gizmo\AppData\Local\Temp\ccQosWzb.s 			page 24


 1030 006f 00000000 		.4byte	0
 1031 0073 00000000 		.4byte	0
 1032              	.LLST3:
 1033 0077 8C000000 		.4byte	.LVL7
 1034 007b AC000000 		.4byte	.LVL9
 1035 007f 0B00     		.2byte	0xb
 1036 0081 74       		.byte	0x74
 1037 0082 00       		.sleb128 0
 1038 0083 36       		.byte	0x36
 1039 0084 1E       		.byte	0x1e
 1040 0085 03       		.byte	0x3
 1041 0086 00000000 		.4byte	cfg_memset_list.4714
 1042 008a 22       		.byte	0x22
 1043 008b 9F       		.byte	0x9f
 1044 008c AC000000 		.4byte	.LVL9
 1045 0090 AE000000 		.4byte	.LVL10
 1046 0094 0B00     		.2byte	0xb
 1047 0096 74       		.byte	0x74
 1048 0097 7F       		.sleb128 -1
 1049 0098 36       		.byte	0x36
 1050 0099 1E       		.byte	0x1e
 1051 009a 03       		.byte	0x3
 1052 009b 00000000 		.4byte	cfg_memset_list.4714
 1053 009f 22       		.byte	0x22
 1054 00a0 9F       		.byte	0x9f
 1055 00a1 00000000 		.4byte	0
 1056 00a5 00000000 		.4byte	0
 1057              		.section	.debug_aranges,"",%progbits
 1058 0000 2C000000 		.4byte	0x2c
 1059 0004 0200     		.2byte	0x2
 1060 0006 00000000 		.4byte	.Ldebug_info0
 1061 000a 04       		.byte	0x4
 1062 000b 00       		.byte	0
 1063 000c 0000     		.2byte	0
 1064 000e 0000     		.2byte	0
 1065 0010 00000000 		.4byte	.LFB0
 1066 0014 0C000000 		.4byte	.LFE0-.LFB0
 1067 0018 00000000 		.4byte	.LFB3
 1068 001c 84000000 		.4byte	.LFE3-.LFB3
 1069 0020 84000000 		.4byte	.LFB5
 1070 0024 B4000000 		.4byte	.LFE5-.LFB5
 1071 0028 00000000 		.4byte	0
 1072 002c 00000000 		.4byte	0
 1073              		.section	.debug_ranges,"",%progbits
 1074              	.Ldebug_ranges0:
 1075 0000 00000000 		.4byte	.LFB0
 1076 0004 0C000000 		.4byte	.LFE0
 1077 0008 00000000 		.4byte	.LFB3
 1078 000c 84000000 		.4byte	.LFE3
 1079 0010 84000000 		.4byte	.LFB5
 1080 0014 38010000 		.4byte	.LFE5
 1081 0018 00000000 		.4byte	0
 1082 001c 00000000 		.4byte	0
 1083              		.section	.debug_line,"",%progbits
 1084              	.Ldebug_line0:
 1085 0000 32010000 		.section	.debug_str,"MS",%progbits,1
 1085      0200D800 
ARM GAS  C:\Users\gizmo\AppData\Local\Temp\ccQosWzb.s 			page 25


 1085      00000201 
 1085      FB0E0D00 
 1085      01010101 
 1086              	.LASF18:
 1087 0000 72656733 		.ascii	"reg32\000"
 1087      3200
 1088              	.LASF11:
 1089 0006 73697A65 		.ascii	"size_t\000"
 1089      5F7400
 1090              	.LASF32:
 1091 000d 4379496E 		.ascii	"CyIntSetVector\000"
 1091      74536574 
 1091      56656374 
 1091      6F7200
 1092              	.LASF25:
 1093 001c 6366675F 		.ascii	"cfg_memset_list\000"
 1093      6D656D73 
 1093      65745F6C 
 1093      69737400 
 1094              	.LASF21:
 1095 002c 436C6F63 		.ascii	"ClockSetup\000"
 1095      6B536574 
 1095      757000
 1096              	.LASF4:
 1097 0037 73686F72 		.ascii	"short unsigned int\000"
 1097      7420756E 
 1097      7369676E 
 1097      65642069 
 1097      6E7400
 1098              	.LASF15:
 1099 004a 666C6F61 		.ascii	"float\000"
 1099      7400
 1100              	.LASF23:
 1101 0050 73697A65 		.ascii	"size\000"
 1101      00
 1102              	.LASF17:
 1103 0055 72656738 		.ascii	"reg8\000"
 1103      00
 1104              	.LASF6:
 1105 005a 6C6F6E67 		.ascii	"long unsigned int\000"
 1105      20756E73 
 1105      69676E65 
 1105      6420696E 
 1105      7400
 1106              	.LASF12:
 1107 006c 75696E74 		.ascii	"uint8\000"
 1107      3800
 1108              	.LASF20:
 1109 0072 43594D45 		.ascii	"CYMEMZERO\000"
 1109      4D5A4552 
 1109      4F00
 1110              	.LASF2:
 1111 007c 756E7369 		.ascii	"unsigned char\000"
 1111      676E6564 
 1111      20636861 
 1111      7200
 1112              	.LASF26:
ARM GAS  C:\Users\gizmo\AppData\Local\Temp\ccQosWzb.s 			page 26


 1113 008a 6D656D73 		.ascii	"memset\000"
 1113      657400
 1114              	.LASF16:
 1115 0091 646F7562 		.ascii	"double\000"
 1115      6C6500
 1116              	.LASF33:
 1117 0098 4379496E 		.ascii	"CyIntEnable\000"
 1117      74456E61 
 1117      626C6500 
 1118              	.LASF30:
 1119 00a4 443A5C55 		.ascii	"D:\\Users\\gizmo\\Documents\\PSoC\\PSoC_Fixedpoint_"
 1119      73657273 
 1119      5C67697A 
 1119      6D6F5C44 
 1119      6F63756D 
 1120 00d2 4444535F 		.ascii	"DDS_RhythmMachine\\PSoC_Fixedpoint_DDS_RhythmMachin"
 1120      52687974 
 1120      686D4D61 
 1120      6368696E 
 1120      655C5053 
 1121 0104 655F5465 		.ascii	"e_Test01.cydsn\000"
 1121      73743031 
 1121      2E637964 
 1121      736E00
 1122              	.LASF13:
 1123 0113 75696E74 		.ascii	"uint16\000"
 1123      313600
 1124              	.LASF14:
 1125 011a 75696E74 		.ascii	"uint32\000"
 1125      333200
 1126              	.LASF0:
 1127 0121 756E7369 		.ascii	"unsigned int\000"
 1127      676E6564 
 1127      20696E74 
 1127      00
 1128              	.LASF31:
 1129 012e 63796669 		.ascii	"cyfitter_cfg\000"
 1129      74746572 
 1129      5F636667 
 1129      00
 1130              	.LASF22:
 1131 013b 61646472 		.ascii	"address\000"
 1131      65737300 
 1132              	.LASF8:
 1133 0143 6C6F6E67 		.ascii	"long long unsigned int\000"
 1133      206C6F6E 
 1133      6720756E 
 1133      7369676E 
 1133      65642069 
 1134              	.LASF19:
 1135 015a 63796973 		.ascii	"cyisraddress\000"
 1135      72616464 
 1135      72657373 
 1135      00
 1136              	.LASF24:
 1137 0167 6366675F 		.ascii	"cfg_memset_t\000"
 1137      6D656D73 
ARM GAS  C:\Users\gizmo\AppData\Local\Temp\ccQosWzb.s 			page 27


 1137      65745F74 
 1137      00
 1138              	.LASF29:
 1139 0174 2E5C4765 		.ascii	".\\Generated_Source\\PSoC4\\cyfitter_cfg.c\000"
 1139      6E657261 
 1139      7465645F 
 1139      536F7572 
 1139      63655C50 
 1140              	.LASF9:
 1141 019c 73697A65 		.ascii	"sizetype\000"
 1141      74797065 
 1141      00
 1142              	.LASF7:
 1143 01a5 6C6F6E67 		.ascii	"long long int\000"
 1143      206C6F6E 
 1143      6720696E 
 1143      7400
 1144              	.LASF10:
 1145 01b3 63686172 		.ascii	"char\000"
 1145      00
 1146              	.LASF28:
 1147 01b8 474E5520 		.ascii	"GNU C 4.9.3 20150303 (release) [ARM/embedded-4_9-br"
 1147      4320342E 
 1147      392E3320 
 1147      32303135 
 1147      30333033 
 1148 01eb 616E6368 		.ascii	"anch revision 221220] -mcpu=cortex-m0 -mthumb -g -O"
 1148      20726576 
 1148      6973696F 
 1148      6E203232 
 1148      31323230 
 1149 021e 67202D66 		.ascii	"g -ffunction-sections -ffat-lto-objects\000"
 1149      66756E63 
 1149      74696F6E 
 1149      2D736563 
 1149      74696F6E 
 1150              	.LASF3:
 1151 0246 73686F72 		.ascii	"short int\000"
 1151      7420696E 
 1151      7400
 1152              	.LASF27:
 1153 0250 43795379 		.ascii	"CySysClkWriteImoFreq\000"
 1153      73436C6B 
 1153      57726974 
 1153      65496D6F 
 1153      46726571 
 1154              	.LASF5:
 1155 0265 6C6F6E67 		.ascii	"long int\000"
 1155      20696E74 
 1155      00
 1156              	.LASF1:
 1157 026e 7369676E 		.ascii	"signed char\000"
 1157      65642063 
 1157      68617200 
 1158              		.ident	"GCC: (GNU Tools for ARM Embedded Processors) 4.9.3 20150303 (release) [ARM/embedded-4_9-br
