Archive member included because of file (symbol)

.\CortexM0\ARM_GCC_493\Debug\PSoC_Fixedpoint_DDS_RhythmMachine_Test01.a(cyfitter_cfg.o)
                              .\CortexM0\ARM_GCC_493\Debug\Cm0Start.o (cyfitter_cfg)
.\CortexM0\ARM_GCC_493\Debug\PSoC_Fixedpoint_DDS_RhythmMachine_Test01.a(CyLib.o)
                              .\CortexM0\ARM_GCC_493\Debug\PSoC_Fixedpoint_DDS_RhythmMachine_Test01.a(cyfitter_cfg.o) (CyIntEnable)
.\CortexM0\ARM_GCC_493\Debug\PSoC_Fixedpoint_DDS_RhythmMachine_Test01.a(CyLFClk.o)
                              .\CortexM0\ARM_GCC_493\Debug\PSoC_Fixedpoint_DDS_RhythmMachine_Test01.a(cyfitter_cfg.o) (CySysWdtIsr)
.\CortexM0\ARM_GCC_493\Debug\PSoC_Fixedpoint_DDS_RhythmMachine_Test01.a(UART.o)
                              .\CortexM0\ARM_GCC_493\Debug\main.o (UART_Start)
.\CortexM0\ARM_GCC_493\Debug\PSoC_Fixedpoint_DDS_RhythmMachine_Test01.a(UART_UART.o)
                              .\CortexM0\ARM_GCC_493\Debug\PSoC_Fixedpoint_DDS_RhythmMachine_Test01.a(UART.o) (UART_UartInit)
.\CortexM0\ARM_GCC_493\Debug\PSoC_Fixedpoint_DDS_RhythmMachine_Test01.a(Timer_1.o)
                              .\CortexM0\ARM_GCC_493\Debug\main.o (Timer_1_ReadCounter)
.\CortexM0\ARM_GCC_493\Debug\PSoC_Fixedpoint_DDS_RhythmMachine_Test01.a(CyBootAsmGnu.o)
                              .\CortexM0\ARM_GCC_493\Debug\PSoC_Fixedpoint_DDS_RhythmMachine_Test01.a(CyLib.o) (CyDelayCycles)
.\CortexM0\ARM_GCC_493\Debug\PSoC_Fixedpoint_DDS_RhythmMachine_Test01.a(UART_SPI_UART.o)
                              .\CortexM0\ARM_GCC_493\Debug\PSoC_Fixedpoint_DDS_RhythmMachine_Test01.a(UART_UART.o) (UART_SpiUartReadRxData)
c:/program files (x86)/cypress/psoc creator/3.3/psoc creator/import/gnu/arm/4.9.3/bin/../lib/gcc/arm-none-eabi/4.9.3/armv6-m\libgcc.a(_udivsi3.o)
                              .\CortexM0\ARM_GCC_493\Debug\PSoC_Fixedpoint_DDS_RhythmMachine_Test01.a(CyLib.o) (__aeabi_uidiv)
c:/program files (x86)/cypress/psoc creator/3.3/psoc creator/import/gnu/arm/4.9.3/bin/../lib/gcc/arm-none-eabi/4.9.3/armv6-m\libgcc.a(_dvmd_tls.o)
                              c:/program files (x86)/cypress/psoc creator/3.3/psoc creator/import/gnu/arm/4.9.3/bin/../lib/gcc/arm-none-eabi/4.9.3/armv6-m\libgcc.a(_udivsi3.o) (__aeabi_idiv0)
c:/program files (x86)/cypress/psoc creator/3.3/psoc creator/import/gnu/arm/4.9.3/bin/../lib/gcc/arm-none-eabi/4.9.3/armv6-m\libgcc.a(_aeabi_uldivmod.o)
                              .\CortexM0\ARM_GCC_493\Debug\main.o (__aeabi_uldivmod)
c:/program files (x86)/cypress/psoc creator/3.3/psoc creator/import/gnu/arm/4.9.3/bin/../lib/gcc/arm-none-eabi/4.9.3/armv6-m\libgcc.a(_muldi3.o)
                              .\CortexM0\ARM_GCC_493\Debug\main.o (__aeabi_lmul)
c:/program files (x86)/cypress/psoc creator/3.3/psoc creator/import/gnu/arm/4.9.3/bin/../lib/gcc/arm-none-eabi/4.9.3/armv6-m\libgcc.a(_fixunsdfsi.o)
                              .\CortexM0\ARM_GCC_493\Debug\main.o (__aeabi_d2uiz)
c:/program files (x86)/cypress/psoc creator/3.3/psoc creator/import/gnu/arm/4.9.3/bin/../lib/gcc/arm-none-eabi/4.9.3/armv6-m\libgcc.a(bpabi.o)
                              c:/program files (x86)/cypress/psoc creator/3.3/psoc creator/import/gnu/arm/4.9.3/bin/../lib/gcc/arm-none-eabi/4.9.3/armv6-m\libgcc.a(_aeabi_uldivmod.o) (__gnu_uldivmod_helper)
c:/program files (x86)/cypress/psoc creator/3.3/psoc creator/import/gnu/arm/4.9.3/bin/../lib/gcc/arm-none-eabi/4.9.3/armv6-m\libgcc.a(divdf3.o)
                              .\CortexM0\ARM_GCC_493\Debug\main.o (__aeabi_ddiv)
c:/program files (x86)/cypress/psoc creator/3.3/psoc creator/import/gnu/arm/4.9.3/bin/../lib/gcc/arm-none-eabi/4.9.3/armv6-m\libgcc.a(muldf3.o)
                              .\CortexM0\ARM_GCC_493\Debug\main.o (__aeabi_dmul)
c:/program files (x86)/cypress/psoc creator/3.3/psoc creator/import/gnu/arm/4.9.3/bin/../lib/gcc/arm-none-eabi/4.9.3/armv6-m\libgcc.a(subdf3.o)
                              c:/program files (x86)/cypress/psoc creator/3.3/psoc creator/import/gnu/arm/4.9.3/bin/../lib/gcc/arm-none-eabi/4.9.3/armv6-m\libgcc.a(_fixunsdfsi.o) (__aeabi_dsub)
c:/program files (x86)/cypress/psoc creator/3.3/psoc creator/import/gnu/arm/4.9.3/bin/../lib/gcc/arm-none-eabi/4.9.3/armv6-m\libgcc.a(fixdfsi.o)
                              c:/program files (x86)/cypress/psoc creator/3.3/psoc creator/import/gnu/arm/4.9.3/bin/../lib/gcc/arm-none-eabi/4.9.3/armv6-m\libgcc.a(_fixunsdfsi.o) (__aeabi_d2iz)
c:/program files (x86)/cypress/psoc creator/3.3/psoc creator/import/gnu/arm/4.9.3/bin/../lib/gcc/arm-none-eabi/4.9.3/armv6-m\libgcc.a(_arm_cmpdf2.o)
                              c:/program files (x86)/cypress/psoc creator/3.3/psoc creator/import/gnu/arm/4.9.3/bin/../lib/gcc/arm-none-eabi/4.9.3/armv6-m\libgcc.a(_fixunsdfsi.o) (__aeabi_dcmpge)
c:/program files (x86)/cypress/psoc creator/3.3/psoc creator/import/gnu/arm/4.9.3/bin/../lib/gcc/arm-none-eabi/4.9.3/armv6-m\libgcc.a(_clzsi2.o)
[...]
Memory Configuration

Name             Origin             Length             Attributes
rom              0x00000000         0x00008000         xr
ram              0x20000000         0x00001000         xrw
*default*        0x00000000         0xffffffff

Linker script and memory map

LOAD c:/program files (x86)/cypress/psoc creator/3.3/psoc creator/import/gnu/arm/4.9.3/bin/../lib/gcc/arm-none-eabi/4.9.3/armv6-m/crti.o
LOAD c:/program files (x86)/cypress/psoc creator/3.3/psoc creator/import/gnu/arm/4.9.3/bin/../lib/gcc/arm-none-eabi/4.9.3/armv6-m/crtbegin.o
LOAD c:/program files (x86)/cypress/psoc creator/3.3/psoc creator/import/gnu/arm/4.9.3/bin/../lib/gcc/arm-none-eabi/4.9.3/../../../../arm-none-eabi/lib/armv6-m/crt0.o
START GROUP
LOAD .\CortexM0\ARM_GCC_493\Debug\main.o
LOAD .\CortexM0\ARM_GCC_493\Debug\cymetadata.o
LOAD .\CortexM0\ARM_GCC_493\Debug\Cm0Start.o
LOAD .\CortexM0\ARM_GCC_493\Debug\PSoC_Fixedpoint_DDS_RhythmMachine_Test01.a
LOAD C:\Program Files (x86)\Cypress\PSoC Creator\3.3\PSoC Creator\psoc\content\cycomponentlibrary\CyComponentLibrary.cylib\CortexM0\ARM_GCC_493\Debug\CyComponentLibrary.a
END GROUP
START GROUP
LOAD c:/program files (x86)/cypress/psoc creator/3.3/psoc creator/import/gnu/arm/4.9.3/bin/../lib/gcc/arm-none-eabi/4.9.3/armv6-m\libgcc.a
LOAD c:/program files (x86)/cypress/psoc creator/3.3/psoc creator/import/gnu/arm/4.9.3/bin/../lib/gcc/arm-none-eabi/4.9.3/../../../../arm-none-eabi/lib/armv6-m\libg_nano.a
LOAD c:/program files (x86)/cypress/psoc creator/3.3/psoc creator/import/gnu/arm/4.9.3/bin/../lib/gcc/arm-none-eabi/4.9.3/../../../../arm-none-eabi/lib/armv6-m\libc_nano.a
END GROUP
START GROUP
LOAD c:/program files (x86)/cypress/psoc creator/3.3/psoc creator/import/gnu/arm/4.9.3/bin/../lib/gcc/arm-none-eabi/4.9.3/armv6-m\libgcc.a
LOAD c:/program files (x86)/cypress/psoc creator/3.3/psoc creator/import/gnu/arm/4.9.3/bin/../lib/gcc/arm-none-eabi/4.9.3/../../../../arm-none-eabi/lib/armv6-m\libc_nano.a
END GROUP
LOAD c:/program files (x86)/cypress/psoc creator/3.3/psoc creator/import/gnu/arm/4.9.3/bin/../lib/gcc/arm-none-eabi/4.9.3/armv6-m/crtend.o
LOAD c:/program files (x86)/cypress/psoc creator/3.3/psoc creator/import/gnu/arm/4.9.3/bin/../lib/gcc/arm-none-eabi/4.9.3/armv6-m/crtn.o
START GROUP
LOAD c:/program files (x86)/cypress/psoc creator/3.3/psoc creator/import/gnu/arm/4.9.3/bin/../lib/gcc/arm-none-eabi/4.9.3/armv6-m\libgcc.a
LOAD c:/program files (x86)/cypress/psoc creator/3.3/psoc creator/import/gnu/arm/4.9.3/bin/../lib/gcc/arm-none-eabi/4.9.3/../../../../arm-none-eabi/lib/armv6-m\libc.a
LOAD c:/program files (x86)/cypress/psoc creator/3.3/psoc creator/import/gnu/arm/4.9.3/bin/../lib/gcc/arm-none-eabi/4.9.3/../../../../arm-none-eabi/lib/armv6-m\libnosys.a
END GROUP
                0x00000000                CY_APPL_ORIGIN = 0x0
                0x00000080                CY_FLASH_ROW_SIZE = 0x80
                0x00000001                CY_APPL_NUM = 0x1
                0x00000001                CY_APPL_MAX = 0x1
                0x00000040                CY_METADATA_SIZE = 0x40
                0x00000000                CY_APPL_LOADABLE = 0x0
                0x00000000                CY_CHECKSUM_EXCLUDE_SIZE = ALIGN (0x0, CY_FLASH_ROW_SIZE)
                0x00000000                CY_APP_FOR_STACK_AND_COPIER = 0x0
                0x200002d0                PROVIDE (__cy_heap_start, _end)
                0x00000001                PROVIDE (__cy_region_num, ((__cy_regions_end - __cy_regions) / 0x10))
                0x20001000                PROVIDE (__cy_stack, (ORIGIN (ram) + 0x1000))
                0x20000c00                PROVIDE (__cy_heap_end, (__cy_stack - 0x400))

.cybootloader   0x00000000        0x0
 *(.cybootloader)
                0x00000000                appl1_start = CY_APPL_ORIGIN?CY_APPL_ORIGIN:ALIGN (CY_FLASH_ROW_SIZE)
                0x00003f80                appl2_start = (appl1_start + ALIGN ((((0x8000 - appl1_start) - (0x2 * CY_FLASH_ROW_SIZE)) / 0x2), CY_FLASH_ROW_SIZE))
                0x00000000                appl_start = (CY_APPL_NUM == 0x1)?appl1_start:appl2_start
                0x00000001                cy_project_type_bootloader = (appl_start == 0x0)?0x1:0x0
                0x00000000                cy_project_type_app_for_stack_and_copier = (CY_APP_FOR_STACK_AND_COPIER == 0x1)?0x1:0x0

.text           0x00000000     0x2f98
 CREATE_OBJECT_SYMBOLS
                0x00000000                PROVIDE (__cy_interrupt_vector, RomVectors)
 *(.romvectors)
 .romvectors    0x00000000       0x10 .\CortexM0\ARM_GCC_493\Debug\Cm0Start.o
                0x00000000                RomVectors
                0x00000001                ASSERT ((. != __cy_interrupt_vector), No interrupt vector)
                0x00000001                ASSERT (CY_APPL_ORIGIN?(SIZEOF (.cybootloader) <= CY_APPL_ORIGIN):0x1, Wrong image location)
                0x00000010                PROVIDE (__cy_reset, Reset)
 *(.text.Reset)
 .text.Reset    0x00000010        0x8 .\CortexM0\ARM_GCC_493\Debug\Cm0Start.o
                0x00000010                Reset
                0x00000001                ASSERT ((. != __cy_reset), No reset code)
 *(.psocinit)
 .psocinit      0x00000018      0x138 .\CortexM0\ARM_GCC_493\Debug\PSoC_Fixedpoint_DDS_RhythmMachine_Test01.a(cyfitter_cfg.o)
                0x0000009c                cyfitter_cfg
                0x00000150                . = MAX (., 0x100)
 *(.text .text.* .gnu.linkonce.t.*)
 .text          0x00000150       0x60 c:/program files (x86)/cypress/psoc creator/3.3/psoc creator/import/gnu/arm/4.9.3/bin/../lib/gcc/arm-none-eabi/4.9.3/armv6-m/crtbegin.o
 .text.initTracks
                0x000001b0       0xf8 .\CortexM0\ARM_GCC_493\Debug\main.o
                0x000001b0                initTracks
 .text.initDDSParameter
                0x000002a8       0xa8 .\CortexM0\ARM_GCC_493\Debug\main.o
                0x000002a8                initDDSParameter
 .text.main     0x00000350      0x1c8 .\CortexM0\ARM_GCC_493\Debug\main.o
                0x00000350                main
 .text.IntDefaultHandler
                0x00000518        0x4 .\CortexM0\ARM_GCC_493\Debug\Cm0Start.o
                0x00000518                IntDefaultHandler
 .text._sbrk    0x0000051c       0x30 .\CortexM0\ARM_GCC_493\Debug\Cm0Start.o
                0x0000051c                _sbrk
 .text.Start_c  0x0000054c       0x48 .\CortexM0\ARM_GCC_493\Debug\Cm0Start.o
                0x0000054c                Start_c
 .text.initialize_psoc
                0x00000594       0x48 .\CortexM0\ARM_GCC_493\Debug\Cm0Start.o
                0x00000594                initialize_psoc
 .text.CYMEMZERO
                0x000005dc        0xc .\CortexM0\ARM_GCC_493\Debug\PSoC_Fixedpoint_DDS_RhythmMachine_Test01.a(cyfitter_cfg.o)
 .text.CyIntEnable
                0x000005e8       0x14 .\CortexM0\ARM_GCC_493\Debug\PSoC_Fixedpoint_DDS_RhythmMachine_Test01.a(CyLib.o)
                0x000005e8                CyIntEnable
 .text.CyHalt   0x000005fc        0x4 .\CortexM0\ARM_GCC_493\Debug\PSoC_Fixedpoint_DDS_RhythmMachine_Test01.a(CyLib.o)
                0x000005fc                CyHalt
 .text.CyIntSetVector
                0x00000600       0x24 .\CortexM0\ARM_GCC_493\Debug\PSoC_Fixedpoint_DDS_RhythmMachine_Test01.a(CyLib.o)
                0x00000600                CyIntSetVector
 .text.CyDelayUs
                0x00000624       0x14 .\CortexM0\ARM_GCC_493\Debug\PSoC_Fixedpoint_DDS_RhythmMachine_Test01.a(CyLib.o)
                0x00000624                CyDelayUs
 .text.CySysClkWriteImoFreq
                0x00000638      0x164 .\CortexM0\ARM_GCC_493\Debug\PSoC_Fixedpoint_DDS_RhythmMachine_Test01.a(CyLib.o)
                0x00000638                CySysClkWriteImoFreq
 .text.CySysWdtLocked
                0x0000079c       0x14 .\CortexM0\ARM_GCC_493\Debug\PSoC_Fixedpoint_DDS_RhythmMachine_Test01.a(CyLFClk.o)
 .text.CySysWdtLock
                0x000007b0       0x1c .\CortexM0\ARM_GCC_493\Debug\PSoC_Fixedpoint_DDS_RhythmMachine_Test01.a(CyLFClk.o)
                0x000007b0                CySysWdtLock
 .text.CySysWdtUnlock
                0x000007cc       0x30 .\CortexM0\ARM_GCC_493\Debug\PSoC_Fixedpoint_DDS_RhythmMachine_Test01.a(CyLFClk.o)
                0x000007cc                CySysWdtUnlock
 .text.CySysWdtClearInterrupt
                0x000007fc       0x4c .\CortexM0\ARM_GCC_493\Debug\PSoC_Fixedpoint_DDS_RhythmMachine_Test01.a(CyLFClk.o)
                0x000007fc                CySysWdtClearInterrupt
 .text.CySysWdtIsr
                0x00000848       0xa4 .\CortexM0\ARM_GCC_493\Debug\PSoC_Fixedpoint_DDS_RhythmMachine_Test01.a(CyLFClk.o)
                0x00000848                CySysWdtIsr
 .text.UART_ScbModePostEnable
                0x000008ec        0x8 .\CortexM0\ARM_GCC_493\Debug\PSoC_Fixedpoint_DDS_RhythmMachine_Test01.a(UART.o)
 .text.UART_Init
                0x000008f4        0x8 .\CortexM0\ARM_GCC_493\Debug\PSoC_Fixedpoint_DDS_RhythmMachine_Test01.a(UART.o)
                0x000008f4                UART_Init
 .text.UART_Enable
                0x000008fc       0x18 .\CortexM0\ARM_GCC_493\Debug\PSoC_Fixedpoint_DDS_RhythmMachine_Test01.a(UART.o)
                0x000008fc                UART_Enable
 .text.UART_Start
                0x00000914       0x20 .\CortexM0\ARM_GCC_493\Debug\PSoC_Fixedpoint_DDS_RhythmMachine_Test01.a(UART.o)
                0x00000914                UART_Start
 .text.UART_UartInit
                0x00000934       0x90 .\CortexM0\ARM_GCC_493\Debug\PSoC_Fixedpoint_DDS_RhythmMachine_Test01.a(UART_UART.o)
                0x00000934                UART_UartInit
 .text.UART_UartPostEnable
                0x000009c4       0x1c .\CortexM0\ARM_GCC_493\Debug\PSoC_Fixedpoint_DDS_RhythmMachine_Test01.a(UART_UART.o)
                0x000009c4                UART_UartPostEnable
 .text.UART_UartPutString
                0x000009e0       0x18 .\CortexM0\ARM_GCC_493\Debug\PSoC_Fixedpoint_DDS_RhythmMachine_Test01.a(UART_UART.o)
                0x000009e0                UART_UartPutString
 .text.Timer_1_WriteCounter
                0x000009f8       0x10 .\CortexM0\ARM_GCC_493\Debug\PSoC_Fixedpoint_DDS_RhythmMachine_Test01.a(Timer_1.o)
                0x000009f8                Timer_1_WriteCounter
 .text.Timer_1_ReadCounter
                0x00000a08       0x10 .\CortexM0\ARM_GCC_493\Debug\PSoC_Fixedpoint_DDS_RhythmMachine_Test01.a(Timer_1.o)
                0x00000a08                Timer_1_ReadCounter
 .text.Timer_1_WritePeriod
                0x00000a18       0x10 .\CortexM0\ARM_GCC_493\Debug\PSoC_Fixedpoint_DDS_RhythmMachine_Test01.a(Timer_1.o)
                0x00000a18                Timer_1_WritePeriod
 .text.Timer_1_TriggerCommand
                0x00000a28       0x1c .\CortexM0\ARM_GCC_493\Debug\PSoC_Fixedpoint_DDS_RhythmMachine_Test01.a(Timer_1.o)
                0x00000a28                Timer_1_TriggerCommand
 .text.Timer_1_Enable
                0x00000a44       0x24 .\CortexM0\ARM_GCC_493\Debug\PSoC_Fixedpoint_DDS_RhythmMachine_Test01.a(Timer_1.o)
                0x00000a44                Timer_1_Enable
 .text.Timer_1_SetInterruptMode
                0x00000a68        0xc .\CortexM0\ARM_GCC_493\Debug\PSoC_Fixedpoint_DDS_RhythmMachine_Test01.a(Timer_1.o)
                0x00000a68                Timer_1_SetInterruptMode
 .text.Timer_1_Init
                0x00000a74       0x30 .\CortexM0\ARM_GCC_493\Debug\PSoC_Fixedpoint_DDS_RhythmMachine_Test01.a(Timer_1.o)
                0x00000a74                Timer_1_Init
 .text.Timer_1_Start
                0x00000aa4       0x20 .\CortexM0\ARM_GCC_493\Debug\PSoC_Fixedpoint_DDS_RhythmMachine_Test01.a(Timer_1.o)
                0x00000aa4                Timer_1_Start
 *fill*         0x00000ac4        0x4 
 .text          0x00000ac8       0x28 .\CortexM0\ARM_GCC_493\Debug\PSoC_Fixedpoint_DDS_RhythmMachine_Test01.a(CyBootAsmGnu.o)
                0x00000ac8                CyDelayCycles
                0x00000adc                CyEnterCriticalSection
                0x00000ae4                CyExitCriticalSection
 .text.UART_SpiUartWriteTxData
                0x00000af0       0x1c .\CortexM0\ARM_GCC_493\Debug\PSoC_Fixedpoint_DDS_RhythmMachine_Test01.a(UART_SPI_UART.o)
                0x00000af0                UART_SpiUartWriteTxData
 .text          0x00000b0c      0x120 c:/program files (x86)/cypress/psoc creator/3.3/psoc creator/import/gnu/arm/4.9.3/bin/../lib/gcc/arm-none-eabi/4.9.3/armv6-m\libgcc.a(_udivsi3.o)
                0x00000b0c                __aeabi_uidiv
                0x00000b0c                __udivsi3
                0x00000c18                __aeabi_uidivmod
 .text          0x00000c2c        0x4 c:/program files (x86)/cypress/psoc creator/3.3/psoc creator/import/gnu/arm/4.9.3/bin/../lib/gcc/arm-none-eabi/4.9.3/armv6-m\libgcc.a(_dvmd_tls.o)
                0x00000c2c                __aeabi_idiv0
                0x00000c2c                __aeabi_ldiv0
 .text          0x00000c30       0x40 c:/program files (x86)/cypress/psoc creator/3.3/psoc creator/import/gnu/arm/4.9.3/bin/../lib/gcc/arm-none-eabi/4.9.3/armv6-m\libgcc.a(_aeabi_uldivmod.o)
                0x00000c30                __aeabi_uldivmod
 .text          0x00000c70       0x54 c:/program files (x86)/cypress/psoc creator/3.3/psoc creator/import/gnu/arm/4.9.3/bin/../lib/gcc/arm-none-eabi/4.9.3/armv6-m\libgcc.a(_muldi3.o)
                0x00000c70                __muldi3
                0x00000c70                __aeabi_lmul
 .text          0x00000cc4       0x3c c:/program files (x86)/cypress/psoc creator/3.3/psoc creator/import/gnu/arm/4.9.3/bin/../lib/gcc/arm-none-eabi/4.9.3/armv6-m\libgcc.a(_fixunsdfsi.o)
                0x00000cc4                __aeabi_d2uiz
                0x00000cc4                __fixunsdfsi
 .text          0x00000d00       0x6c c:/program files (x86)/cypress/psoc creator/3.3/psoc creator/import/gnu/arm/4.9.3/bin/../lib/gcc/arm-none-eabi/4.9.3/armv6-m\libgcc.a(bpabi.o)
                0x00000d00                __gnu_ldivmod_helper
                0x00000d38                __gnu_uldivmod_helper
 .text          0x00000d6c      0x648 c:/program files (x86)/cypress/psoc creator/3.3/psoc creator/import/gnu/arm/4.9.3/bin/../lib/gcc/arm-none-eabi/4.9.3/armv6-m\libgcc.a(divdf3.o)
                0x00000d6c                __aeabi_ddiv
 .text          0x000013b4      0x534 c:/program files (x86)/cypress/psoc creator/3.3/psoc creator/import/gnu/arm/4.9.3/bin/../lib/gcc/arm-none-eabi/4.9.3/armv6-m\libgcc.a(muldf3.o)
                0x000013b4                __aeabi_dmul
 .text          0x000018e8      0x6f4 c:/program files (x86)/cypress/psoc creator/3.3/psoc creator/import/gnu/arm/4.9.3/bin/../lib/gcc/arm-none-eabi/4.9.3/armv6-m\libgcc.a(subdf3.o)
                0x000018e8                __aeabi_dsub
 .text          0x00001fdc       0x6c c:/program files (x86)/cypress/psoc creator/3.3/psoc creator/import/gnu/arm/4.9.3/bin/../lib/gcc/arm-none-eabi/4.9.3/armv6-m\libgcc.a(fixdfsi.o)
                0x00001fdc                __aeabi_d2iz
 .text          0x00002048       0x7c c:/program files (x86)/cypress/psoc creator/3.3/psoc creator/import/gnu/arm/4.9.3/bin/../lib/gcc/arm-none-eabi/4.9.3/armv6-m\libgcc.a(_arm_cmpdf2.o)
                0x00002048                __aeabi_cdrcmple
                0x00002058                __aeabi_cdcmple
                0x00002058                __aeabi_cdcmpeq
                0x00002068                __aeabi_dcmpeq
                0x00002074                __aeabi_dcmplt
                0x00002088                __aeabi_dcmple
                0x0000209c                __aeabi_dcmpgt
                0x000020b0                __aeabi_dcmpge
 .text          0x000020c4       0x3c c:/program files (x86)/cypress/psoc creator/3.3/psoc creator/import/gnu/arm/4.9.3/bin/../lib/gcc/arm-none-eabi/4.9.3/armv6-m\libgcc.a(_clzsi2.o)
                0x000020c4                __clzsi2
 .text          0x00002100      0x1f0 c:/program files (x86)/cypress/psoc creator/3.3/psoc creator/import/gnu/arm/4.9.3/bin/../lib/gcc/arm-none-eabi/4.9.3/armv6-m\libgcc.a(_divdi3.o)
                0x00002100                __divdi3
 .text          0x000022f0      0x158 c:/program files (x86)/cypress/psoc creator/3.3/psoc creator/import/gnu/arm/4.9.3/bin/../lib/gcc/arm-none-eabi/4.9.3/armv6-m\libgcc.a(_udivdi3.o)
                0x000022f0                __udivdi3
 .text          0x00002448       0x88 c:/program files (x86)/cypress/psoc creator/3.3/psoc creator/import/gnu/arm/4.9.3/bin/../lib/gcc/arm-none-eabi/4.9.3/armv6-m\libgcc.a(eqdf2.o)
                0x00002448                __nedf2
                0x00002448                __eqdf2
 .text          0x000024d0       0xe0 c:/program files (x86)/cypress/psoc creator/3.3/psoc creator/import/gnu/arm/4.9.3/bin/../lib/gcc/arm-none-eabi/4.9.3/armv6-m\libgcc.a(gedf2.o)
                0x000024d0                __gedf2
                0x000024d0                __gtdf2
 .text          0x000025b0       0xcc c:/program files (x86)/cypress/psoc creator/3.3/psoc creator/import/gnu/arm/4.9.3/bin/../lib/gcc/arm-none-eabi/4.9.3/armv6-m\libgcc.a(ledf2.o)
                0x000025b0                __ledf2
                0x000025b0                __ltdf2
 .text          0x0000267c       0x18 c:/program files (x86)/cypress/psoc creator/3.3/psoc creator/import/gnu/arm/4.9.3/bin/../lib/gcc/arm-none-eabi/4.9.3/armv6-m\libgcc.a(_clzdi2.o)
                0x0000267c                __clzdi2
 .text.__errno  0x00002694        0xc c:/program files (x86)/cypress/psoc creator/3.3/psoc creator/import/gnu/arm/4.9.3/bin/../lib/gcc/arm-none-eabi/4.9.3/../../../../arm-none-eabi/lib/armv6-m\libg_nano.a(lib_a-errno.o)
                0x00002694                __errno
 .text.__libc_init_array
                0x000026a0       0x4c c:/program files (x86)/cypress/psoc creator/3.3/psoc creator/import/gnu/arm/4.9.3/bin/../lib/gcc/arm-none-eabi/4.9.3/../../../../arm-none-eabi/lib/armv6-m\libg_nano.a(lib_a-init.o)
                0x000026a0                __libc_init_array
 .text.memcpy   0x000026ec       0x12 c:/program files (x86)/cypress/psoc creator/3.3/psoc creator/import/gnu/arm/4.9.3/bin/../lib/gcc/arm-none-eabi/4.9.3/../../../../arm-none-eabi/lib/armv6-m\libg_nano.a(lib_a-memcpy.o)
                0x000026ec                memcpy
 .text.memset   0x000026fe       0x10 c:/program files (x86)/cypress/psoc creator/3.3/psoc creator/import/gnu/arm/4.9.3/bin/../lib/gcc/arm-none-eabi/4.9.3/../../../../arm-none-eabi/lib/armv6-m\libg_nano.a(lib_a-memset.o)
                0x000026fe                memset
 *fill*         0x0000270e        0x2 
 .text.rand     0x00002710       0x78 c:/program files (x86)/cypress/psoc creator/3.3/psoc creator/import/gnu/arm/4.9.3/bin/../lib/gcc/arm-none-eabi/4.9.3/../../../../arm-none-eabi/lib/armv6-m\libg_nano.a(lib_a-rand.o)
                0x00002710                rand
 .text.sprintf  0x00002788       0x44 c:/program files (x86)/cypress/psoc creator/3.3/psoc creator/import/gnu/arm/4.9.3/bin/../lib/gcc/arm-none-eabi/4.9.3/../../../../arm-none-eabi/lib/armv6-m\libg_nano.a(lib_a-sprintf.o)
                0x00002788                siprintf
                0x00002788                sprintf
 .text.malloc   0x000027cc       0x14 c:/program files (x86)/cypress/psoc creator/3.3/psoc creator/import/gnu/arm/4.9.3/bin/../lib/gcc/arm-none-eabi/4.9.3/../../../../arm-none-eabi/lib/armv6-m\libg_nano.a(lib_a-malloc.o)
                0x000027cc                malloc
 .text._free_r  0x000027e0       0x8c c:/program files (x86)/cypress/psoc creator/3.3/psoc creator/import/gnu/arm/4.9.3/bin/../lib/gcc/arm-none-eabi/4.9.3/../../../../arm-none-eabi/lib/armv6-m\libg_nano.a(lib_a-nano-freer.o)
                0x000027e0                _free_r
 .text._malloc_r
                0x0000286c       0xb0 c:/program files (x86)/cypress/psoc creator/3.3/psoc creator/import/gnu/arm/4.9.3/bin/../lib/gcc/arm-none-eabi/4.9.3/../../../../arm-none-eabi/lib/armv6-m\libg_nano.a(lib_a-nano-mallocr.o)
                0x0000286c                _malloc_r
 .text.__ssputs_r
                0x0000291c       0xc0 c:/program files (x86)/cypress/psoc creator/3.3/psoc creator/import/gnu/arm/4.9.3/bin/../lib/gcc/arm-none-eabi/4.9.3/../../../../arm-none-eabi/lib/armv6-m\libg_nano.a(lib_a-nano-svfprintf.o)
                0x0000291c                __ssputs_r
 .text._svfprintf_r
                0x000029dc      0x1ec c:/program files (x86)/cypress/psoc creator/3.3/psoc creator/import/gnu/arm/4.9.3/bin/../lib/gcc/arm-none-eabi/4.9.3/../../../../arm-none-eabi/lib/armv6-m\libg_nano.a(lib_a-nano-svfprintf.o)
                0x000029dc                _svfiprintf_r
                0x000029dc                _svfprintf_r
 .text._printf_common
                0x00002bc8       0xdc c:/program files (x86)/cypress/psoc creator/3.3/psoc creator/import/gnu/arm/4.9.3/bin/../lib/gcc/arm-none-eabi/4.9.3/../../../../arm-none-eabi/lib/armv6-m\libg_nano.a(lib_a-nano-vfprintf_i.o)
                0x00002bc8                _printf_common
 .text._printf_i
                0x00002ca4      0x230 c:/program files (x86)/cypress/psoc creator/3.3/psoc creator/import/gnu/arm/4.9.3/bin/../lib/gcc/arm-none-eabi/4.9.3/../../../../arm-none-eabi/lib/armv6-m\libg_nano.a(lib_a-nano-vfprintf_i.o)
                0x00002ca4                _printf_i
 .text._sbrk_r  0x00002ed4       0x24 c:/program files (x86)/cypress/psoc creator/3.3/psoc creator/import/gnu/arm/4.9.3/bin/../lib/gcc/arm-none-eabi/4.9.3/../../../../arm-none-eabi/lib/armv6-m\libg_nano.a(lib_a-sbrkr.o)
                0x00002ed4                _sbrk_r
 .text.memchr   0x00002ef8       0x16 c:/program files (x86)/cypress/psoc creator/3.3/psoc creator/import/gnu/arm/4.9.3/bin/../lib/gcc/arm-none-eabi/4.9.3/../../../../arm-none-eabi/lib/armv6-m\libg_nano.a(lib_a-memchr.o)
                0x00002ef8                memchr
 .text.memmove  0x00002f0e       0x28 c:/program files (x86)/cypress/psoc creator/3.3/psoc creator/import/gnu/arm/4.9.3/bin/../lib/gcc/arm-none-eabi/4.9.3/../../../../arm-none-eabi/lib/armv6-m\libg_nano.a(lib_a-memmove.o)
                0x00002f0e                memmove
 .text._realloc_r
                0x00002f36       0x4c c:/program files (x86)/cypress/psoc creator/3.3/psoc creator/import/gnu/arm/4.9.3/bin/../lib/gcc/arm-none-eabi/4.9.3/../../../../arm-none-eabi/lib/armv6-m\libg_nano.a(lib_a-nano-reallocr.o)
                0x00002f36                _realloc_r
 .text._malloc_usable_size_r
                0x00002f82       0x16 c:/program files (x86)/cypress/psoc creator/3.3/psoc creator/import/gnu/arm/4.9.3/bin/../lib/gcc/arm-none-eabi/4.9.3/../../../../arm-none-eabi/lib/armv6-m\libg_nano.a(lib_a-nano-msizer.o)
                0x00002f82                _malloc_usable_size_r
 *(.plt)
 *(.gnu.warning)
 *(.glue_7t)
 .glue_7t       0x00000000        0x0 linker stubs
 *(.glue_7)
 .glue_7        0x00000000        0x0 linker stubs
 *(.vfp11_veneer)
 .vfp11_veneer  0x00000000        0x0 linker stubs
 *(.bootloader)
 *(.ARM.extab* .gnu.linkonce.armextab.*)
 *(.gcc_except_table)

.v4_bx          0x00002f98        0x0
 .v4_bx         0x00000000        0x0 linker stubs

.iplt           0x00002f98        0x0
 .iplt          0x00000000        0x0 c:/program files (x86)/cypress/psoc creator/3.3/psoc creator/import/gnu/arm/4.9.3/bin/../lib/gcc/arm-none-eabi/4.9.3/armv6-m/crtbegin.o

.eh_frame_hdr
 *(.eh_frame_hdr)

.eh_frame       0x00002f98        0x4
 *(.eh_frame)
 .eh_frame      0x00002f98        0x0 c:/program files (x86)/cypress/psoc creator/3.3/psoc creator/import/gnu/arm/4.9.3/bin/../lib/gcc/arm-none-eabi/4.9.3/armv6-m/crtbegin.o
 .eh_frame      0x00002f98        0x4 c:/program files (x86)/cypress/psoc creator/3.3/psoc creator/import/gnu/arm/4.9.3/bin/../lib/gcc/arm-none-eabi/4.9.3/armv6-m/crtend.o
                0x00002f9c                PROVIDE (__exidx_start, .)

.ARM.exidx      0x00002f9c        0x8
 *(.ARM.exidx* .gnu.linkonce.armexidx.*)
 .ARM.exidx     0x00002f9c        0x8 c:/program files (x86)/cypress/psoc creator/3.3/psoc creator/import/gnu/arm/4.9.3/bin/../lib/gcc/arm-none-eabi/4.9.3/armv6-m\libgcc.a(_divdi3.o)
 .ARM.exidx     0x00002fa4        0x0 c:/program files (x86)/cypress/psoc creator/3.3/psoc creator/import/gnu/arm/4.9.3/bin/../lib/gcc/arm-none-eabi/4.9.3/armv6-m\libgcc.a(_udivdi3.o)
                                  0x8 (size before relaxing)
                0x00002fa4                __exidx_end = .

.rodata         0x00002fa4     0x1384
 *(.rodata .rodata.* .gnu.linkonce.r.*)
 .rodata        0x00002fa4     0x1230 .\CortexM0\ARM_GCC_493\Debug\main.o
                0x00002fd4                waveTableSine
                0x00003fd4                modTableDown
 .rodata.str1.4
                0x000041d4       0x28 .\CortexM0\ARM_GCC_493\Debug\main.o
 .rodata        0x000041fc        0xc .\CortexM0\ARM_GCC_493\Debug\PSoC_Fixedpoint_DDS_RhythmMachine_Test01.a(cyfitter_cfg.o)
 .rodata        0x00004208       0x30 .\CortexM0\ARM_GCC_493\Debug\PSoC_Fixedpoint_DDS_RhythmMachine_Test01.a(CyLib.o)
                0x00004208                cyImoFreqMhz2Reg
 .rodata        0x00004238       0x40 c:/program files (x86)/cypress/psoc creator/3.3/psoc creator/import/gnu/arm/4.9.3/bin/../lib/gcc/arm-none-eabi/4.9.3/armv6-m\libgcc.a(divdf3.o)
 .rodata        0x00004278       0x40 c:/program files (x86)/cypress/psoc creator/3.3/psoc creator/import/gnu/arm/4.9.3/bin/../lib/gcc/arm-none-eabi/4.9.3/armv6-m\libgcc.a(muldf3.o)
 .rodata.str1.1
                0x000042b8        0x2 c:/program files (x86)/cypress/psoc creator/3.3/psoc creator/import/gnu/arm/4.9.3/bin/../lib/gcc/arm-none-eabi/4.9.3/../../../../arm-none-eabi/lib/armv6-m\libg_nano.a(lib_a-impure.o)
 .rodata.str1.1
                0x000042ba       0x11 c:/program files (x86)/cypress/psoc creator/3.3/psoc creator/import/gnu/arm/4.9.3/bin/../lib/gcc/arm-none-eabi/4.9.3/../../../../arm-none-eabi/lib/armv6-m\libg_nano.a(lib_a-nano-svfprintf.o)
 .rodata.str1.1
                0x000042cb       0x22 c:/program files (x86)/cypress/psoc creator/3.3/psoc creator/import/gnu/arm/4.9.3/bin/../lib/gcc/arm-none-eabi/4.9.3/../../../../arm-none-eabi/lib/armv6-m\libg_nano.a(lib_a-nano-vfprintf_i.o)
                0x000042f0                . = ALIGN (0x4)
 *fill*         0x000042ed        0x3 
 *(.init)
 .init          0x000042f0        0x4 c:/program files (x86)/cypress/psoc creator/3.3/psoc creator/import/gnu/arm/4.9.3/bin/../lib/gcc/arm-none-eabi/4.9.3/armv6-m/crti.o
                0x000042f0                _init
 .init          0x000042f4        0x8 c:/program files (x86)/cypress/psoc creator/3.3/psoc creator/import/gnu/arm/4.9.3/bin/../lib/gcc/arm-none-eabi/4.9.3/armv6-m/crtn.o
                0x000042fc                . = ALIGN (0x4)
                0x000042fc                __preinit_array_start = .
 *(.preinit_array)
                0x000042fc                __preinit_array_end = .
                0x000042fc                . = ALIGN (0x4)
                0x000042fc                __init_array_start = .
 *(SORT(.init_array.*))
 *(.init_array)
 .init_array    0x000042fc        0x4 c:/program files (x86)/cypress/psoc creator/3.3/psoc creator/import/gnu/arm/4.9.3/bin/../lib/gcc/arm-none-eabi/4.9.3/armv6-m/crtbegin.o
 .init_array    0x00004300        0x4 .\CortexM0\ARM_GCC_493\Debug\Cm0Start.o
                0x00004304                __init_array_end = .
                0x00004304                . = ALIGN (0x4)
 *(.fini)
 .fini          0x00004304        0x4 c:/program files (x86)/cypress/psoc creator/3.3/psoc creator/import/gnu/arm/4.9.3/bin/../lib/gcc/arm-none-eabi/4.9.3/armv6-m/crti.o
                0x00004304                _fini
 .fini          0x00004308        0x8 c:/program files (x86)/cypress/psoc creator/3.3/psoc creator/import/gnu/arm/4.9.3/bin/../lib/gcc/arm-none-eabi/4.9.3/armv6-m/crtn.o
                0x00004310                . = ALIGN (0x4)
                0x00004310                __fini_array_start = .
 *(.fini_array)
 .fini_array    0x00004310        0x4 c:/program files (x86)/cypress/psoc creator/3.3/psoc creator/import/gnu/arm/4.9.3/bin/../lib/gcc/arm-none-eabi/4.9.3/armv6-m/crtbegin.o
 *(SORT(.fini_array.*))
                0x00004314                __fini_array_end = .
                0x00004314                . = ALIGN (0x4)
 *crtbegin.o(.ctors)
 *(EXCLUDE_FILE(*crtend.o) .ctors)
 *(SORT(.ctors.*))
 *crtend.o(.ctors)
                0x00004314                . = ALIGN (0x4)
 *crtbegin.o(.dtors)
 *(EXCLUDE_FILE(*crtend.o) .dtors)
 *(SORT(.dtors.*))
 *crtend.o(.dtors)
                0x00004314                . = ALIGN (0x4)
                0x00004314                __cy_regions = .
                0x00004314        0x4 LONG 0x4328 __cy_region_init_ram
                0x00004318        0x4 LONG 0x200000c8 __cy_region_start_data
                0x0000431c        0x4 LONG 0x88 __cy_region_init_size_ram
                0x00004320        0x4 LONG 0x180 __cy_region_zero_size_ram
                0x00004324                __cy_regions_end = .
                0x00004328                . = ALIGN (0x8)
 *fill*         0x00004324        0x4 
                0x00004328                _etext = .

.cy_checksum_exclude
                0x00004328        0x0
 *(.cy_checksum_exclude)

.ramvectors     0x20000000       0xc0
                0x20000000                __cy_region_start_ram = .
 *(.ramvectors)
 .ramvectors    0x20000000       0xc0 .\CortexM0\ARM_GCC_493\Debug\Cm0Start.o
                0x20000000                CyRamVectors

.noinit         0x200000c0        0x4
 *(.noinit)
 .noinit        0x200000c0        0x4 .\CortexM0\ARM_GCC_493\Debug\Cm0Start.o

.data           0x200000c8       0x88 load address 0x00004328
                0x200000c8                __cy_region_start_data = .
 *(.jcr)
 .jcr           0x200000c8        0x0 c:/program files (x86)/cypress/psoc creator/3.3/psoc creator/import/gnu/arm/4.9.3/bin/../lib/gcc/arm-none-eabi/4.9.3/armv6-m/crtbegin.o
 .jcr           0x200000c8        0x4 c:/program files (x86)/cypress/psoc creator/3.3/psoc creator/import/gnu/arm/4.9.3/bin/../lib/gcc/arm-none-eabi/4.9.3/armv6-m/crtend.o
 *(.got.plt)
 *(.got)
 *(.shdata)
 *(.data .data.* .gnu.linkonce.d.*)
 .data          0x200000cc        0x4 .\CortexM0\ARM_GCC_493\Debug\main.o
                0x200000cc                tick
 .data          0x200000d0        0x4 .\CortexM0\ARM_GCC_493\Debug\Cm0Start.o
 .data          0x200000d4       0x10 .\CortexM0\ARM_GCC_493\Debug\PSoC_Fixedpoint_DDS_RhythmMachine_Test01.a(CyLib.o)
                0x200000d4                cydelay32kMs
                0x200000d8                cydelayFreqKhz
                0x200000dc                cydelayFreqMhz
                0x200000e0                cydelayFreqHz
 .data          0x200000e4        0x4 .\CortexM0\ARM_GCC_493\Debug\PSoC_Fixedpoint_DDS_RhythmMachine_Test01.a(CyLFClk.o)
 .data.impure_data
                0x200000e8       0x60 c:/program files (x86)/cypress/psoc creator/3.3/psoc creator/import/gnu/arm/4.9.3/bin/../lib/gcc/arm-none-eabi/4.9.3/../../../../arm-none-eabi/lib/armv6-m\libg_nano.a(lib_a-impure.o)
 .data._impure_ptr
                0x20000148        0x4 c:/program files (x86)/cypress/psoc creator/3.3/psoc creator/import/gnu/arm/4.9.3/bin/../lib/gcc/arm-none-eabi/4.9.3/../../../../arm-none-eabi/lib/armv6-m\libg_nano.a(lib_a-impure.o)
                0x20000148                _impure_ptr
                0x20000150                . = ALIGN (0x8)
 *fill*         0x2000014c        0x4 
 *(.ram)
                0x20000150                _edata = .

.igot.plt       0x20000150        0x0 load address 0x000043b0
 .igot.plt      0x00000000        0x0 c:/program files (x86)/cypress/psoc creator/3.3/psoc creator/import/gnu/arm/4.9.3/bin/../lib/gcc/arm-none-eabi/4.9.3/armv6-m/crtbegin.o

.bss            0x20000150      0x180 load address 0x000043b0
                0x20000150                PROVIDE (__bss_start__, .)
 *(.shbss)
 *(.bss .bss.* .gnu.linkonce.b.*)
 .bss           0x20000150       0x1c c:/program files (x86)/cypress/psoc creator/3.3/psoc creator/import/gnu/arm/4.9.3/bin/../lib/gcc/arm-none-eabi/4.9.3/armv6-m/crtbegin.o
 .bss           0x2000016c       0x54 .\CortexM0\ARM_GCC_493\Debug\main.o
                0x2000016c                noteCount
 .bss           0x200001c0       0x1c .\CortexM0\ARM_GCC_493\Debug\PSoC_Fixedpoint_DDS_RhythmMachine_Test01.a(CyLFClk.o)
 .bss           0x200001dc        0x1 .\CortexM0\ARM_GCC_493\Debug\PSoC_Fixedpoint_DDS_RhythmMachine_Test01.a(UART.o)
                0x200001dc                UART_initVar
 .bss           0x200001dd        0x1 .\CortexM0\ARM_GCC_493\Debug\PSoC_Fixedpoint_DDS_RhythmMachine_Test01.a(Timer_1.o)
                0x200001dd                Timer_1_initVar
 *fill*         0x200001de        0x2 
 .bss.__malloc_sbrk_start
                0x200001e0        0x4 c:/program files (x86)/cypress/psoc creator/3.3/psoc creator/import/gnu/arm/4.9.3/bin/../lib/gcc/arm-none-eabi/4.9.3/../../../../arm-none-eabi/lib/armv6-m\libg_nano.a(lib_a-nano-mallocr.o)
                0x200001e0                __malloc_sbrk_start
 .bss.__malloc_free_list
                0x200001e4        0x4 c:/program files (x86)/cypress/psoc creator/3.3/psoc creator/import/gnu/arm/4.9.3/bin/../lib/gcc/arm-none-eabi/4.9.3/../../../../arm-none-eabi/lib/armv6-m\libg_nano.a(lib_a-nano-mallocr.o)
                0x200001e4                __malloc_free_list
 *(COMMON)
 COMMON         0x200001e8       0xdd .\CortexM0\ARM_GCC_493\Debug\main.o
                0x200001e8                tracks
                0x200002c0                ticksPerNote
                0x200002c4                bpm
 *fill*         0x200002c5        0x3 
 COMMON         0x200002c8        0x4 c:/program files (x86)/cypress/psoc creator/3.3/psoc creator/import/gnu/arm/4.9.3/bin/../lib/gcc/arm-none-eabi/4.9.3/../../../../arm-none-eabi/lib/armv6-m\libg_nano.a(lib_a-reent.o)
                0x200002c8                errno
                0x200002d0                . = ALIGN (0x8)
 *fill*         0x200002cc        0x4 
 *(.ram.b)
                0x200002d0                _end = .
                0x200002d0                __end = .
                0x200002d0                PROVIDE (end, .)
                0x200002d0                PROVIDE (__bss_end__, .)
                0x00004328                __cy_region_init_ram = LOADADDR (.data)
                0x00000088                __cy_region_init_size_ram = (_edata - ADDR (.data))
                0x00000180                __cy_region_zero_size_ram = (_end - _edata)

.heap           0x200002d0       0x80 load address 0x000043b0
                0x200002d0                . = _end
                0x20000350                . = (. + 0x80)
 *fill*         0x200002d0       0x80 
                0x20000350                __cy_heap_limit = .

.stack          0x20000c00      0x400
                0x20000c00                __cy_stack_limit = .
                0x20001000                . = (. + 0x400)
 *fill*         0x20000c00      0x400 
                0x00000001                ASSERT ((__cy_stack_limit >= __cy_heap_limit), region RAM overflowed with stack)
                0x00000000                cy_checksum_exclude_size = (CY_APPL_LOADABLE == 0x1)?SIZEOF (.cy_checksum_exclude):0x0
                0x00000001                ASSERT ((cy_checksum_exclude_size <= CY_CHECKSUM_EXCLUDE_SIZE), CY_BOOT: Section .cy_checksum_exclude size exceedes specified limit.)
                0x00007fc0                cyloadermeta_start = (cy_project_type_bootloader || cy_project_type_app_for_stack_and_copier)?(0x8000 - CY_METADATA_SIZE):0xf0000000

.cyloadermeta
 *(.cyloadermeta)
                0x00007fc0                cyloadablemeta_start = cy_project_type_app_for_stack_and_copier?((0x8000 - CY_FLASH_ROW_SIZE) - CY_METADATA_SIZE):((0x8000 - (CY_FLASH_ROW_SIZE * (CY_APPL_NUM - 0x1))) - CY_METADATA_SIZE)

.cyloadablemeta
 *(.cyloadablemeta)

.cyflashprotect
                0x90400000       0x20
 *(.cyflashprotect)
 .cyflashprotect
                0x90400000       0x20 .\CortexM0\ARM_GCC_493\Debug\cymetadata.o
                0x90400000                cy_meta_flashprotect

.cymeta         0x90500000        0xc
 *(.cymeta)
 .cymeta        0x90500000        0xc .\CortexM0\ARM_GCC_493\Debug\cymetadata.o
                0x90500000                cy_metadata

.cychipprotect  0x90600000        0x4
 *(.cychipprotect)
 .cychipprotect
                0x90600000        0x4 .\CortexM0\ARM_GCC_493\Debug\cymetadata.o
                0x90600000                cy_meta_chipprotect

.rel.dyn        0x000043b0        0x0 load address 0x90600004
 .rel.iplt      0x00000000        0x0 c:/program files (x86)/cypress/psoc creator/3.3/psoc creator/import/gnu/arm/4.9.3/bin/../lib/gcc/arm-none-eabi/4.9.3/armv6-m/crtbegin.o

.stab
 *(.stab)

.stabstr
 *(.stabstr)

.debug
 *(.debug)

.line
 *(.line)

.debug_srcinfo
 *(.debug_srcinfo)

.debug_sfnames
 *(.debug_sfnames)

.debug_aranges  0x00000000      0x5f8
 *(.debug_aranges)
 .debug_aranges
                0x00000000       0x40 .\CortexM0\ARM_GCC_493\Debug\main.o
 .debug_aranges
                0x00000040       0x18 .\CortexM0\ARM_GCC_493\Debug\cymetadata.o
 .debug_aranges
                0x00000058       0x48 .\CortexM0\ARM_GCC_493\Debug\Cm0Start.o
 .debug_aranges
                0x000000a0       0x30 .\CortexM0\ARM_GCC_493\Debug\PSoC_Fixedpoint_DDS_RhythmMachine_Test01.a(cyfitter_cfg.o)
 .debug_aranges
                0x000000d0      0x170 .\CortexM0\ARM_GCC_493\Debug\PSoC_Fixedpoint_DDS_RhythmMachine_Test01.a(CyLib.o)
 .debug_aranges
                0x00000240      0x120 .\CortexM0\ARM_GCC_493\Debug\PSoC_Fixedpoint_DDS_RhythmMachine_Test01.a(CyLFClk.o)
 .debug_aranges
                0x00000360       0x60 .\CortexM0\ARM_GCC_493\Debug\PSoC_Fixedpoint_DDS_RhythmMachine_Test01.a(UART.o)
 .debug_aranges
                0x000003c0       0x60 .\CortexM0\ARM_GCC_493\Debug\PSoC_Fixedpoint_DDS_RhythmMachine_Test01.a(UART_UART.o)
 .debug_aranges
                0x00000420      0x158 .\CortexM0\ARM_GCC_493\Debug\PSoC_Fixedpoint_DDS_RhythmMachine_Test01.a(Timer_1.o)
 .debug_aranges
                0x00000578       0x20 .\CortexM0\ARM_GCC_493\Debug\PSoC_Fixedpoint_DDS_RhythmMachine_Test01.a(CyBootAsmGnu.o)
 .debug_aranges
                0x00000598       0x60 .\CortexM0\ARM_GCC_493\Debug\PSoC_Fixedpoint_DDS_RhythmMachine_Test01.a(UART_SPI_UART.o)

.debug_pubnames
 *(.debug_pubnames)

.debug_info     0x00000000     0x3582
 *(.debug_info .gnu.linkonce.wi.*)
 .debug_info    0x00000000      0x763 .\CortexM0\ARM_GCC_493\Debug\main.o
 .debug_info    0x00000763       0xfd .\CortexM0\ARM_GCC_493\Debug\cymetadata.o
 .debug_info    0x00000860      0x38a .\CortexM0\ARM_GCC_493\Debug\Cm0Start.o
 .debug_info    0x00000bea      0x291 .\CortexM0\ARM_GCC_493\Debug\PSoC_Fixedpoint_DDS_RhythmMachine_Test01.a(cyfitter_cfg.o)
 .debug_info    0x00000e7b      0xa61 .\CortexM0\ARM_GCC_493\Debug\PSoC_Fixedpoint_DDS_RhythmMachine_Test01.a(CyLib.o)
 .debug_info    0x000018dc      0xc20 .\CortexM0\ARM_GCC_493\Debug\PSoC_Fixedpoint_DDS_RhythmMachine_Test01.a(CyLFClk.o)
 .debug_info    0x000024fc      0x21a .\CortexM0\ARM_GCC_493\Debug\PSoC_Fixedpoint_DDS_RhythmMachine_Test01.a(UART.o)
 .debug_info    0x00002716      0x2ab .\CortexM0\ARM_GCC_493\Debug\PSoC_Fixedpoint_DDS_RhythmMachine_Test01.a(UART_UART.o)
 .debug_info    0x000029c1      0x8ed .\CortexM0\ARM_GCC_493\Debug\PSoC_Fixedpoint_DDS_RhythmMachine_Test01.a(Timer_1.o)
 .debug_info    0x000032ae       0xbf .\CortexM0\ARM_GCC_493\Debug\PSoC_Fixedpoint_DDS_RhythmMachine_Test01.a(CyBootAsmGnu.o)
 .debug_info    0x0000336d      0x215 .\CortexM0\ARM_GCC_493\Debug\PSoC_Fixedpoint_DDS_RhythmMachine_Test01.a(UART_SPI_UART.o)

.debug_abbrev   0x00000000      0xfcf
 *(.debug_abbrev)
 .debug_abbrev  0x00000000      0x2b8 .\CortexM0\ARM_GCC_493\Debug\main.o
 .debug_abbrev  0x000002b8       0x5d .\CortexM0\ARM_GCC_493\Debug\cymetadata.o
 .debug_abbrev  0x00000315      0x1fe .\CortexM0\ARM_GCC_493\Debug\Cm0Start.o
 .debug_abbrev  0x00000513      0x18c .\CortexM0\ARM_GCC_493\Debug\PSoC_Fixedpoint_DDS_RhythmMachine_Test01.a(cyfitter_cfg.o)
 .debug_abbrev  0x0000069f      0x20d .\CortexM0\ARM_GCC_493\Debug\PSoC_Fixedpoint_DDS_RhythmMachine_Test01.a(CyLib.o)
 .debug_abbrev  0x000008ac      0x226 .\CortexM0\ARM_GCC_493\Debug\PSoC_Fixedpoint_DDS_RhythmMachine_Test01.a(CyLFClk.o)
 .debug_abbrev  0x00000ad2       0xfa .\CortexM0\ARM_GCC_493\Debug\PSoC_Fixedpoint_DDS_RhythmMachine_Test01.a(UART.o)
 .debug_abbrev  0x00000bcc      0x139 .\CortexM0\ARM_GCC_493\Debug\PSoC_Fixedpoint_DDS_RhythmMachine_Test01.a(UART_UART.o)
 .debug_abbrev  0x00000d05      0x140 .\CortexM0\ARM_GCC_493\Debug\PSoC_Fixedpoint_DDS_RhythmMachine_Test01.a(Timer_1.o)
 .debug_abbrev  0x00000e45       0x14 .\CortexM0\ARM_GCC_493\Debug\PSoC_Fixedpoint_DDS_RhythmMachine_Test01.a(CyBootAsmGnu.o)
 .debug_abbrev  0x00000e59      0x176 .\CortexM0\ARM_GCC_493\Debug\PSoC_Fixedpoint_DDS_RhythmMachine_Test01.a(UART_SPI_UART.o)

.debug_line     0x00000000     0x1726
 *(.debug_line)
 .debug_line    0x00000000      0x380 .\CortexM0\ARM_GCC_493\Debug\main.o
 .debug_line    0x00000380       0x53 .\CortexM0\ARM_GCC_493\Debug\cymetadata.o
 .debug_line    0x000003d3      0x248 .\CortexM0\ARM_GCC_493\Debug\Cm0Start.o
 .debug_line    0x0000061b      0x136 .\CortexM0\ARM_GCC_493\Debug\PSoC_Fixedpoint_DDS_RhythmMachine_Test01.a(cyfitter_cfg.o)
 .debug_line    0x00000751      0x42c .\CortexM0\ARM_GCC_493\Debug\PSoC_Fixedpoint_DDS_RhythmMachine_Test01.a(CyLib.o)
 .debug_line    0x00000b7d      0x3fe .\CortexM0\ARM_GCC_493\Debug\PSoC_Fixedpoint_DDS_RhythmMachine_Test01.a(CyLFClk.o)
 .debug_line    0x00000f7b      0x140 .\CortexM0\ARM_GCC_493\Debug\PSoC_Fixedpoint_DDS_RhythmMachine_Test01.a(UART.o)
 .debug_line    0x000010bb      0x154 .\CortexM0\ARM_GCC_493\Debug\PSoC_Fixedpoint_DDS_RhythmMachine_Test01.a(UART_UART.o)
 .debug_line    0x0000120f      0x37b .\CortexM0\ARM_GCC_493\Debug\PSoC_Fixedpoint_DDS_RhythmMachine_Test01.a(Timer_1.o)
 .debug_line    0x0000158a       0x69 .\CortexM0\ARM_GCC_493\Debug\PSoC_Fixedpoint_DDS_RhythmMachine_Test01.a(CyBootAsmGnu.o)
 .debug_line    0x000015f3      0x133 .\CortexM0\ARM_GCC_493\Debug\PSoC_Fixedpoint_DDS_RhythmMachine_Test01.a(UART_SPI_UART.o)

.debug_frame    0x00000000     0x158c
 *(.debug_frame)
 .debug_frame   0x00000000       0xc4 .\CortexM0\ARM_GCC_493\Debug\main.o
 .debug_frame   0x000000c4       0xb0 .\CortexM0\ARM_GCC_493\Debug\Cm0Start.o
 .debug_frame   0x00000174       0x68 .\CortexM0\ARM_GCC_493\Debug\PSoC_Fixedpoint_DDS_RhythmMachine_Test01.a(cyfitter_cfg.o)
 .debug_frame   0x000001dc      0x3b4 .\CortexM0\ARM_GCC_493\Debug\PSoC_Fixedpoint_DDS_RhythmMachine_Test01.a(CyLib.o)
 .debug_frame   0x00000590      0x368 .\CortexM0\ARM_GCC_493\Debug\PSoC_Fixedpoint_DDS_RhythmMachine_Test01.a(CyLFClk.o)
 .debug_frame   0x000008f8       0xe8 .\CortexM0\ARM_GCC_493\Debug\PSoC_Fixedpoint_DDS_RhythmMachine_Test01.a(UART.o)
 .debug_frame   0x000009e0       0xe0 .\CortexM0\ARM_GCC_493\Debug\PSoC_Fixedpoint_DDS_RhythmMachine_Test01.a(UART_UART.o)
 .debug_frame   0x00000ac0      0x390 .\CortexM0\ARM_GCC_493\Debug\PSoC_Fixedpoint_DDS_RhythmMachine_Test01.a(Timer_1.o)
 .debug_frame   0x00000e50       0xb0 .\CortexM0\ARM_GCC_493\Debug\PSoC_Fixedpoint_DDS_RhythmMachine_Test01.a(UART_SPI_UART.o)
 .debug_frame   0x00000f00       0x20 c:/program files (x86)/cypress/psoc creator/3.3/psoc creator/import/gnu/arm/4.9.3/bin/../lib/gcc/arm-none-eabi/4.9.3/armv6-m\libgcc.a(_udivsi3.o)
 .debug_frame   0x00000f20       0x34 c:/program files (x86)/cypress/psoc creator/3.3/psoc creator/import/gnu/arm/4.9.3/bin/../lib/gcc/arm-none-eabi/4.9.3/armv6-m\libgcc.a(_muldi3.o)
 .debug_frame   0x00000f54       0x2c c:/program files (x86)/cypress/psoc creator/3.3/psoc creator/import/gnu/arm/4.9.3/bin/../lib/gcc/arm-none-eabi/4.9.3/armv6-m\libgcc.a(_fixunsdfsi.o)
 .debug_frame   0x00000f80       0x50 c:/program files (x86)/cypress/psoc creator/3.3/psoc creator/import/gnu/arm/4.9.3/bin/../lib/gcc/arm-none-eabi/4.9.3/armv6-m\libgcc.a(bpabi.o)
 .debug_frame   0x00000fd0       0x3c c:/program files (x86)/cypress/psoc creator/3.3/psoc creator/import/gnu/arm/4.9.3/bin/../lib/gcc/arm-none-eabi/4.9.3/armv6-m\libgcc.a(divdf3.o)
 .debug_frame   0x0000100c       0x3c c:/program files (x86)/cypress/psoc creator/3.3/psoc creator/import/gnu/arm/4.9.3/bin/../lib/gcc/arm-none-eabi/4.9.3/armv6-m\libgcc.a(muldf3.o)
 .debug_frame   0x00001048       0x3c c:/program files (x86)/cypress/psoc creator/3.3/psoc creator/import/gnu/arm/4.9.3/bin/../lib/gcc/arm-none-eabi/4.9.3/armv6-m\libgcc.a(subdf3.o)
 .debug_frame   0x00001084       0x2c c:/program files (x86)/cypress/psoc creator/3.3/psoc creator/import/gnu/arm/4.9.3/bin/../lib/gcc/arm-none-eabi/4.9.3/armv6-m\libgcc.a(fixdfsi.o)
 .debug_frame   0x000010b0       0x3c c:/program files (x86)/cypress/psoc creator/3.3/psoc creator/import/gnu/arm/4.9.3/bin/../lib/gcc/arm-none-eabi/4.9.3/armv6-m\libgcc.a(_divdi3.o)
 .debug_frame   0x000010ec       0x3c c:/program files (x86)/cypress/psoc creator/3.3/psoc creator/import/gnu/arm/4.9.3/bin/../lib/gcc/arm-none-eabi/4.9.3/armv6-m\libgcc.a(_udivdi3.o)
 .debug_frame   0x00001128       0x38 c:/program files (x86)/cypress/psoc creator/3.3/psoc creator/import/gnu/arm/4.9.3/bin/../lib/gcc/arm-none-eabi/4.9.3/armv6-m\libgcc.a(eqdf2.o)
 .debug_frame   0x00001160       0x38 c:/program files (x86)/cypress/psoc creator/3.3/psoc creator/import/gnu/arm/4.9.3/bin/../lib/gcc/arm-none-eabi/4.9.3/armv6-m\libgcc.a(gedf2.o)
 .debug_frame   0x00001198       0x38 c:/program files (x86)/cypress/psoc creator/3.3/psoc creator/import/gnu/arm/4.9.3/bin/../lib/gcc/arm-none-eabi/4.9.3/armv6-m\libgcc.a(ledf2.o)
 .debug_frame   0x000011d0       0x20 c:/program files (x86)/cypress/psoc creator/3.3/psoc creator/import/gnu/arm/4.9.3/bin/../lib/gcc/arm-none-eabi/4.9.3/../../../../arm-none-eabi/lib/armv6-m\libg_nano.a(lib_a-errno.o)
 .debug_frame   0x000011f0       0x28 c:/program files (x86)/cypress/psoc creator/3.3/psoc creator/import/gnu/arm/4.9.3/bin/../lib/gcc/arm-none-eabi/4.9.3/../../../../arm-none-eabi/lib/armv6-m\libg_nano.a(lib_a-exit.o)
 .debug_frame   0x00001218       0x2c c:/program files (x86)/cypress/psoc creator/3.3/psoc creator/import/gnu/arm/4.9.3/bin/../lib/gcc/arm-none-eabi/4.9.3/../../../../arm-none-eabi/lib/armv6-m\libg_nano.a(lib_a-init.o)
 .debug_frame   0x00001244       0x28 c:/program files (x86)/cypress/psoc creator/3.3/psoc creator/import/gnu/arm/4.9.3/bin/../lib/gcc/arm-none-eabi/4.9.3/../../../../arm-none-eabi/lib/armv6-m\libg_nano.a(lib_a-memcpy.o)
 .debug_frame   0x0000126c       0x20 c:/program files (x86)/cypress/psoc creator/3.3/psoc creator/import/gnu/arm/4.9.3/bin/../lib/gcc/arm-none-eabi/4.9.3/../../../../arm-none-eabi/lib/armv6-m\libg_nano.a(lib_a-memset.o)
 .debug_frame   0x0000128c       0x44 c:/program files (x86)/cypress/psoc creator/3.3/psoc creator/import/gnu/arm/4.9.3/bin/../lib/gcc/arm-none-eabi/4.9.3/../../../../arm-none-eabi/lib/armv6-m\libg_nano.a(lib_a-rand.o)
 .debug_frame   0x000012d0       0x50 c:/program files (x86)/cypress/psoc creator/3.3/psoc creator/import/gnu/arm/4.9.3/bin/../lib/gcc/arm-none-eabi/4.9.3/../../../../arm-none-eabi/lib/armv6-m\libg_nano.a(lib_a-sprintf.o)
 .debug_frame   0x00001320       0x40 c:/program files (x86)/cypress/psoc creator/3.3/psoc creator/import/gnu/arm/4.9.3/bin/../lib/gcc/arm-none-eabi/4.9.3/../../../../arm-none-eabi/lib/armv6-m\libg_nano.a(lib_a-malloc.o)
 .debug_frame   0x00001360       0x2c c:/program files (x86)/cypress/psoc creator/3.3/psoc creator/import/gnu/arm/4.9.3/bin/../lib/gcc/arm-none-eabi/4.9.3/../../../../arm-none-eabi/lib/armv6-m\libg_nano.a(lib_a-nano-freer.o)
 .debug_frame   0x0000138c       0x2c c:/program files (x86)/cypress/psoc creator/3.3/psoc creator/import/gnu/arm/4.9.3/bin/../lib/gcc/arm-none-eabi/4.9.3/../../../../arm-none-eabi/lib/armv6-m\libg_nano.a(lib_a-nano-mallocr.o)
 .debug_frame   0x000013b8       0x74 c:/program files (x86)/cypress/psoc creator/3.3/psoc creator/import/gnu/arm/4.9.3/bin/../lib/gcc/arm-none-eabi/4.9.3/../../../../arm-none-eabi/lib/armv6-m\libg_nano.a(lib_a-nano-svfprintf.o)
 .debug_frame   0x0000142c       0x54 c:/program files (x86)/cypress/psoc creator/3.3/psoc creator/import/gnu/arm/4.9.3/bin/../lib/gcc/arm-none-eabi/4.9.3/../../../../arm-none-eabi/lib/armv6-m\libg_nano.a(lib_a-nano-vfprintf_i.o)
 .debug_frame   0x00001480       0x2c c:/program files (x86)/cypress/psoc creator/3.3/psoc creator/import/gnu/arm/4.9.3/bin/../lib/gcc/arm-none-eabi/4.9.3/../../../../arm-none-eabi/lib/armv6-m\libg_nano.a(lib_a-sbrkr.o)
 .debug_frame   0x000014ac       0x20 c:/program files (x86)/cypress/psoc creator/3.3/psoc creator/import/gnu/arm/4.9.3/bin/../lib/gcc/arm-none-eabi/4.9.3/../../../../arm-none-eabi/lib/armv6-m\libg_nano.a(lib_a-memchr.o)
 .debug_frame   0x000014cc       0x28 c:/program files (x86)/cypress/psoc creator/3.3/psoc creator/import/gnu/arm/4.9.3/bin/../lib/gcc/arm-none-eabi/4.9.3/../../../../arm-none-eabi/lib/armv6-m\libg_nano.a(lib_a-memmove.o)
 .debug_frame   0x000014f4       0x30 c:/program files (x86)/cypress/psoc creator/3.3/psoc creator/import/gnu/arm/4.9.3/bin/../lib/gcc/arm-none-eabi/4.9.3/../../../../arm-none-eabi/lib/armv6-m\libg_nano.a(lib_a-nano-reallocr.o)
 .debug_frame   0x00001524       0x48 c:/program files (x86)/cypress/psoc creator/3.3/psoc creator/import/gnu/arm/4.9.3/bin/../lib/gcc/arm-none-eabi/4.9.3/../../../../arm-none-eabi/lib/armv6-m\libg_nano.a(lib_a-reent.o)
 .debug_frame   0x0000156c       0x20 c:/program files (x86)/cypress/psoc creator/3.3/psoc creator/import/gnu/arm/4.9.3/bin/../lib/gcc/arm-none-eabi/4.9.3/../../../../arm-none-eabi/lib/armv6-m\libg_nano.a(lib_a-nano-msizer.o)

.debug_str      0x00000000     0x1675
 *(.debug_str)
 .debug_str     0x00000000      0x41c .\CortexM0\ARM_GCC_493\Debug\main.o
                                0x497 (size before relaxing)
 .debug_str     0x0000041c       0x61 .\CortexM0\ARM_GCC_493\Debug\cymetadata.o
                                0x1fd (size before relaxing)
 .debug_str     0x0000047d      0x163 .\CortexM0\ARM_GCC_493\Debug\Cm0Start.o
                                0x324 (size before relaxing)
 .debug_str     0x000005e0       0x9d .\CortexM0\ARM_GCC_493\Debug\PSoC_Fixedpoint_DDS_RhythmMachine_Test01.a(cyfitter_cfg.o)
                                0x27a (size before relaxing)
 .debug_str     0x0000067d      0x46a .\CortexM0\ARM_GCC_493\Debug\PSoC_Fixedpoint_DDS_RhythmMachine_Test01.a(CyLib.o)
                                0x678 (size before relaxing)
 .debug_str     0x00000ae7      0x476 .\CortexM0\ARM_GCC_493\Debug\PSoC_Fixedpoint_DDS_RhythmMachine_Test01.a(CyLFClk.o)
                                0x682 (size before relaxing)
 .debug_str     0x00000f5d      0x105 .\CortexM0\ARM_GCC_493\Debug\PSoC_Fixedpoint_DDS_RhythmMachine_Test01.a(UART.o)
                                0x2bf (size before relaxing)
 .debug_str     0x00001062      0x114 .\CortexM0\ARM_GCC_493\Debug\PSoC_Fixedpoint_DDS_RhythmMachine_Test01.a(UART_UART.o)
                                0x30e (size before relaxing)
 .debug_str     0x00001176      0x41a .\CortexM0\ARM_GCC_493\Debug\PSoC_Fixedpoint_DDS_RhythmMachine_Test01.a(Timer_1.o)
                                0x628 (size before relaxing)
 .debug_str     0x00001590       0xe5 .\CortexM0\ARM_GCC_493\Debug\PSoC_Fixedpoint_DDS_RhythmMachine_Test01.a(UART_SPI_UART.o)
                                0x2f1 (size before relaxing)

.debug_loc      0x00000000     0x19d4
 *(.debug_loc)
 .debug_loc     0x00000000      0x2fb .\CortexM0\ARM_GCC_493\Debug\main.o
 .debug_loc     0x000002fb      0x14f .\CortexM0\ARM_GCC_493\Debug\Cm0Start.o
 .debug_loc     0x0000044a       0xa9 .\CortexM0\ARM_GCC_493\Debug\PSoC_Fixedpoint_DDS_RhythmMachine_Test01.a(cyfitter_cfg.o)
 .debug_loc     0x000004f3      0x534 .\CortexM0\ARM_GCC_493\Debug\PSoC_Fixedpoint_DDS_RhythmMachine_Test01.a(CyLib.o)
 .debug_loc     0x00000a27      0x7df .\CortexM0\ARM_GCC_493\Debug\PSoC_Fixedpoint_DDS_RhythmMachine_Test01.a(CyLFClk.o)
 .debug_loc     0x00001206       0x7e .\CortexM0\ARM_GCC_493\Debug\PSoC_Fixedpoint_DDS_RhythmMachine_Test01.a(UART.o)
 .debug_loc     0x00001284      0x173 .\CortexM0\ARM_GCC_493\Debug\PSoC_Fixedpoint_DDS_RhythmMachine_Test01.a(UART_UART.o)
 .debug_loc     0x000013f7      0x547 .\CortexM0\ARM_GCC_493\Debug\PSoC_Fixedpoint_DDS_RhythmMachine_Test01.a(Timer_1.o)
 .debug_loc     0x0000193e       0x96 .\CortexM0\ARM_GCC_493\Debug\PSoC_Fixedpoint_DDS_RhythmMachine_Test01.a(UART_SPI_UART.o)

.debug_macinfo
 *(.debug_macinfo)

.debug_ranges   0x00000000      0x530
 *(.debug_ranges)
 .debug_ranges  0x00000000       0x30 .\CortexM0\ARM_GCC_493\Debug\main.o
 .debug_ranges  0x00000030       0x38 .\CortexM0\ARM_GCC_493\Debug\Cm0Start.o
 .debug_ranges  0x00000068       0x20 .\CortexM0\ARM_GCC_493\Debug\PSoC_Fixedpoint_DDS_RhythmMachine_Test01.a(cyfitter_cfg.o)
 .debug_ranges  0x00000088      0x160 .\CortexM0\ARM_GCC_493\Debug\PSoC_Fixedpoint_DDS_RhythmMachine_Test01.a(CyLib.o)
 .debug_ranges  0x000001e8      0x110 .\CortexM0\ARM_GCC_493\Debug\PSoC_Fixedpoint_DDS_RhythmMachine_Test01.a(CyLFClk.o)
 .debug_ranges  0x000002f8       0x50 .\CortexM0\ARM_GCC_493\Debug\PSoC_Fixedpoint_DDS_RhythmMachine_Test01.a(UART.o)
 .debug_ranges  0x00000348       0x50 .\CortexM0\ARM_GCC_493\Debug\PSoC_Fixedpoint_DDS_RhythmMachine_Test01.a(UART_UART.o)
 .debug_ranges  0x00000398      0x148 .\CortexM0\ARM_GCC_493\Debug\PSoC_Fixedpoint_DDS_RhythmMachine_Test01.a(Timer_1.o)
 .debug_ranges  0x000004e0       0x50 .\CortexM0\ARM_GCC_493\Debug\PSoC_Fixedpoint_DDS_RhythmMachine_Test01.a(UART_SPI_UART.o)

.comment        0x00000000       0x70
 .comment       0x00000000       0x70 .\CortexM0\ARM_GCC_493\Debug\main.o
                                 0x71 (size before relaxing)
 .comment       0x00000000       0x71 .\CortexM0\ARM_GCC_493\Debug\cymetadata.o
 .comment       0x00000000       0x71 .\CortexM0\ARM_GCC_493\Debug\Cm0Start.o
 .comment       0x00000000       0x71 .\CortexM0\ARM_GCC_493\Debug\PSoC_Fixedpoint_DDS_RhythmMachine_Test01.a(cyfitter_cfg.o)
 .comment       0x00000000       0x71 .\CortexM0\ARM_GCC_493\Debug\PSoC_Fixedpoint_DDS_RhythmMachine_Test01.a(CyLib.o)
 .comment       0x00000000       0x71 .\CortexM0\ARM_GCC_493\Debug\PSoC_Fixedpoint_DDS_RhythmMachine_Test01.a(CyLFClk.o)
 .comment       0x00000000       0x71 .\CortexM0\ARM_GCC_493\Debug\PSoC_Fixedpoint_DDS_RhythmMachine_Test01.a(UART.o)
 .comment       0x00000000       0x71 .\CortexM0\ARM_GCC_493\Debug\PSoC_Fixedpoint_DDS_RhythmMachine_Test01.a(UART_UART.o)
 .comment       0x00000000       0x71 .\CortexM0\ARM_GCC_493\Debug\PSoC_Fixedpoint_DDS_RhythmMachine_Test01.a(Timer_1.o)
 .comment       0x00000000       0x71 .\CortexM0\ARM_GCC_493\Debug\PSoC_Fixedpoint_DDS_RhythmMachine_Test01.a(UART_SPI_UART.o)

.debug_weaknames
 *(.debug_weaknames)

.debug_funcnames
 *(.debug_funcnames)

.debug_typenames
 *(.debug_typenames)

.debug_varnames
 *(.debug_varnames)

.note.gnu.arm.ident
 *(.note.gnu.arm.ident)

.ARM.attributes
                0x00000000       0x28
 *(.ARM.attributes)
 .ARM.attributes
                0x00000000       0x1e c:/program files (x86)/cypress/psoc creator/3.3/psoc creator/import/gnu/arm/4.9.3/bin/../lib/gcc/arm-none-eabi/4.9.3/armv6-m/crti.o
 .ARM.attributes
                0x0000001e       0x2c c:/program files (x86)/cypress/psoc creator/3.3/psoc creator/import/gnu/arm/4.9.3/bin/../lib/gcc/arm-none-eabi/4.9.3/armv6-m/crtbegin.o
 .ARM.attributes
                0x0000004a       0x1b c:/program files (x86)/cypress/psoc creator/3.3/psoc creator/import/gnu/arm/4.9.3/bin/../lib/gcc/arm-none-eabi/4.9.3/../../../../arm-none-eabi/lib/armv6-m/crt0.o
 .ARM.attributes
                0x00000065       0x31 .\CortexM0\ARM_GCC_493\Debug\main.o
 .ARM.attributes
                0x00000096       0x31 .\CortexM0\ARM_GCC_493\Debug\cymetadata.o
 .ARM.attributes
                0x000000c7       0x31 .\CortexM0\ARM_GCC_493\Debug\Cm0Start.o
 .ARM.attributes
                0x000000f8       0x31 .\CortexM0\ARM_GCC_493\Debug\PSoC_Fixedpoint_DDS_RhythmMachine_Test01.a(cyfitter_cfg.o)
 .ARM.attributes
                0x00000129       0x31 .\CortexM0\ARM_GCC_493\Debug\PSoC_Fixedpoint_DDS_RhythmMachine_Test01.a(CyLib.o)
 .ARM.attributes
                0x0000015a       0x31 .\CortexM0\ARM_GCC_493\Debug\PSoC_Fixedpoint_DDS_RhythmMachine_Test01.a(CyLFClk.o)
 .ARM.attributes
                0x0000018b       0x31 .\CortexM0\ARM_GCC_493\Debug\PSoC_Fixedpoint_DDS_RhythmMachine_Test01.a(UART.o)
 .ARM.attributes
                0x000001bc       0x31 .\CortexM0\ARM_GCC_493\Debug\PSoC_Fixedpoint_DDS_RhythmMachine_Test01.a(UART_UART.o)
 .ARM.attributes
                0x000001ed       0x31 .\CortexM0\ARM_GCC_493\Debug\PSoC_Fixedpoint_DDS_RhythmMachine_Test01.a(Timer_1.o)
 .ARM.attributes
                0x0000021e       0x21 .\CortexM0\ARM_GCC_493\Debug\PSoC_Fixedpoint_DDS_RhythmMachine_Test01.a(CyBootAsmGnu.o)
 .ARM.attributes
                0x0000023f       0x31 .\CortexM0\ARM_GCC_493\Debug\PSoC_Fixedpoint_DDS_RhythmMachine_Test01.a(UART_SPI_UART.o)
 .ARM.attributes
                0x00000270       0x1e c:/program files (x86)/cypress/psoc creator/3.3/psoc creator/import/gnu/arm/4.9.3/bin/../lib/gcc/arm-none-eabi/4.9.3/armv6-m\libgcc.a(_udivsi3.o)
 .ARM.attributes
                0x0000028e       0x1e c:/program files (x86)/cypress/psoc creator/3.3/psoc creator/import/gnu/arm/4.9.3/bin/../lib/gcc/arm-none-eabi/4.9.3/armv6-m\libgcc.a(_dvmd_tls.o)
 .ARM.attributes
                0x000002ac       0x1e c:/program files (x86)/cypress/psoc creator/3.3/psoc creator/import/gnu/arm/4.9.3/bin/../lib/gcc/arm-none-eabi/4.9.3/armv6-m\libgcc.a(_aeabi_uldivmod.o)
 .ARM.attributes
                0x000002ca       0x2c c:/program files (x86)/cypress/psoc creator/3.3/psoc creator/import/gnu/arm/4.9.3/bin/../lib/gcc/arm-none-eabi/4.9.3/armv6-m\libgcc.a(_muldi3.o)
 .ARM.attributes
                0x000002f6       0x2c c:/program files (x86)/cypress/psoc creator/3.3/psoc creator/import/gnu/arm/4.9.3/bin/../lib/gcc/arm-none-eabi/4.9.3/armv6-m\libgcc.a(_fixunsdfsi.o)
 .ARM.attributes
                0x00000322       0x2c c:/program files (x86)/cypress/psoc creator/3.3/psoc creator/import/gnu/arm/4.9.3/bin/../lib/gcc/arm-none-eabi/4.9.3/armv6-m\libgcc.a(bpabi.o)
 .ARM.attributes
                0x0000034e       0x2c c:/program files (x86)/cypress/psoc creator/3.3/psoc creator/import/gnu/arm/4.9.3/bin/../lib/gcc/arm-none-eabi/4.9.3/armv6-m\libgcc.a(divdf3.o)
 .ARM.attributes
                0x0000037a       0x2c c:/program files (x86)/cypress/psoc creator/3.3/psoc creator/import/gnu/arm/4.9.3/bin/../lib/gcc/arm-none-eabi/4.9.3/armv6-m\libgcc.a(muldf3.o)
 .ARM.attributes
                0x000003a6       0x2c c:/program files (x86)/cypress/psoc creator/3.3/psoc creator/import/gnu/arm/4.9.3/bin/../lib/gcc/arm-none-eabi/4.9.3/armv6-m\libgcc.a(subdf3.o)
 .ARM.attributes
                0x000003d2       0x2c c:/program files (x86)/cypress/psoc creator/3.3/psoc creator/import/gnu/arm/4.9.3/bin/../lib/gcc/arm-none-eabi/4.9.3/armv6-m\libgcc.a(fixdfsi.o)
 .ARM.attributes
                0x000003fe       0x1e c:/program files (x86)/cypress/psoc creator/3.3/psoc creator/import/gnu/arm/4.9.3/bin/../lib/gcc/arm-none-eabi/4.9.3/armv6-m\libgcc.a(_arm_cmpdf2.o)
 .ARM.attributes
                0x0000041c       0x1e c:/program files (x86)/cypress/psoc creator/3.3/psoc creator/import/gnu/arm/4.9.3/bin/../lib/gcc/arm-none-eabi/4.9.3/armv6-m\libgcc.a(_clzsi2.o)
 .ARM.attributes
                0x0000043a       0x2c c:/program files (x86)/cypress/psoc creator/3.3/psoc creator/import/gnu/arm/4.9.3/bin/../lib/gcc/arm-none-eabi/4.9.3/armv6-m\libgcc.a(_divdi3.o)
 .ARM.attributes
                0x00000466       0x2c c:/program files (x86)/cypress/psoc creator/3.3/psoc creator/import/gnu/arm/4.9.3/bin/../lib/gcc/arm-none-eabi/4.9.3/armv6-m\libgcc.a(_udivdi3.o)
 .ARM.attributes
                0x00000492       0x2c c:/program files (x86)/cypress/psoc creator/3.3/psoc creator/import/gnu/arm/4.9.3/bin/../lib/gcc/arm-none-eabi/4.9.3/armv6-m\libgcc.a(eqdf2.o)
 .ARM.attributes
                0x000004be       0x2c c:/program files (x86)/cypress/psoc creator/3.3/psoc creator/import/gnu/arm/4.9.3/bin/../lib/gcc/arm-none-eabi/4.9.3/armv6-m\libgcc.a(gedf2.o)
 .ARM.attributes
                0x000004ea       0x2c c:/program files (x86)/cypress/psoc creator/3.3/psoc creator/import/gnu/arm/4.9.3/bin/../lib/gcc/arm-none-eabi/4.9.3/armv6-m\libgcc.a(ledf2.o)
 .ARM.attributes
                0x00000516       0x1e c:/program files (x86)/cypress/psoc creator/3.3/psoc creator/import/gnu/arm/4.9.3/bin/../lib/gcc/arm-none-eabi/4.9.3/armv6-m\libgcc.a(_clzdi2.o)
 .ARM.attributes
                0x00000534       0x2c c:/program files (x86)/cypress/psoc creator/3.3/psoc creator/import/gnu/arm/4.9.3/bin/../lib/gcc/arm-none-eabi/4.9.3/../../../../arm-none-eabi/lib/armv6-m\libg_nano.a(lib_a-errno.o)
 .ARM.attributes
                0x00000560       0x2c c:/program files (x86)/cypress/psoc creator/3.3/psoc creator/import/gnu/arm/4.9.3/bin/../lib/gcc/arm-none-eabi/4.9.3/../../../../arm-none-eabi/lib/armv6-m\libg_nano.a(lib_a-exit.o)
 .ARM.attributes
                0x0000058c       0x2c c:/program files (x86)/cypress/psoc creator/3.3/psoc creator/import/gnu/arm/4.9.3/bin/../lib/gcc/arm-none-eabi/4.9.3/../../../../arm-none-eabi/lib/armv6-m\libg_nano.a(lib_a-impure.o)
 .ARM.attributes
                0x000005b8       0x2c c:/program files (x86)/cypress/psoc creator/3.3/psoc creator/import/gnu/arm/4.9.3/bin/../lib/gcc/arm-none-eabi/4.9.3/../../../../arm-none-eabi/lib/armv6-m\libg_nano.a(lib_a-init.o)
 .ARM.attributes
                0x000005e4       0x2c c:/program files (x86)/cypress/psoc creator/3.3/psoc creator/import/gnu/arm/4.9.3/bin/../lib/gcc/arm-none-eabi/4.9.3/../../../../arm-none-eabi/lib/armv6-m\libg_nano.a(lib_a-memcpy.o)
 .ARM.attributes
                0x00000610       0x2c c:/program files (x86)/cypress/psoc creator/3.3/psoc creator/import/gnu/arm/4.9.3/bin/../lib/gcc/arm-none-eabi/4.9.3/../../../../arm-none-eabi/lib/armv6-m\libg_nano.a(lib_a-memset.o)
 .ARM.attributes
                0x0000063c       0x2c c:/program files (x86)/cypress/psoc creator/3.3/psoc creator/import/gnu/arm/4.9.3/bin/../lib/gcc/arm-none-eabi/4.9.3/../../../../arm-none-eabi/lib/armv6-m\libg_nano.a(lib_a-rand.o)
 .ARM.attributes
                0x00000668       0x2c c:/program files (x86)/cypress/psoc creator/3.3/psoc creator/import/gnu/arm/4.9.3/bin/../lib/gcc/arm-none-eabi/4.9.3/../../../../arm-none-eabi/lib/armv6-m\libg_nano.a(lib_a-sprintf.o)
 .ARM.attributes
                0x00000694       0x2c c:/program files (x86)/cypress/psoc creator/3.3/psoc creator/import/gnu/arm/4.9.3/bin/../lib/gcc/arm-none-eabi/4.9.3/../../../../arm-none-eabi/lib/armv6-m\libg_nano.a(lib_a-malloc.o)
 .ARM.attributes
                0x000006c0       0x2c c:/program files (x86)/cypress/psoc creator/3.3/psoc creator/import/gnu/arm/4.9.3/bin/../lib/gcc/arm-none-eabi/4.9.3/../../../../arm-none-eabi/lib/armv6-m\libg_nano.a(lib_a-nano-freer.o)
 .ARM.attributes
                0x000006ec       0x2c c:/program files (x86)/cypress/psoc creator/3.3/psoc creator/import/gnu/arm/4.9.3/bin/../lib/gcc/arm-none-eabi/4.9.3/../../../../arm-none-eabi/lib/armv6-m\libg_nano.a(lib_a-nano-mallocr.o)
 .ARM.attributes
                0x00000718       0x2c c:/program files (x86)/cypress/psoc creator/3.3/psoc creator/import/gnu/arm/4.9.3/bin/../lib/gcc/arm-none-eabi/4.9.3/../../../../arm-none-eabi/lib/armv6-m\libg_nano.a(lib_a-nano-svfprintf.o)
 .ARM.attributes
                0x00000744       0x2c c:/program files (x86)/cypress/psoc creator/3.3/psoc creator/import/gnu/arm/4.9.3/bin/../lib/gcc/arm-none-eabi/4.9.3/../../../../arm-none-eabi/lib/armv6-m\libg_nano.a(lib_a-nano-vfprintf_i.o)
 .ARM.attributes
                0x00000770       0x2c c:/program files (x86)/cypress/psoc creator/3.3/psoc creator/import/gnu/arm/4.9.3/bin/../lib/gcc/arm-none-eabi/4.9.3/../../../../arm-none-eabi/lib/armv6-m\libg_nano.a(lib_a-sbrkr.o)
 .ARM.attributes
                0x0000079c       0x2c c:/program files (x86)/cypress/psoc creator/3.3/psoc creator/import/gnu/arm/4.9.3/bin/../lib/gcc/arm-none-eabi/4.9.3/../../../../arm-none-eabi/lib/armv6-m\libg_nano.a(lib_a-memchr.o)
 .ARM.attributes
                0x000007c8       0x2c c:/program files (x86)/cypress/psoc creator/3.3/psoc creator/import/gnu/arm/4.9.3/bin/../lib/gcc/arm-none-eabi/4.9.3/../../../../arm-none-eabi/lib/armv6-m\libg_nano.a(lib_a-memmove.o)
 .ARM.attributes
                0x000007f4       0x2c c:/program files (x86)/cypress/psoc creator/3.3/psoc creator/import/gnu/arm/4.9.3/bin/../lib/gcc/arm-none-eabi/4.9.3/../../../../arm-none-eabi/lib/armv6-m\libg_nano.a(lib_a-nano-reallocr.o)
 .ARM.attributes
                0x00000820       0x2c c:/program files (x86)/cypress/psoc creator/3.3/psoc creator/import/gnu/arm/4.9.3/bin/../lib/gcc/arm-none-eabi/4.9.3/../../../../arm-none-eabi/lib/armv6-m\libg_nano.a(lib_a-reent.o)
 .ARM.attributes
                0x0000084c       0x2c c:/program files (x86)/cypress/psoc creator/3.3/psoc creator/import/gnu/arm/4.9.3/bin/../lib/gcc/arm-none-eabi/4.9.3/../../../../arm-none-eabi/lib/armv6-m\libg_nano.a(lib_a-nano-msizer.o)
 .ARM.attributes
                0x00000878       0x2c c:/program files (x86)/cypress/psoc creator/3.3/psoc creator/import/gnu/arm/4.9.3/bin/../lib/gcc/arm-none-eabi/4.9.3/armv6-m/crtend.o
 .ARM.attributes
                0x000008a4       0x1e c:/program files (x86)/cypress/psoc creator/3.3/psoc creator/import/gnu/arm/4.9.3/bin/../lib/gcc/arm-none-eabi/4.9.3/armv6-m/crtn.o

/DISCARD/
 *(.note.GNU-stack)
OUTPUT(.\CortexM0\ARM_GCC_493\Debug\PSoC_Fixedpoint_DDS_RhythmMachine_Test01.elf elf32-littlearm)
