ARM GAS  C:\Users\gizmo\AppData\Local\Temp\ccC2A52f.s 			page 1


   1              		.cpu cortex-m0
   2              		.fpu softvfp
   3              		.eabi_attribute 20, 1
   4              		.eabi_attribute 21, 1
   5              		.eabi_attribute 23, 3
   6              		.eabi_attribute 24, 1
   7              		.eabi_attribute 25, 1
   8              		.eabi_attribute 26, 1
   9              		.eabi_attribute 30, 4
  10              		.eabi_attribute 34, 0
  11              		.eabi_attribute 18, 4
  12              		.code	16
  13              		.file	"cyfitter_cfg.c"
  14              		.text
  15              	.Ltext0:
  16              		.cfi_sections	.debug_frame
  17              		.section	.psocinit,"ax",%progbits
  18              		.align	1
  19              		.global	cyfitter_cfg
  20              		.code	16
  21              		.thumb_func
  22              		.type	cyfitter_cfg, %function
  23              	cyfitter_cfg:
  24              	.LFB5:
  25              		.file 1 ".\\Generated_Source\\PSoC4\\cyfitter_cfg.c"
   1:.\Generated_Source\PSoC4/cyfitter_cfg.c **** /*******************************************************************************
   2:.\Generated_Source\PSoC4/cyfitter_cfg.c **** * File Name: cyfitter_cfg.c
   3:.\Generated_Source\PSoC4/cyfitter_cfg.c **** * 
   4:.\Generated_Source\PSoC4/cyfitter_cfg.c **** * PSoC Creator  3.3
   5:.\Generated_Source\PSoC4/cyfitter_cfg.c **** *
   6:.\Generated_Source\PSoC4/cyfitter_cfg.c **** * Description:
   7:.\Generated_Source\PSoC4/cyfitter_cfg.c **** * This file contains device initialization code.
   8:.\Generated_Source\PSoC4/cyfitter_cfg.c **** * Except for the user defined sections in CyClockStartupError(), this file should not be modified.
   9:.\Generated_Source\PSoC4/cyfitter_cfg.c **** * This file is automatically generated by PSoC Creator.
  10:.\Generated_Source\PSoC4/cyfitter_cfg.c **** *
  11:.\Generated_Source\PSoC4/cyfitter_cfg.c **** ********************************************************************************
  12:.\Generated_Source\PSoC4/cyfitter_cfg.c **** * Copyright (c) 2007-2015 Cypress Semiconductor.  All rights reserved.
  13:.\Generated_Source\PSoC4/cyfitter_cfg.c **** * You may use this file only in accordance with the license, terms, conditions, 
  14:.\Generated_Source\PSoC4/cyfitter_cfg.c **** * disclaimers, and limitations in the end user license agreement accompanying 
  15:.\Generated_Source\PSoC4/cyfitter_cfg.c **** * the software package with which this file was provided.
  16:.\Generated_Source\PSoC4/cyfitter_cfg.c **** ********************************************************************************/
  17:.\Generated_Source\PSoC4/cyfitter_cfg.c **** 
  18:.\Generated_Source\PSoC4/cyfitter_cfg.c **** #include <string.h>
  19:.\Generated_Source\PSoC4/cyfitter_cfg.c **** #include "cytypes.h"
  20:.\Generated_Source\PSoC4/cyfitter_cfg.c **** #include "cydevice_trm.h"
  21:.\Generated_Source\PSoC4/cyfitter_cfg.c **** #include "cyfitter.h"
  22:.\Generated_Source\PSoC4/cyfitter_cfg.c **** #include "CyLib.h"
  23:.\Generated_Source\PSoC4/cyfitter_cfg.c **** #include "CyLFClk.h"
  24:.\Generated_Source\PSoC4/cyfitter_cfg.c **** #include "cyfitter_cfg.h"
  25:.\Generated_Source\PSoC4/cyfitter_cfg.c **** 
  26:.\Generated_Source\PSoC4/cyfitter_cfg.c **** 
  27:.\Generated_Source\PSoC4/cyfitter_cfg.c **** #if defined(__GNUC__) || defined(__ARMCC_VERSION)
  28:.\Generated_Source\PSoC4/cyfitter_cfg.c ****     #define CYPACKED 
  29:.\Generated_Source\PSoC4/cyfitter_cfg.c ****     #define CYPACKED_ATTR __attribute__ ((packed))
  30:.\Generated_Source\PSoC4/cyfitter_cfg.c ****     #define CYALIGNED __attribute__ ((aligned))
  31:.\Generated_Source\PSoC4/cyfitter_cfg.c ****     #define CY_CFG_UNUSED __attribute__ ((unused))
  32:.\Generated_Source\PSoC4/cyfitter_cfg.c ****     #define CY_CFG_SECTION __attribute__ ((section(".psocinit")))
ARM GAS  C:\Users\gizmo\AppData\Local\Temp\ccC2A52f.s 			page 2


  33:.\Generated_Source\PSoC4/cyfitter_cfg.c ****     
  34:.\Generated_Source\PSoC4/cyfitter_cfg.c ****     #if defined(__ARMCC_VERSION)
  35:.\Generated_Source\PSoC4/cyfitter_cfg.c ****         #define CY_CFG_MEMORY_BARRIER() __memory_changed()
  36:.\Generated_Source\PSoC4/cyfitter_cfg.c ****     #else
  37:.\Generated_Source\PSoC4/cyfitter_cfg.c ****         #define CY_CFG_MEMORY_BARRIER() __sync_synchronize()
  38:.\Generated_Source\PSoC4/cyfitter_cfg.c ****     #endif
  39:.\Generated_Source\PSoC4/cyfitter_cfg.c ****     
  40:.\Generated_Source\PSoC4/cyfitter_cfg.c **** #elif defined(__ICCARM__)
  41:.\Generated_Source\PSoC4/cyfitter_cfg.c ****     #include <intrinsics.h>
  42:.\Generated_Source\PSoC4/cyfitter_cfg.c **** 
  43:.\Generated_Source\PSoC4/cyfitter_cfg.c ****     #define CYPACKED __packed
  44:.\Generated_Source\PSoC4/cyfitter_cfg.c ****     #define CYPACKED_ATTR 
  45:.\Generated_Source\PSoC4/cyfitter_cfg.c ****     #define CYALIGNED _Pragma("data_alignment=4")
  46:.\Generated_Source\PSoC4/cyfitter_cfg.c ****     #define CY_CFG_UNUSED _Pragma("diag_suppress=Pe177")
  47:.\Generated_Source\PSoC4/cyfitter_cfg.c ****     #define CY_CFG_SECTION _Pragma("location=\".psocinit\"")
  48:.\Generated_Source\PSoC4/cyfitter_cfg.c ****     
  49:.\Generated_Source\PSoC4/cyfitter_cfg.c ****     #define CY_CFG_MEMORY_BARRIER() __DMB()
  50:.\Generated_Source\PSoC4/cyfitter_cfg.c ****     
  51:.\Generated_Source\PSoC4/cyfitter_cfg.c **** #else
  52:.\Generated_Source\PSoC4/cyfitter_cfg.c ****     #error Unsupported toolchain
  53:.\Generated_Source\PSoC4/cyfitter_cfg.c **** #endif
  54:.\Generated_Source\PSoC4/cyfitter_cfg.c **** 
  55:.\Generated_Source\PSoC4/cyfitter_cfg.c **** 
  56:.\Generated_Source\PSoC4/cyfitter_cfg.c **** CY_CFG_UNUSED
  57:.\Generated_Source\PSoC4/cyfitter_cfg.c **** static void CYMEMZERO(void *s, size_t n);
  58:.\Generated_Source\PSoC4/cyfitter_cfg.c **** CY_CFG_UNUSED
  59:.\Generated_Source\PSoC4/cyfitter_cfg.c **** static void CYMEMZERO(void *s, size_t n)
  60:.\Generated_Source\PSoC4/cyfitter_cfg.c **** {
  61:.\Generated_Source\PSoC4/cyfitter_cfg.c **** 	(void)memset(s, 0, n);
  62:.\Generated_Source\PSoC4/cyfitter_cfg.c **** }
  63:.\Generated_Source\PSoC4/cyfitter_cfg.c **** CY_CFG_UNUSED
  64:.\Generated_Source\PSoC4/cyfitter_cfg.c **** static void CYCONFIGCPY(void *dest, const void *src, size_t n);
  65:.\Generated_Source\PSoC4/cyfitter_cfg.c **** CY_CFG_UNUSED
  66:.\Generated_Source\PSoC4/cyfitter_cfg.c **** static void CYCONFIGCPY(void *dest, const void *src, size_t n)
  67:.\Generated_Source\PSoC4/cyfitter_cfg.c **** {
  68:.\Generated_Source\PSoC4/cyfitter_cfg.c **** 	(void)memcpy(dest, src, n);
  69:.\Generated_Source\PSoC4/cyfitter_cfg.c **** }
  70:.\Generated_Source\PSoC4/cyfitter_cfg.c **** CY_CFG_UNUSED
  71:.\Generated_Source\PSoC4/cyfitter_cfg.c **** static void CYCONFIGCPYCODE(void *dest, const void *src, size_t n);
  72:.\Generated_Source\PSoC4/cyfitter_cfg.c **** CY_CFG_UNUSED
  73:.\Generated_Source\PSoC4/cyfitter_cfg.c **** static void CYCONFIGCPYCODE(void *dest, const void *src, size_t n)
  74:.\Generated_Source\PSoC4/cyfitter_cfg.c **** {
  75:.\Generated_Source\PSoC4/cyfitter_cfg.c **** 	(void)memcpy(dest, src, n);
  76:.\Generated_Source\PSoC4/cyfitter_cfg.c **** }
  77:.\Generated_Source\PSoC4/cyfitter_cfg.c **** 
  78:.\Generated_Source\PSoC4/cyfitter_cfg.c **** 
  79:.\Generated_Source\PSoC4/cyfitter_cfg.c **** 
  80:.\Generated_Source\PSoC4/cyfitter_cfg.c **** /* Clock startup error codes                                                   */
  81:.\Generated_Source\PSoC4/cyfitter_cfg.c **** #define CYCLOCKSTART_NO_ERROR    0u
  82:.\Generated_Source\PSoC4/cyfitter_cfg.c **** #define CYCLOCKSTART_XTAL_ERROR  1u
  83:.\Generated_Source\PSoC4/cyfitter_cfg.c **** #define CYCLOCKSTART_32KHZ_ERROR 2u
  84:.\Generated_Source\PSoC4/cyfitter_cfg.c **** #define CYCLOCKSTART_PLL_ERROR   3u
  85:.\Generated_Source\PSoC4/cyfitter_cfg.c **** 
  86:.\Generated_Source\PSoC4/cyfitter_cfg.c **** #ifdef CY_NEED_CYCLOCKSTARTUPERROR
  87:.\Generated_Source\PSoC4/cyfitter_cfg.c **** /*******************************************************************************
  88:.\Generated_Source\PSoC4/cyfitter_cfg.c **** * Function Name: CyClockStartupError
  89:.\Generated_Source\PSoC4/cyfitter_cfg.c **** ********************************************************************************
ARM GAS  C:\Users\gizmo\AppData\Local\Temp\ccC2A52f.s 			page 3


  90:.\Generated_Source\PSoC4/cyfitter_cfg.c **** * Summary:
  91:.\Generated_Source\PSoC4/cyfitter_cfg.c **** *  If an error is encountered during clock configuration (crystal startup error,
  92:.\Generated_Source\PSoC4/cyfitter_cfg.c **** *  PLL lock error, etc.), the system will end up here.  Unless reimplemented by
  93:.\Generated_Source\PSoC4/cyfitter_cfg.c **** *  the customer, this function will stop in an infinite loop.
  94:.\Generated_Source\PSoC4/cyfitter_cfg.c **** *
  95:.\Generated_Source\PSoC4/cyfitter_cfg.c **** * Parameters:
  96:.\Generated_Source\PSoC4/cyfitter_cfg.c **** *   void
  97:.\Generated_Source\PSoC4/cyfitter_cfg.c **** *
  98:.\Generated_Source\PSoC4/cyfitter_cfg.c **** * Return:
  99:.\Generated_Source\PSoC4/cyfitter_cfg.c **** *   void
 100:.\Generated_Source\PSoC4/cyfitter_cfg.c **** *
 101:.\Generated_Source\PSoC4/cyfitter_cfg.c **** *******************************************************************************/
 102:.\Generated_Source\PSoC4/cyfitter_cfg.c **** CY_CFG_UNUSED
 103:.\Generated_Source\PSoC4/cyfitter_cfg.c **** static void CyClockStartupError(uint8 errorCode);
 104:.\Generated_Source\PSoC4/cyfitter_cfg.c **** CY_CFG_UNUSED
 105:.\Generated_Source\PSoC4/cyfitter_cfg.c **** static void CyClockStartupError(uint8 errorCode)
 106:.\Generated_Source\PSoC4/cyfitter_cfg.c **** {
 107:.\Generated_Source\PSoC4/cyfitter_cfg.c ****     /* To remove the compiler warning if errorCode not used.                */
 108:.\Generated_Source\PSoC4/cyfitter_cfg.c ****     errorCode = errorCode;
 109:.\Generated_Source\PSoC4/cyfitter_cfg.c **** 
 110:.\Generated_Source\PSoC4/cyfitter_cfg.c ****     /* `#START CyClockStartupError` */
 111:.\Generated_Source\PSoC4/cyfitter_cfg.c **** 
 112:.\Generated_Source\PSoC4/cyfitter_cfg.c ****     /* If we have a clock startup error (bad MHz crystal, PLL lock, etc.),  */
 113:.\Generated_Source\PSoC4/cyfitter_cfg.c ****     /* we will end up here to allow the customer to implement something to  */
 114:.\Generated_Source\PSoC4/cyfitter_cfg.c ****     /* deal with the clock condition.                                       */
 115:.\Generated_Source\PSoC4/cyfitter_cfg.c **** 
 116:.\Generated_Source\PSoC4/cyfitter_cfg.c ****     /* `#END` */
 117:.\Generated_Source\PSoC4/cyfitter_cfg.c **** 
 118:.\Generated_Source\PSoC4/cyfitter_cfg.c ****     /* If nothing else, stop here since the clocks have not started         */
 119:.\Generated_Source\PSoC4/cyfitter_cfg.c ****     /* correctly.                                                           */
 120:.\Generated_Source\PSoC4/cyfitter_cfg.c ****     while(1) {}
 121:.\Generated_Source\PSoC4/cyfitter_cfg.c **** }
 122:.\Generated_Source\PSoC4/cyfitter_cfg.c **** #endif
 123:.\Generated_Source\PSoC4/cyfitter_cfg.c **** 
 124:.\Generated_Source\PSoC4/cyfitter_cfg.c **** 
 125:.\Generated_Source\PSoC4/cyfitter_cfg.c **** 
 126:.\Generated_Source\PSoC4/cyfitter_cfg.c **** /*******************************************************************************
 127:.\Generated_Source\PSoC4/cyfitter_cfg.c **** * Function Name: ClockSetup
 128:.\Generated_Source\PSoC4/cyfitter_cfg.c **** ********************************************************************************
 129:.\Generated_Source\PSoC4/cyfitter_cfg.c **** *
 130:.\Generated_Source\PSoC4/cyfitter_cfg.c **** * Summary:
 131:.\Generated_Source\PSoC4/cyfitter_cfg.c **** *   Performs the initialization of all of the clocks in the device based on the
 132:.\Generated_Source\PSoC4/cyfitter_cfg.c **** *   settings in the Clock tab of the DWR.  This includes enabling the requested
 133:.\Generated_Source\PSoC4/cyfitter_cfg.c **** *   clocks and setting the necessary dividers to produce the desired frequency. 
 134:.\Generated_Source\PSoC4/cyfitter_cfg.c **** *
 135:.\Generated_Source\PSoC4/cyfitter_cfg.c **** * Parameters:
 136:.\Generated_Source\PSoC4/cyfitter_cfg.c **** *   void
 137:.\Generated_Source\PSoC4/cyfitter_cfg.c **** *
 138:.\Generated_Source\PSoC4/cyfitter_cfg.c **** * Return:
 139:.\Generated_Source\PSoC4/cyfitter_cfg.c **** *   void
 140:.\Generated_Source\PSoC4/cyfitter_cfg.c **** *
 141:.\Generated_Source\PSoC4/cyfitter_cfg.c **** *******************************************************************************/
 142:.\Generated_Source\PSoC4/cyfitter_cfg.c **** static void ClockSetup(void);
 143:.\Generated_Source\PSoC4/cyfitter_cfg.c **** CY_CFG_SECTION
 144:.\Generated_Source\PSoC4/cyfitter_cfg.c **** static void ClockSetup(void)
 145:.\Generated_Source\PSoC4/cyfitter_cfg.c **** {
 146:.\Generated_Source\PSoC4/cyfitter_cfg.c **** 	/* Enable HALF_EN before trimming for the flash accelerator. */
ARM GAS  C:\Users\gizmo\AppData\Local\Temp\ccC2A52f.s 			page 4


 147:.\Generated_Source\PSoC4/cyfitter_cfg.c **** 	CY_SET_REG32((void CYXDATA *)(CYREG_CLK_SELECT), (CY_GET_REG32((void *)CYREG_CLK_SELECT) | 0x00040
 148:.\Generated_Source\PSoC4/cyfitter_cfg.c **** 
 149:.\Generated_Source\PSoC4/cyfitter_cfg.c **** 	/* Setup and trim IMO based on desired frequency. */
 150:.\Generated_Source\PSoC4/cyfitter_cfg.c **** 	CySysClkWriteImoFreq(48u);
 151:.\Generated_Source\PSoC4/cyfitter_cfg.c **** 	/* CYDEV_CLK_ILO_CONFIG Starting address: CYDEV_CLK_ILO_CONFIG */
 152:.\Generated_Source\PSoC4/cyfitter_cfg.c **** 	CY_SET_XTND_REG32((void CYFAR *)(CYREG_CLK_ILO_CONFIG), 0x80000006u);
 153:.\Generated_Source\PSoC4/cyfitter_cfg.c **** 
 154:.\Generated_Source\PSoC4/cyfitter_cfg.c **** 
 155:.\Generated_Source\PSoC4/cyfitter_cfg.c **** 	/* CYDEV_CLK_SELECT00 Starting address: CYDEV_CLK_SELECT00 */
 156:.\Generated_Source\PSoC4/cyfitter_cfg.c **** 	CY_SET_XTND_REG32((void CYFAR *)(CYREG_CLK_SELECT03), 0x00000010u);
 157:.\Generated_Source\PSoC4/cyfitter_cfg.c **** 	CY_SET_XTND_REG32((void CYFAR *)(CYREG_CLK_SELECT08), 0x00000020u);
 158:.\Generated_Source\PSoC4/cyfitter_cfg.c **** 
 159:.\Generated_Source\PSoC4/cyfitter_cfg.c **** 	/* CYDEV_CLK_IMO_CONFIG Starting address: CYDEV_CLK_IMO_CONFIG */
 160:.\Generated_Source\PSoC4/cyfitter_cfg.c **** 	CY_SET_XTND_REG32((void CYFAR *)(CYREG_CLK_IMO_CONFIG), 0x80000000u);
 161:.\Generated_Source\PSoC4/cyfitter_cfg.c **** 
 162:.\Generated_Source\PSoC4/cyfitter_cfg.c **** 	/* CYDEV_CLK_SELECT Starting address: CYDEV_CLK_SELECT */
 163:.\Generated_Source\PSoC4/cyfitter_cfg.c **** 	CY_SET_XTND_REG32((void CYFAR *)(CYREG_CLK_SELECT), 0x00040000u);
 164:.\Generated_Source\PSoC4/cyfitter_cfg.c **** 
 165:.\Generated_Source\PSoC4/cyfitter_cfg.c **** 	/* CYDEV_CLK_DIVIDER_A00 Starting address: CYDEV_CLK_DIVIDER_A00 */
 166:.\Generated_Source\PSoC4/cyfitter_cfg.c **** 	CY_SET_XTND_REG32((void CYFAR *)(CYREG_CLK_DIVIDER_A00), 0x80000022u);
 167:.\Generated_Source\PSoC4/cyfitter_cfg.c **** 
 168:.\Generated_Source\PSoC4/cyfitter_cfg.c **** 	/* CYDEV_CLK_DIVIDER_B00 Starting address: CYDEV_CLK_DIVIDER_B00 */
 169:.\Generated_Source\PSoC4/cyfitter_cfg.c **** 	CY_SET_XTND_REG32((void CYFAR *)(CYREG_CLK_DIVIDER_B00), 0x800012BFu);
 170:.\Generated_Source\PSoC4/cyfitter_cfg.c **** 
 171:.\Generated_Source\PSoC4/cyfitter_cfg.c **** 	(void)CyIntSetVector(9u, &CySysWdtIsr);
 172:.\Generated_Source\PSoC4/cyfitter_cfg.c **** 	CyIntEnable(9u);
 173:.\Generated_Source\PSoC4/cyfitter_cfg.c **** 	CY_SET_XTND_REG32((void CYFAR *)(CYREG_WDT_CONFIG), 0x00000000u);
 174:.\Generated_Source\PSoC4/cyfitter_cfg.c **** }
 175:.\Generated_Source\PSoC4/cyfitter_cfg.c **** 
 176:.\Generated_Source\PSoC4/cyfitter_cfg.c **** 
 177:.\Generated_Source\PSoC4/cyfitter_cfg.c **** /* Analog API Functions */
 178:.\Generated_Source\PSoC4/cyfitter_cfg.c **** 
 179:.\Generated_Source\PSoC4/cyfitter_cfg.c **** 
 180:.\Generated_Source\PSoC4/cyfitter_cfg.c **** /*******************************************************************************
 181:.\Generated_Source\PSoC4/cyfitter_cfg.c **** * Function Name: AnalogSetDefault
 182:.\Generated_Source\PSoC4/cyfitter_cfg.c **** ********************************************************************************
 183:.\Generated_Source\PSoC4/cyfitter_cfg.c **** *
 184:.\Generated_Source\PSoC4/cyfitter_cfg.c **** * Summary:
 185:.\Generated_Source\PSoC4/cyfitter_cfg.c **** *  Sets up the analog portions of the chip to default values based on chip
 186:.\Generated_Source\PSoC4/cyfitter_cfg.c **** *  configuration options from the project.
 187:.\Generated_Source\PSoC4/cyfitter_cfg.c **** *
 188:.\Generated_Source\PSoC4/cyfitter_cfg.c **** * Parameters:
 189:.\Generated_Source\PSoC4/cyfitter_cfg.c **** *  void
 190:.\Generated_Source\PSoC4/cyfitter_cfg.c **** *
 191:.\Generated_Source\PSoC4/cyfitter_cfg.c **** * Return:
 192:.\Generated_Source\PSoC4/cyfitter_cfg.c **** *  void
 193:.\Generated_Source\PSoC4/cyfitter_cfg.c **** *
 194:.\Generated_Source\PSoC4/cyfitter_cfg.c **** *******************************************************************************/
 195:.\Generated_Source\PSoC4/cyfitter_cfg.c **** static void AnalogSetDefault(void);
 196:.\Generated_Source\PSoC4/cyfitter_cfg.c **** static void AnalogSetDefault(void)
 197:.\Generated_Source\PSoC4/cyfitter_cfg.c **** {
 198:.\Generated_Source\PSoC4/cyfitter_cfg.c **** }
 199:.\Generated_Source\PSoC4/cyfitter_cfg.c **** 
 200:.\Generated_Source\PSoC4/cyfitter_cfg.c **** #define CY_AMUX_UNUSED CYREG_CM0_ROM_DWT
 201:.\Generated_Source\PSoC4/cyfitter_cfg.c **** 
 202:.\Generated_Source\PSoC4/cyfitter_cfg.c **** 
 203:.\Generated_Source\PSoC4/cyfitter_cfg.c **** /*******************************************************************************
ARM GAS  C:\Users\gizmo\AppData\Local\Temp\ccC2A52f.s 			page 5


 204:.\Generated_Source\PSoC4/cyfitter_cfg.c **** * Function Name: cyfitter_cfg
 205:.\Generated_Source\PSoC4/cyfitter_cfg.c **** ********************************************************************************
 206:.\Generated_Source\PSoC4/cyfitter_cfg.c **** * Summary:
 207:.\Generated_Source\PSoC4/cyfitter_cfg.c **** *  This function is called by the start-up code for the selected device. It
 208:.\Generated_Source\PSoC4/cyfitter_cfg.c **** *  performs all of the necessary device configuration based on the design
 209:.\Generated_Source\PSoC4/cyfitter_cfg.c **** *  settings.  This includes settings from the Design Wide Resources (DWR) such
 210:.\Generated_Source\PSoC4/cyfitter_cfg.c **** *  as Clocks and Pins as well as any component configuration that is necessary.
 211:.\Generated_Source\PSoC4/cyfitter_cfg.c **** *
 212:.\Generated_Source\PSoC4/cyfitter_cfg.c **** * Parameters:  
 213:.\Generated_Source\PSoC4/cyfitter_cfg.c **** *   void
 214:.\Generated_Source\PSoC4/cyfitter_cfg.c **** *
 215:.\Generated_Source\PSoC4/cyfitter_cfg.c **** * Return:
 216:.\Generated_Source\PSoC4/cyfitter_cfg.c **** *   void
 217:.\Generated_Source\PSoC4/cyfitter_cfg.c **** *
 218:.\Generated_Source\PSoC4/cyfitter_cfg.c **** *******************************************************************************/
 219:.\Generated_Source\PSoC4/cyfitter_cfg.c **** CY_CFG_SECTION
 220:.\Generated_Source\PSoC4/cyfitter_cfg.c **** void cyfitter_cfg(void)
 221:.\Generated_Source\PSoC4/cyfitter_cfg.c **** {
  26              		.loc 1 221 0
  27              		.cfi_startproc
  28 0000 70B5     		push	{r4, r5, r6, lr}
  29              		.cfi_def_cfa_offset 16
  30              		.cfi_offset 4, -16
  31              		.cfi_offset 5, -12
  32              		.cfi_offset 6, -8
  33              		.cfi_offset 14, -4
 222:.\Generated_Source\PSoC4/cyfitter_cfg.c **** 	/* Disable interrupts by default. Let user enable if/when they want. */
 223:.\Generated_Source\PSoC4/cyfitter_cfg.c **** 	CyGlobalIntDisable;
  34              		.loc 1 223 0
  35              	@ 223 ".\Generated_Source\PSoC4\cyfitter_cfg.c" 1
  36 0002 72B6     		CPSID   i
  37              	@ 0 "" 2
  38              	.LVL0:
  39              		.code	16
  40              	.LBB12:
  41              	.LBB13:
  42              	.LBB14:
  43              	.LBB15:
  61:.\Generated_Source\PSoC4/cyfitter_cfg.c **** }
  44              		.loc 1 61 0
  45 0004 8024     		mov	r4, #128
  46 0006 E400     		lsl	r4, r4, #3
  47 0008 221C     		mov	r2, r4
  48 000a 0021     		mov	r1, #0
  49 000c 2B48     		ldr	r0, .L2
  50 000e FFF7FEFF 		bl	memset
  51              	.LVL1:
  52 0012 221C     		mov	r2, r4
  53 0014 0021     		mov	r1, #0
  54 0016 2A48     		ldr	r0, .L2+4
  55 0018 FFF7FEFF 		bl	memset
  56              	.LVL2:
  57              	.LBE15:
  58              	.LBE14:
  59              	.LBE13:
 224:.\Generated_Source\PSoC4/cyfitter_cfg.c **** 
 225:.\Generated_Source\PSoC4/cyfitter_cfg.c **** 	{
ARM GAS  C:\Users\gizmo\AppData\Local\Temp\ccC2A52f.s 			page 6


 226:.\Generated_Source\PSoC4/cyfitter_cfg.c **** 
 227:.\Generated_Source\PSoC4/cyfitter_cfg.c **** 		CYPACKED typedef struct {
 228:.\Generated_Source\PSoC4/cyfitter_cfg.c **** 			void CYFAR *address;
 229:.\Generated_Source\PSoC4/cyfitter_cfg.c **** 			uint16 size;
 230:.\Generated_Source\PSoC4/cyfitter_cfg.c **** 		} CYPACKED_ATTR cfg_memset_t;
 231:.\Generated_Source\PSoC4/cyfitter_cfg.c **** 
 232:.\Generated_Source\PSoC4/cyfitter_cfg.c **** 		static const cfg_memset_t CYCODE cfg_memset_list [] = {
 233:.\Generated_Source\PSoC4/cyfitter_cfg.c **** 			/* address, size */
 234:.\Generated_Source\PSoC4/cyfitter_cfg.c **** 			{(void CYFAR *)(CYDEV_UDB_P0_U0_BASE), 1024u},
 235:.\Generated_Source\PSoC4/cyfitter_cfg.c **** 			{(void CYFAR *)(CYDEV_UDB_DSI0_BASE), 1024u},
 236:.\Generated_Source\PSoC4/cyfitter_cfg.c **** 		};
 237:.\Generated_Source\PSoC4/cyfitter_cfg.c **** 
 238:.\Generated_Source\PSoC4/cyfitter_cfg.c **** 		uint8 CYDATA i;
 239:.\Generated_Source\PSoC4/cyfitter_cfg.c **** 
 240:.\Generated_Source\PSoC4/cyfitter_cfg.c **** 		/* Zero out critical memory blocks before beginning configuration */
 241:.\Generated_Source\PSoC4/cyfitter_cfg.c **** 		for (i = 0u; i < (sizeof(cfg_memset_list)/sizeof(cfg_memset_list[0])); i++)
 242:.\Generated_Source\PSoC4/cyfitter_cfg.c **** 		{
 243:.\Generated_Source\PSoC4/cyfitter_cfg.c **** 			const cfg_memset_t CYCODE * CYDATA ms = &cfg_memset_list[i];
 244:.\Generated_Source\PSoC4/cyfitter_cfg.c **** 			CYMEMZERO(ms->address, (size_t)(uint32)(ms->size));
 245:.\Generated_Source\PSoC4/cyfitter_cfg.c **** 		}
 246:.\Generated_Source\PSoC4/cyfitter_cfg.c **** 
 247:.\Generated_Source\PSoC4/cyfitter_cfg.c **** 		/* HSIOM Starting address: CYDEV_HSIOM_BASE */
 248:.\Generated_Source\PSoC4/cyfitter_cfg.c **** 		CY_SET_XTND_REG32((void CYFAR *)(CYDEV_HSIOM_BASE), 0x00990000u);
  60              		.loc 1 248 0
  61 001c 9923     		mov	r3, #153
 249:.\Generated_Source\PSoC4/cyfitter_cfg.c **** 		CY_SET_XTND_REG32((void CYFAR *)(CYREG_HSIOM_PORT_SEL3), 0x0000EE00u);
  62              		.loc 1 249 0
  63 001e EE21     		mov	r1, #238
 248:.\Generated_Source\PSoC4/cyfitter_cfg.c **** 		CY_SET_XTND_REG32((void CYFAR *)(CYREG_HSIOM_PORT_SEL3), 0x0000EE00u);
  64              		.loc 1 248 0
  65 0020 284A     		ldr	r2, .L2+8
  66 0022 1B04     		lsl	r3, r3, #16
  67 0024 1360     		str	r3, [r2]
  68              		.loc 1 249 0
  69 0026 284A     		ldr	r2, .L2+12
  70 0028 0902     		lsl	r1, r1, #8
  71 002a 1160     		str	r1, [r2]
 250:.\Generated_Source\PSoC4/cyfitter_cfg.c **** 
 251:.\Generated_Source\PSoC4/cyfitter_cfg.c **** 		/* UDB_PA_0 Starting address: CYDEV_UDB_PA0_BASE */
 252:.\Generated_Source\PSoC4/cyfitter_cfg.c **** 		CY_SET_XTND_REG32((void CYFAR *)(CYDEV_UDB_PA0_BASE), 0x00990000u);
 253:.\Generated_Source\PSoC4/cyfitter_cfg.c **** 
 254:.\Generated_Source\PSoC4/cyfitter_cfg.c **** 		/* UDB_PA_3 Starting address: CYDEV_UDB_PA3_BASE */
 255:.\Generated_Source\PSoC4/cyfitter_cfg.c **** 		CY_SET_XTND_REG32((void CYFAR *)(CYDEV_UDB_PA3_BASE), 0x00990000u);
 256:.\Generated_Source\PSoC4/cyfitter_cfg.c **** 
 257:.\Generated_Source\PSoC4/cyfitter_cfg.c **** 		/* Enable digital routing */
 258:.\Generated_Source\PSoC4/cyfitter_cfg.c **** 		CY_SET_XTND_REG8((void *)CYREG_UDB_UDBIF_BANK_CTL, CY_GET_XTND_REG8((void *)CYREG_UDB_UDBIF_BANK_
  72              		.loc 1 258 0
  73 002c 0221     		mov	r1, #2
 259:.\Generated_Source\PSoC4/cyfitter_cfg.c **** 
 260:.\Generated_Source\PSoC4/cyfitter_cfg.c **** 		/* Enable UDB array */
 261:.\Generated_Source\PSoC4/cyfitter_cfg.c **** 		CY_SET_XTND_REG8((void *)CYREG_UDB_UDBIF_WAIT_CFG, (uint8)((CY_GET_XTND_REG8((void *)CYREG_UDB_UD
  74              		.loc 1 261 0
  75 002e 3C20     		mov	r0, #60
 252:.\Generated_Source\PSoC4/cyfitter_cfg.c **** 
  76              		.loc 1 252 0
  77 0030 264A     		ldr	r2, .L2+16
  78              	.LBE12:
ARM GAS  C:\Users\gizmo\AppData\Local\Temp\ccC2A52f.s 			page 7


 262:.\Generated_Source\PSoC4/cyfitter_cfg.c **** 		CY_SET_XTND_REG8((void *)CYREG_UDB_UDBIF_BANK_CTL, (uint8)(CY_GET_XTND_REG8((void *)CYREG_UDB_UDB
 263:.\Generated_Source\PSoC4/cyfitter_cfg.c **** 	}
 264:.\Generated_Source\PSoC4/cyfitter_cfg.c **** 
 265:.\Generated_Source\PSoC4/cyfitter_cfg.c **** 	/* Perform second pass device configuration. These items must be configured in specific order afte
 266:.\Generated_Source\PSoC4/cyfitter_cfg.c **** 	/* IOPINS0_0 Starting address: CYDEV_PRT0_BASE */
 267:.\Generated_Source\PSoC4/cyfitter_cfg.c **** 	CY_SET_XTND_REG32((void CYFAR *)(CYDEV_PRT0_BASE), 0x00000020u);
  79              		.loc 1 267 0
  80 0032 2025     		mov	r5, #32
  81              	.LBB16:
 252:.\Generated_Source\PSoC4/cyfitter_cfg.c **** 
  82              		.loc 1 252 0
  83 0034 1360     		str	r3, [r2]
 255:.\Generated_Source\PSoC4/cyfitter_cfg.c **** 
  84              		.loc 1 255 0
  85 0036 264A     		ldr	r2, .L2+20
  86              	.LBE16:
  87              	.LBB17:
  88              	.LBB18:
 147:.\Generated_Source\PSoC4/cyfitter_cfg.c **** 
  89              		.loc 1 147 0
  90 0038 8026     		mov	r6, #128
  91              	.LBE18:
  92              	.LBE17:
  93              	.LBB23:
 255:.\Generated_Source\PSoC4/cyfitter_cfg.c **** 
  94              		.loc 1 255 0
  95 003a 1360     		str	r3, [r2]
 258:.\Generated_Source\PSoC4/cyfitter_cfg.c **** 
  96              		.loc 1 258 0
  97 003c 254A     		ldr	r2, .L2+24
  98              	.LBE23:
  99              	.LBB24:
 100              	.LBB19:
 147:.\Generated_Source\PSoC4/cyfitter_cfg.c **** 
 101              		.loc 1 147 0
 102 003e 264C     		ldr	r4, .L2+28
 103              	.LBE19:
 104              	.LBE24:
 105              	.LBB25:
 258:.\Generated_Source\PSoC4/cyfitter_cfg.c **** 
 106              		.loc 1 258 0
 107 0040 1378     		ldrb	r3, [r2]
 108              	.LBE25:
 109              	.LBB26:
 110              	.LBB20:
 147:.\Generated_Source\PSoC4/cyfitter_cfg.c **** 
 111              		.loc 1 147 0
 112 0042 F602     		lsl	r6, r6, #11
 113              	.LBE20:
 114              	.LBE26:
 115              	.LBB27:
 258:.\Generated_Source\PSoC4/cyfitter_cfg.c **** 
 116              		.loc 1 258 0
 117 0044 0B43     		orr	r3, r1
 261:.\Generated_Source\PSoC4/cyfitter_cfg.c **** 		CY_SET_XTND_REG8((void *)CYREG_UDB_UDBIF_BANK_CTL, (uint8)(CY_GET_XTND_REG8((void *)CYREG_UDB_UDB
 118              		.loc 1 261 0
 119 0046 2549     		ldr	r1, .L2+32
ARM GAS  C:\Users\gizmo\AppData\Local\Temp\ccC2A52f.s 			page 8


 258:.\Generated_Source\PSoC4/cyfitter_cfg.c **** 
 120              		.loc 1 258 0
 121 0048 1370     		strb	r3, [r2]
 261:.\Generated_Source\PSoC4/cyfitter_cfg.c **** 		CY_SET_XTND_REG8((void *)CYREG_UDB_UDBIF_BANK_CTL, (uint8)(CY_GET_XTND_REG8((void *)CYREG_UDB_UDB
 122              		.loc 1 261 0
 123 004a 0B78     		ldrb	r3, [r1]
 124              	.LBE27:
 268:.\Generated_Source\PSoC4/cyfitter_cfg.c **** 	CY_SET_XTND_REG32((void CYFAR *)(CYREG_PRT0_PC), 0x00031000u);
 269:.\Generated_Source\PSoC4/cyfitter_cfg.c **** 	CY_SET_XTND_REG32((void CYFAR *)(CYREG_PRT0_PC2), 0x00000020u);
 270:.\Generated_Source\PSoC4/cyfitter_cfg.c **** 
 271:.\Generated_Source\PSoC4/cyfitter_cfg.c **** 	/* IOPINS0_3 Starting address: CYDEV_PRT3_BASE */
 272:.\Generated_Source\PSoC4/cyfitter_cfg.c **** 	CY_SET_XTND_REG32((void CYFAR *)(CYREG_PRT3_PC), 0x00000D80u);
 273:.\Generated_Source\PSoC4/cyfitter_cfg.c **** 
 274:.\Generated_Source\PSoC4/cyfitter_cfg.c **** 	/* Setup clocks based on selections from Clock DWR */
 275:.\Generated_Source\PSoC4/cyfitter_cfg.c **** 	ClockSetup();
 276:.\Generated_Source\PSoC4/cyfitter_cfg.c **** 
 277:.\Generated_Source\PSoC4/cyfitter_cfg.c **** 	/* Perform basic analog initialization to defaults */
 278:.\Generated_Source\PSoC4/cyfitter_cfg.c **** 	AnalogSetDefault();
 279:.\Generated_Source\PSoC4/cyfitter_cfg.c **** 
 280:.\Generated_Source\PSoC4/cyfitter_cfg.c **** }
 125              		.loc 1 280 0
 126              		@ sp needed
 127              	.LBB28:
 261:.\Generated_Source\PSoC4/cyfitter_cfg.c **** 		CY_SET_XTND_REG8((void *)CYREG_UDB_UDBIF_BANK_CTL, (uint8)(CY_GET_XTND_REG8((void *)CYREG_UDB_UDB
 128              		.loc 1 261 0
 129 004c 8343     		bic	r3, r0
 130 004e 2838     		sub	r0, r0, #40
 131 0050 0343     		orr	r3, r0
 132 0052 0B70     		strb	r3, [r1]
 262:.\Generated_Source\PSoC4/cyfitter_cfg.c **** 	}
 133              		.loc 1 262 0
 134 0054 1621     		mov	r1, #22
 135 0056 1378     		ldrb	r3, [r2]
 136              	.LBE28:
 137              	.LBB29:
 138              	.LBB21:
 150:.\Generated_Source\PSoC4/cyfitter_cfg.c **** 	/* CYDEV_CLK_ILO_CONFIG Starting address: CYDEV_CLK_ILO_CONFIG */
 139              		.loc 1 150 0
 140 0058 1C30     		add	r0, r0, #28
 141              	.LBE21:
 142              	.LBE29:
 143              	.LBB30:
 262:.\Generated_Source\PSoC4/cyfitter_cfg.c **** 	}
 144              		.loc 1 262 0
 145 005a 0B43     		orr	r3, r1
 146 005c 1370     		strb	r3, [r2]
 147              	.LBE30:
 268:.\Generated_Source\PSoC4/cyfitter_cfg.c **** 	CY_SET_XTND_REG32((void CYFAR *)(CYREG_PRT0_PC), 0x00031000u);
 148              		.loc 1 268 0
 149 005e C422     		mov	r2, #196
 267:.\Generated_Source\PSoC4/cyfitter_cfg.c **** 	CY_SET_XTND_REG32((void CYFAR *)(CYREG_PRT0_PC), 0x00031000u);
 150              		.loc 1 267 0
 151 0060 1F4B     		ldr	r3, .L2+36
 268:.\Generated_Source\PSoC4/cyfitter_cfg.c **** 	CY_SET_XTND_REG32((void CYFAR *)(CYREG_PRT0_PC2), 0x00000020u);
 152              		.loc 1 268 0
 153 0062 9202     		lsl	r2, r2, #10
 267:.\Generated_Source\PSoC4/cyfitter_cfg.c **** 	CY_SET_XTND_REG32((void CYFAR *)(CYREG_PRT0_PC), 0x00031000u);
ARM GAS  C:\Users\gizmo\AppData\Local\Temp\ccC2A52f.s 			page 9


 154              		.loc 1 267 0
 155 0064 1D60     		str	r5, [r3]
 268:.\Generated_Source\PSoC4/cyfitter_cfg.c **** 	CY_SET_XTND_REG32((void CYFAR *)(CYREG_PRT0_PC2), 0x00000020u);
 156              		.loc 1 268 0
 157 0066 1F4B     		ldr	r3, .L2+40
 158 0068 1A60     		str	r2, [r3]
 272:.\Generated_Source\PSoC4/cyfitter_cfg.c **** 
 159              		.loc 1 272 0
 160 006a D822     		mov	r2, #216
 269:.\Generated_Source\PSoC4/cyfitter_cfg.c **** 
 161              		.loc 1 269 0
 162 006c 1E4B     		ldr	r3, .L2+44
 272:.\Generated_Source\PSoC4/cyfitter_cfg.c **** 
 163              		.loc 1 272 0
 164 006e 1201     		lsl	r2, r2, #4
 269:.\Generated_Source\PSoC4/cyfitter_cfg.c **** 
 165              		.loc 1 269 0
 166 0070 1D60     		str	r5, [r3]
 272:.\Generated_Source\PSoC4/cyfitter_cfg.c **** 
 167              		.loc 1 272 0
 168 0072 1E4B     		ldr	r3, .L2+48
 169 0074 1A60     		str	r2, [r3]
 170              	.LBB31:
 171              	.LBB22:
 147:.\Generated_Source\PSoC4/cyfitter_cfg.c **** 
 172              		.loc 1 147 0
 173 0076 2368     		ldr	r3, [r4]
 174 0078 3343     		orr	r3, r6
 175 007a 2360     		str	r3, [r4]
 150:.\Generated_Source\PSoC4/cyfitter_cfg.c **** 	/* CYDEV_CLK_ILO_CONFIG Starting address: CYDEV_CLK_ILO_CONFIG */
 176              		.loc 1 150 0
 177 007c FFF7FEFF 		bl	CySysClkWriteImoFreq
 178              	.LVL3:
 152:.\Generated_Source\PSoC4/cyfitter_cfg.c **** 
 179              		.loc 1 152 0
 180 0080 1B4A     		ldr	r2, .L2+52
 181 0082 1C4B     		ldr	r3, .L2+56
 171:.\Generated_Source\PSoC4/cyfitter_cfg.c **** 	CyIntEnable(9u);
 182              		.loc 1 171 0
 183 0084 1C49     		ldr	r1, .L2+60
 152:.\Generated_Source\PSoC4/cyfitter_cfg.c **** 
 184              		.loc 1 152 0
 185 0086 1A60     		str	r2, [r3]
 156:.\Generated_Source\PSoC4/cyfitter_cfg.c **** 	CY_SET_XTND_REG32((void CYFAR *)(CYREG_CLK_SELECT08), 0x00000020u);
 186              		.loc 1 156 0
 187 0088 1022     		mov	r2, #16
 188 008a 1C4B     		ldr	r3, .L2+64
 171:.\Generated_Source\PSoC4/cyfitter_cfg.c **** 	CyIntEnable(9u);
 189              		.loc 1 171 0
 190 008c 0920     		mov	r0, #9
 156:.\Generated_Source\PSoC4/cyfitter_cfg.c **** 	CY_SET_XTND_REG32((void CYFAR *)(CYREG_CLK_SELECT08), 0x00000020u);
 191              		.loc 1 156 0
 192 008e 1A60     		str	r2, [r3]
 160:.\Generated_Source\PSoC4/cyfitter_cfg.c **** 
 193              		.loc 1 160 0
 194 0090 8022     		mov	r2, #128
 157:.\Generated_Source\PSoC4/cyfitter_cfg.c **** 
ARM GAS  C:\Users\gizmo\AppData\Local\Temp\ccC2A52f.s 			page 10


 195              		.loc 1 157 0
 196 0092 1B4B     		ldr	r3, .L2+68
 160:.\Generated_Source\PSoC4/cyfitter_cfg.c **** 
 197              		.loc 1 160 0
 198 0094 1206     		lsl	r2, r2, #24
 157:.\Generated_Source\PSoC4/cyfitter_cfg.c **** 
 199              		.loc 1 157 0
 200 0096 1D60     		str	r5, [r3]
 160:.\Generated_Source\PSoC4/cyfitter_cfg.c **** 
 201              		.loc 1 160 0
 202 0098 1A4B     		ldr	r3, .L2+72
 203 009a 1A60     		str	r2, [r3]
 166:.\Generated_Source\PSoC4/cyfitter_cfg.c **** 
 204              		.loc 1 166 0
 205 009c 1A4A     		ldr	r2, .L2+76
 206 009e 1B4B     		ldr	r3, .L2+80
 163:.\Generated_Source\PSoC4/cyfitter_cfg.c **** 
 207              		.loc 1 163 0
 208 00a0 2660     		str	r6, [r4]
 166:.\Generated_Source\PSoC4/cyfitter_cfg.c **** 
 209              		.loc 1 166 0
 210 00a2 1A60     		str	r2, [r3]
 169:.\Generated_Source\PSoC4/cyfitter_cfg.c **** 
 211              		.loc 1 169 0
 212 00a4 1A4A     		ldr	r2, .L2+84
 213 00a6 1B4B     		ldr	r3, .L2+88
 214 00a8 1A60     		str	r2, [r3]
 171:.\Generated_Source\PSoC4/cyfitter_cfg.c **** 	CyIntEnable(9u);
 215              		.loc 1 171 0
 216 00aa FFF7FEFF 		bl	CyIntSetVector
 217              	.LVL4:
 172:.\Generated_Source\PSoC4/cyfitter_cfg.c **** 	CY_SET_XTND_REG32((void CYFAR *)(CYREG_WDT_CONFIG), 0x00000000u);
 218              		.loc 1 172 0
 219 00ae 0920     		mov	r0, #9
 220 00b0 FFF7FEFF 		bl	CyIntEnable
 221              	.LVL5:
 173:.\Generated_Source\PSoC4/cyfitter_cfg.c **** }
 222              		.loc 1 173 0
 223 00b4 0022     		mov	r2, #0
 224 00b6 184B     		ldr	r3, .L2+92
 225 00b8 1A60     		str	r2, [r3]
 226              	.LBE22:
 227              	.LBE31:
 228              		.loc 1 280 0
 229 00ba 70BD     		pop	{r4, r5, r6, pc}
 230              	.L3:
 231              		.align	2
 232              	.L2:
 233 00bc 00300F40 		.word	1074737152
 234 00c0 00400F40 		.word	1074741248
 235 00c4 00000140 		.word	1073807360
 236 00c8 0C000140 		.word	1073807372
 237 00cc 00500F40 		.word	1074745344
 238 00d0 30500F40 		.word	1074745392
 239 00d4 00700F40 		.word	1074753536
 240 00d8 00010B40 		.word	1074462976
 241 00dc 01700F40 		.word	1074753537
ARM GAS  C:\Users\gizmo\AppData\Local\Temp\ccC2A52f.s 			page 11


 242 00e0 00000440 		.word	1074003968
 243 00e4 08000440 		.word	1074003976
 244 00e8 18000440 		.word	1074003992
 245 00ec 08030440 		.word	1074004744
 246 00f0 06000080 		.word	-2147483642
 247 00f4 04010B40 		.word	1074462980
 248 00f8 00000000 		.word	CySysWdtIsr
 249 00fc 0C020240 		.word	1073873420
 250 0100 20020240 		.word	1073873440
 251 0104 08010B40 		.word	1074462984
 252 0108 22000080 		.word	-2147483614
 253 010c 00000240 		.word	1073872896
 254 0110 BF120080 		.word	-2147478849
 255 0114 40000240 		.word	1073872960
 256 0118 0C020B40 		.word	1074463244
 257              		.cfi_endproc
 258              	.LFE5:
 259              		.size	cyfitter_cfg, .-cyfitter_cfg
 260              		.text
 261              	.Letext0:
 262              		.file 2 "c:\\program files (x86)\\cypress\\psoc creator\\3.3\\psoc creator\\import\\gnu\\arm\\4.9.
 263              		.file 3 ".\\Generated_Source\\PSoC4\\cytypes.h"
 264              		.file 4 ".\\Generated_Source\\PSoC4\\CyLib.h"
 265              		.section	.debug_info,"",%progbits
 266              	.Ldebug_info0:
 267 0000 BB020000 		.4byte	0x2bb
 268 0004 0400     		.2byte	0x4
 269 0006 00000000 		.4byte	.Ldebug_abbrev0
 270 000a 04       		.byte	0x4
 271 000b 01       		.uleb128 0x1
 272 000c 0D000000 		.4byte	.LASF28
 273 0010 01       		.byte	0x1
 274 0011 1D020000 		.4byte	.LASF29
 275 0015 8A010000 		.4byte	.LASF30
 276 0019 70000000 		.4byte	.Ldebug_ranges0+0x70
 277 001d 00000000 		.4byte	0
 278 0021 00000000 		.4byte	.Ldebug_line0
 279 0025 02       		.uleb128 0x2
 280 0026 04       		.byte	0x4
 281 0027 05       		.byte	0x5
 282 0028 696E7400 		.ascii	"int\000"
 283 002c 03       		.uleb128 0x3
 284 002d 06000000 		.4byte	.LASF11
 285 0031 02       		.byte	0x2
 286 0032 D4       		.byte	0xd4
 287 0033 37000000 		.4byte	0x37
 288 0037 04       		.uleb128 0x4
 289 0038 04       		.byte	0x4
 290 0039 07       		.byte	0x7
 291 003a 40010000 		.4byte	.LASF0
 292 003e 04       		.uleb128 0x4
 293 003f 01       		.byte	0x1
 294 0040 06       		.byte	0x6
 295 0041 96020000 		.4byte	.LASF1
 296 0045 04       		.uleb128 0x4
 297 0046 01       		.byte	0x1
 298 0047 08       		.byte	0x8
ARM GAS  C:\Users\gizmo\AppData\Local\Temp\ccC2A52f.s 			page 12


 299 0048 0A010000 		.4byte	.LASF2
 300 004c 04       		.uleb128 0x4
 301 004d 02       		.byte	0x2
 302 004e 05       		.byte	0x5
 303 004f 6E020000 		.4byte	.LASF3
 304 0053 04       		.uleb128 0x4
 305 0054 02       		.byte	0x2
 306 0055 07       		.byte	0x7
 307 0056 C5000000 		.4byte	.LASF4
 308 005a 04       		.uleb128 0x4
 309 005b 04       		.byte	0x4
 310 005c 05       		.byte	0x5
 311 005d 8D020000 		.4byte	.LASF5
 312 0061 04       		.uleb128 0x4
 313 0062 04       		.byte	0x4
 314 0063 07       		.byte	0x7
 315 0064 E8000000 		.4byte	.LASF6
 316 0068 04       		.uleb128 0x4
 317 0069 08       		.byte	0x8
 318 006a 05       		.byte	0x5
 319 006b 4E020000 		.4byte	.LASF7
 320 006f 04       		.uleb128 0x4
 321 0070 08       		.byte	0x8
 322 0071 07       		.byte	0x7
 323 0072 66010000 		.4byte	.LASF8
 324 0076 04       		.uleb128 0x4
 325 0077 04       		.byte	0x4
 326 0078 07       		.byte	0x7
 327 0079 45020000 		.4byte	.LASF9
 328 007d 05       		.uleb128 0x5
 329 007e 04       		.byte	0x4
 330 007f 06       		.uleb128 0x6
 331 0080 04       		.byte	0x4
 332 0081 85000000 		.4byte	0x85
 333 0085 07       		.uleb128 0x7
 334 0086 04       		.uleb128 0x4
 335 0087 01       		.byte	0x1
 336 0088 08       		.byte	0x8
 337 0089 5C020000 		.4byte	.LASF10
 338 008d 03       		.uleb128 0x3
 339 008e FA000000 		.4byte	.LASF12
 340 0092 03       		.byte	0x3
 341 0093 C2       		.byte	0xc2
 342 0094 45000000 		.4byte	0x45
 343 0098 03       		.uleb128 0x3
 344 0099 32010000 		.4byte	.LASF13
 345 009d 03       		.byte	0x3
 346 009e C3       		.byte	0xc3
 347 009f 53000000 		.4byte	0x53
 348 00a3 03       		.uleb128 0x3
 349 00a4 39010000 		.4byte	.LASF14
 350 00a8 03       		.byte	0x3
 351 00a9 C4       		.byte	0xc4
 352 00aa 61000000 		.4byte	0x61
 353 00ae 04       		.uleb128 0x4
 354 00af 04       		.byte	0x4
 355 00b0 04       		.byte	0x4
ARM GAS  C:\Users\gizmo\AppData\Local\Temp\ccC2A52f.s 			page 13


 356 00b1 D8000000 		.4byte	.LASF15
 357 00b5 04       		.uleb128 0x4
 358 00b6 08       		.byte	0x8
 359 00b7 04       		.byte	0x4
 360 00b8 1F010000 		.4byte	.LASF16
 361 00bc 08       		.uleb128 0x8
 362 00bd E3000000 		.4byte	.LASF17
 363 00c1 03       		.byte	0x3
 364 00c2 6C01     		.2byte	0x16c
 365 00c4 C8000000 		.4byte	0xc8
 366 00c8 09       		.uleb128 0x9
 367 00c9 8D000000 		.4byte	0x8d
 368 00cd 08       		.uleb128 0x8
 369 00ce 00000000 		.4byte	.LASF18
 370 00d2 03       		.byte	0x3
 371 00d3 6E01     		.2byte	0x16e
 372 00d5 D9000000 		.4byte	0xd9
 373 00d9 09       		.uleb128 0x9
 374 00da A3000000 		.4byte	0xa3
 375 00de 08       		.uleb128 0x8
 376 00df 7D010000 		.4byte	.LASF19
 377 00e3 03       		.byte	0x3
 378 00e4 7E01     		.2byte	0x17e
 379 00e6 7F000000 		.4byte	0x7f
 380 00ea 0A       		.uleb128 0xa
 381 00eb 4D010000 		.4byte	.LASF20
 382 00ef 01       		.byte	0x1
 383 00f0 C4       		.byte	0xc4
 384 00f1 01       		.byte	0x1
 385 00f2 0B       		.uleb128 0xb
 386 00f3 00010000 		.4byte	.LASF31
 387 00f7 01       		.byte	0x1
 388 00f8 3B       		.byte	0x3b
 389 00f9 01       		.byte	0x1
 390 00fa 11010000 		.4byte	0x111
 391 00fe 0C       		.uleb128 0xc
 392 00ff 7300     		.ascii	"s\000"
 393 0101 01       		.byte	0x1
 394 0102 3B       		.byte	0x3b
 395 0103 7D000000 		.4byte	0x7d
 396 0107 0C       		.uleb128 0xc
 397 0108 6E00     		.ascii	"n\000"
 398 010a 01       		.byte	0x1
 399 010b 3B       		.byte	0x3b
 400 010c 2C000000 		.4byte	0x2c
 401 0110 00       		.byte	0
 402 0111 0A       		.uleb128 0xa
 403 0112 BA000000 		.4byte	.LASF21
 404 0116 01       		.byte	0x1
 405 0117 90       		.byte	0x90
 406 0118 01       		.byte	0x1
 407 0119 0D       		.uleb128 0xd
 408 011a 61020000 		.4byte	.LASF32
 409 011e 01       		.byte	0x1
 410 011f DC       		.byte	0xdc
 411 0120 00000000 		.4byte	.LFB5
 412 0124 1C010000 		.4byte	.LFE5-.LFB5
ARM GAS  C:\Users\gizmo\AppData\Local\Temp\ccC2A52f.s 			page 14


 413 0128 01       		.uleb128 0x1
 414 0129 9C       		.byte	0x9c
 415 012a 69020000 		.4byte	0x269
 416 012e 0E       		.uleb128 0xe
 417 012f 00000000 		.4byte	.Ldebug_ranges0+0
 418 0133 21020000 		.4byte	0x221
 419 0137 0F       		.uleb128 0xf
 420 0138 06       		.byte	0x6
 421 0139 01       		.byte	0x1
 422 013a E3       		.byte	0xe3
 423 013b 58010000 		.4byte	0x158
 424 013f 10       		.uleb128 0x10
 425 0140 5E010000 		.4byte	.LASF22
 426 0144 01       		.byte	0x1
 427 0145 E4       		.byte	0xe4
 428 0146 7D000000 		.4byte	0x7d
 429 014a 00       		.byte	0
 430 014b 10       		.uleb128 0x10
 431 014c DE000000 		.4byte	.LASF23
 432 0150 01       		.byte	0x1
 433 0151 E5       		.byte	0xe5
 434 0152 98000000 		.4byte	0x98
 435 0156 04       		.byte	0x4
 436 0157 00       		.byte	0
 437 0158 03       		.uleb128 0x3
 438 0159 10020000 		.4byte	.LASF24
 439 015d 01       		.byte	0x1
 440 015e E6       		.byte	0xe6
 441 015f 37010000 		.4byte	0x137
 442 0163 11       		.uleb128 0x11
 443 0164 58010000 		.4byte	0x158
 444 0168 73010000 		.4byte	0x173
 445 016c 12       		.uleb128 0x12
 446 016d 76000000 		.4byte	0x76
 447 0171 01       		.byte	0x1
 448 0172 00       		.byte	0
 449 0173 13       		.uleb128 0x13
 450 0174 AA000000 		.4byte	.LASF25
 451 0178 01       		.byte	0x1
 452 0179 E8       		.byte	0xe8
 453 017a 8B010000 		.4byte	0x18b
 454 017e 0C       		.byte	0xc
 455 017f 00       		.byte	0
 456 0180 30       		.byte	0x30
 457 0181 0F       		.byte	0xf
 458 0182 40       		.byte	0x40
 459 0183 00       		.byte	0
 460 0184 04       		.byte	0x4
 461 0185 00       		.byte	0
 462 0186 40       		.byte	0x40
 463 0187 0F       		.byte	0xf
 464 0188 40       		.byte	0x40
 465 0189 00       		.byte	0
 466 018a 04       		.byte	0x4
 467 018b 14       		.uleb128 0x14
 468 018c 63010000 		.4byte	0x163
 469 0190 15       		.uleb128 0x15
ARM GAS  C:\Users\gizmo\AppData\Local\Temp\ccC2A52f.s 			page 15


 470 0191 6900     		.ascii	"i\000"
 471 0193 01       		.byte	0x1
 472 0194 EE       		.byte	0xee
 473 0195 8D000000 		.4byte	0x8d
 474 0199 00000000 		.4byte	.LLST0
 475 019d 16       		.uleb128 0x16
 476 019e 04000000 		.4byte	.LBB13
 477 01a2 18000000 		.4byte	.LBE13-.LBB13
 478 01a6 15       		.uleb128 0x15
 479 01a7 6D7300   		.ascii	"ms\000"
 480 01aa 01       		.byte	0x1
 481 01ab F3       		.byte	0xf3
 482 01ac B4010000 		.4byte	0x1b4
 483 01b0 2C000000 		.4byte	.LLST1
 484 01b4 06       		.uleb128 0x6
 485 01b5 04       		.byte	0x4
 486 01b6 BA010000 		.4byte	0x1ba
 487 01ba 14       		.uleb128 0x14
 488 01bb 58010000 		.4byte	0x158
 489 01bf 17       		.uleb128 0x17
 490 01c0 F2000000 		.4byte	0xf2
 491 01c4 04000000 		.4byte	.LBB14
 492 01c8 18000000 		.4byte	.LBE14-.LBB14
 493 01cc 01       		.byte	0x1
 494 01cd F4       		.byte	0xf4
 495 01ce 18       		.uleb128 0x18
 496 01cf 07010000 		.4byte	0x107
 497 01d3 0004     		.2byte	0x400
 498 01d5 19       		.uleb128 0x19
 499 01d6 FE000000 		.4byte	0xfe
 500 01da 54000000 		.4byte	.LLST2
 501 01de 1A       		.uleb128 0x1a
 502 01df 12000000 		.4byte	.LVL1
 503 01e3 69020000 		.4byte	0x269
 504 01e7 00020000 		.4byte	0x200
 505 01eb 1B       		.uleb128 0x1b
 506 01ec 01       		.uleb128 0x1
 507 01ed 52       		.byte	0x52
 508 01ee 02       		.uleb128 0x2
 509 01ef 74       		.byte	0x74
 510 01f0 00       		.sleb128 0
 511 01f1 1B       		.uleb128 0x1b
 512 01f2 01       		.uleb128 0x1
 513 01f3 51       		.byte	0x51
 514 01f4 01       		.uleb128 0x1
 515 01f5 30       		.byte	0x30
 516 01f6 1B       		.uleb128 0x1b
 517 01f7 01       		.uleb128 0x1
 518 01f8 50       		.byte	0x50
 519 01f9 05       		.uleb128 0x5
 520 01fa 0C       		.byte	0xc
 521 01fb 00300F40 		.4byte	0x400f3000
 522 01ff 00       		.byte	0
 523 0200 1C       		.uleb128 0x1c
 524 0201 1C000000 		.4byte	.LVL2
 525 0205 69020000 		.4byte	0x269
 526 0209 1B       		.uleb128 0x1b
ARM GAS  C:\Users\gizmo\AppData\Local\Temp\ccC2A52f.s 			page 16


 527 020a 01       		.uleb128 0x1
 528 020b 52       		.byte	0x52
 529 020c 02       		.uleb128 0x2
 530 020d 74       		.byte	0x74
 531 020e 00       		.sleb128 0
 532 020f 1B       		.uleb128 0x1b
 533 0210 01       		.uleb128 0x1
 534 0211 51       		.byte	0x51
 535 0212 01       		.uleb128 0x1
 536 0213 30       		.byte	0x30
 537 0214 1B       		.uleb128 0x1b
 538 0215 01       		.uleb128 0x1
 539 0216 50       		.byte	0x50
 540 0217 05       		.uleb128 0x5
 541 0218 0C       		.byte	0xc
 542 0219 00400F40 		.4byte	0x400f4000
 543 021d 00       		.byte	0
 544 021e 00       		.byte	0
 545 021f 00       		.byte	0
 546 0220 00       		.byte	0
 547 0221 1D       		.uleb128 0x1d
 548 0222 11010000 		.4byte	0x111
 549 0226 38000000 		.4byte	.LBB17
 550 022a 40000000 		.4byte	.Ldebug_ranges0+0x40
 551 022e 01       		.byte	0x1
 552 022f 1301     		.2byte	0x113
 553 0231 1A       		.uleb128 0x1a
 554 0232 80000000 		.4byte	.LVL3
 555 0236 86020000 		.4byte	0x286
 556 023a 45020000 		.4byte	0x245
 557 023e 1B       		.uleb128 0x1b
 558 023f 01       		.uleb128 0x1
 559 0240 50       		.byte	0x50
 560 0241 02       		.uleb128 0x2
 561 0242 08       		.byte	0x8
 562 0243 30       		.byte	0x30
 563 0244 00       		.byte	0
 564 0245 1A       		.uleb128 0x1a
 565 0246 AE000000 		.4byte	.LVL4
 566 024a 97020000 		.4byte	0x297
 567 024e 58020000 		.4byte	0x258
 568 0252 1B       		.uleb128 0x1b
 569 0253 01       		.uleb128 0x1
 570 0254 50       		.byte	0x50
 571 0255 01       		.uleb128 0x1
 572 0256 39       		.byte	0x39
 573 0257 00       		.byte	0
 574 0258 1C       		.uleb128 0x1c
 575 0259 B4000000 		.4byte	.LVL5
 576 025d B1020000 		.4byte	0x2b1
 577 0261 1B       		.uleb128 0x1b
 578 0262 01       		.uleb128 0x1
 579 0263 50       		.byte	0x50
 580 0264 01       		.uleb128 0x1
 581 0265 39       		.byte	0x39
 582 0266 00       		.byte	0
 583 0267 00       		.byte	0
ARM GAS  C:\Users\gizmo\AppData\Local\Temp\ccC2A52f.s 			page 17


 584 0268 00       		.byte	0
 585 0269 1E       		.uleb128 0x1e
 586 026a 18010000 		.4byte	.LASF26
 587 026e 7D000000 		.4byte	0x7d
 588 0272 86020000 		.4byte	0x286
 589 0276 1F       		.uleb128 0x1f
 590 0277 7D000000 		.4byte	0x7d
 591 027b 1F       		.uleb128 0x1f
 592 027c 25000000 		.4byte	0x25
 593 0280 1F       		.uleb128 0x1f
 594 0281 76000000 		.4byte	0x76
 595 0285 00       		.byte	0
 596 0286 20       		.uleb128 0x20
 597 0287 78020000 		.4byte	.LASF27
 598 028b 04       		.byte	0x4
 599 028c 31       		.byte	0x31
 600 028d 97020000 		.4byte	0x297
 601 0291 1F       		.uleb128 0x1f
 602 0292 A3000000 		.4byte	0xa3
 603 0296 00       		.byte	0
 604 0297 21       		.uleb128 0x21
 605 0298 9B000000 		.4byte	.LASF33
 606 029c 04       		.byte	0x4
 607 029d 46       		.byte	0x46
 608 029e DE000000 		.4byte	0xde
 609 02a2 B1020000 		.4byte	0x2b1
 610 02a6 1F       		.uleb128 0x1f
 611 02a7 8D000000 		.4byte	0x8d
 612 02ab 1F       		.uleb128 0x1f
 613 02ac DE000000 		.4byte	0xde
 614 02b0 00       		.byte	0
 615 02b1 22       		.uleb128 0x22
 616 02b2 26010000 		.4byte	.LASF34
 617 02b6 04       		.byte	0x4
 618 02b7 4C       		.byte	0x4c
 619 02b8 1F       		.uleb128 0x1f
 620 02b9 8D000000 		.4byte	0x8d
 621 02bd 00       		.byte	0
 622 02be 00       		.byte	0
 623              		.section	.debug_abbrev,"",%progbits
 624              	.Ldebug_abbrev0:
 625 0000 01       		.uleb128 0x1
 626 0001 11       		.uleb128 0x11
 627 0002 01       		.byte	0x1
 628 0003 25       		.uleb128 0x25
 629 0004 0E       		.uleb128 0xe
 630 0005 13       		.uleb128 0x13
 631 0006 0B       		.uleb128 0xb
 632 0007 03       		.uleb128 0x3
 633 0008 0E       		.uleb128 0xe
 634 0009 1B       		.uleb128 0x1b
 635 000a 0E       		.uleb128 0xe
 636 000b 55       		.uleb128 0x55
 637 000c 17       		.uleb128 0x17
 638 000d 11       		.uleb128 0x11
 639 000e 01       		.uleb128 0x1
 640 000f 10       		.uleb128 0x10
ARM GAS  C:\Users\gizmo\AppData\Local\Temp\ccC2A52f.s 			page 18


 641 0010 17       		.uleb128 0x17
 642 0011 00       		.byte	0
 643 0012 00       		.byte	0
 644 0013 02       		.uleb128 0x2
 645 0014 24       		.uleb128 0x24
 646 0015 00       		.byte	0
 647 0016 0B       		.uleb128 0xb
 648 0017 0B       		.uleb128 0xb
 649 0018 3E       		.uleb128 0x3e
 650 0019 0B       		.uleb128 0xb
 651 001a 03       		.uleb128 0x3
 652 001b 08       		.uleb128 0x8
 653 001c 00       		.byte	0
 654 001d 00       		.byte	0
 655 001e 03       		.uleb128 0x3
 656 001f 16       		.uleb128 0x16
 657 0020 00       		.byte	0
 658 0021 03       		.uleb128 0x3
 659 0022 0E       		.uleb128 0xe
 660 0023 3A       		.uleb128 0x3a
 661 0024 0B       		.uleb128 0xb
 662 0025 3B       		.uleb128 0x3b
 663 0026 0B       		.uleb128 0xb
 664 0027 49       		.uleb128 0x49
 665 0028 13       		.uleb128 0x13
 666 0029 00       		.byte	0
 667 002a 00       		.byte	0
 668 002b 04       		.uleb128 0x4
 669 002c 24       		.uleb128 0x24
 670 002d 00       		.byte	0
 671 002e 0B       		.uleb128 0xb
 672 002f 0B       		.uleb128 0xb
 673 0030 3E       		.uleb128 0x3e
 674 0031 0B       		.uleb128 0xb
 675 0032 03       		.uleb128 0x3
 676 0033 0E       		.uleb128 0xe
 677 0034 00       		.byte	0
 678 0035 00       		.byte	0
 679 0036 05       		.uleb128 0x5
 680 0037 0F       		.uleb128 0xf
 681 0038 00       		.byte	0
 682 0039 0B       		.uleb128 0xb
 683 003a 0B       		.uleb128 0xb
 684 003b 00       		.byte	0
 685 003c 00       		.byte	0
 686 003d 06       		.uleb128 0x6
 687 003e 0F       		.uleb128 0xf
 688 003f 00       		.byte	0
 689 0040 0B       		.uleb128 0xb
 690 0041 0B       		.uleb128 0xb
 691 0042 49       		.uleb128 0x49
 692 0043 13       		.uleb128 0x13
 693 0044 00       		.byte	0
 694 0045 00       		.byte	0
 695 0046 07       		.uleb128 0x7
 696 0047 15       		.uleb128 0x15
 697 0048 00       		.byte	0
ARM GAS  C:\Users\gizmo\AppData\Local\Temp\ccC2A52f.s 			page 19


 698 0049 27       		.uleb128 0x27
 699 004a 19       		.uleb128 0x19
 700 004b 00       		.byte	0
 701 004c 00       		.byte	0
 702 004d 08       		.uleb128 0x8
 703 004e 16       		.uleb128 0x16
 704 004f 00       		.byte	0
 705 0050 03       		.uleb128 0x3
 706 0051 0E       		.uleb128 0xe
 707 0052 3A       		.uleb128 0x3a
 708 0053 0B       		.uleb128 0xb
 709 0054 3B       		.uleb128 0x3b
 710 0055 05       		.uleb128 0x5
 711 0056 49       		.uleb128 0x49
 712 0057 13       		.uleb128 0x13
 713 0058 00       		.byte	0
 714 0059 00       		.byte	0
 715 005a 09       		.uleb128 0x9
 716 005b 35       		.uleb128 0x35
 717 005c 00       		.byte	0
 718 005d 49       		.uleb128 0x49
 719 005e 13       		.uleb128 0x13
 720 005f 00       		.byte	0
 721 0060 00       		.byte	0
 722 0061 0A       		.uleb128 0xa
 723 0062 2E       		.uleb128 0x2e
 724 0063 00       		.byte	0
 725 0064 03       		.uleb128 0x3
 726 0065 0E       		.uleb128 0xe
 727 0066 3A       		.uleb128 0x3a
 728 0067 0B       		.uleb128 0xb
 729 0068 3B       		.uleb128 0x3b
 730 0069 0B       		.uleb128 0xb
 731 006a 27       		.uleb128 0x27
 732 006b 19       		.uleb128 0x19
 733 006c 20       		.uleb128 0x20
 734 006d 0B       		.uleb128 0xb
 735 006e 00       		.byte	0
 736 006f 00       		.byte	0
 737 0070 0B       		.uleb128 0xb
 738 0071 2E       		.uleb128 0x2e
 739 0072 01       		.byte	0x1
 740 0073 03       		.uleb128 0x3
 741 0074 0E       		.uleb128 0xe
 742 0075 3A       		.uleb128 0x3a
 743 0076 0B       		.uleb128 0xb
 744 0077 3B       		.uleb128 0x3b
 745 0078 0B       		.uleb128 0xb
 746 0079 27       		.uleb128 0x27
 747 007a 19       		.uleb128 0x19
 748 007b 20       		.uleb128 0x20
 749 007c 0B       		.uleb128 0xb
 750 007d 01       		.uleb128 0x1
 751 007e 13       		.uleb128 0x13
 752 007f 00       		.byte	0
 753 0080 00       		.byte	0
 754 0081 0C       		.uleb128 0xc
ARM GAS  C:\Users\gizmo\AppData\Local\Temp\ccC2A52f.s 			page 20


 755 0082 05       		.uleb128 0x5
 756 0083 00       		.byte	0
 757 0084 03       		.uleb128 0x3
 758 0085 08       		.uleb128 0x8
 759 0086 3A       		.uleb128 0x3a
 760 0087 0B       		.uleb128 0xb
 761 0088 3B       		.uleb128 0x3b
 762 0089 0B       		.uleb128 0xb
 763 008a 49       		.uleb128 0x49
 764 008b 13       		.uleb128 0x13
 765 008c 00       		.byte	0
 766 008d 00       		.byte	0
 767 008e 0D       		.uleb128 0xd
 768 008f 2E       		.uleb128 0x2e
 769 0090 01       		.byte	0x1
 770 0091 3F       		.uleb128 0x3f
 771 0092 19       		.uleb128 0x19
 772 0093 03       		.uleb128 0x3
 773 0094 0E       		.uleb128 0xe
 774 0095 3A       		.uleb128 0x3a
 775 0096 0B       		.uleb128 0xb
 776 0097 3B       		.uleb128 0x3b
 777 0098 0B       		.uleb128 0xb
 778 0099 27       		.uleb128 0x27
 779 009a 19       		.uleb128 0x19
 780 009b 11       		.uleb128 0x11
 781 009c 01       		.uleb128 0x1
 782 009d 12       		.uleb128 0x12
 783 009e 06       		.uleb128 0x6
 784 009f 40       		.uleb128 0x40
 785 00a0 18       		.uleb128 0x18
 786 00a1 9742     		.uleb128 0x2117
 787 00a3 19       		.uleb128 0x19
 788 00a4 01       		.uleb128 0x1
 789 00a5 13       		.uleb128 0x13
 790 00a6 00       		.byte	0
 791 00a7 00       		.byte	0
 792 00a8 0E       		.uleb128 0xe
 793 00a9 0B       		.uleb128 0xb
 794 00aa 01       		.byte	0x1
 795 00ab 55       		.uleb128 0x55
 796 00ac 17       		.uleb128 0x17
 797 00ad 01       		.uleb128 0x1
 798 00ae 13       		.uleb128 0x13
 799 00af 00       		.byte	0
 800 00b0 00       		.byte	0
 801 00b1 0F       		.uleb128 0xf
 802 00b2 13       		.uleb128 0x13
 803 00b3 01       		.byte	0x1
 804 00b4 0B       		.uleb128 0xb
 805 00b5 0B       		.uleb128 0xb
 806 00b6 3A       		.uleb128 0x3a
 807 00b7 0B       		.uleb128 0xb
 808 00b8 3B       		.uleb128 0x3b
 809 00b9 0B       		.uleb128 0xb
 810 00ba 01       		.uleb128 0x1
 811 00bb 13       		.uleb128 0x13
ARM GAS  C:\Users\gizmo\AppData\Local\Temp\ccC2A52f.s 			page 21


 812 00bc 00       		.byte	0
 813 00bd 00       		.byte	0
 814 00be 10       		.uleb128 0x10
 815 00bf 0D       		.uleb128 0xd
 816 00c0 00       		.byte	0
 817 00c1 03       		.uleb128 0x3
 818 00c2 0E       		.uleb128 0xe
 819 00c3 3A       		.uleb128 0x3a
 820 00c4 0B       		.uleb128 0xb
 821 00c5 3B       		.uleb128 0x3b
 822 00c6 0B       		.uleb128 0xb
 823 00c7 49       		.uleb128 0x49
 824 00c8 13       		.uleb128 0x13
 825 00c9 38       		.uleb128 0x38
 826 00ca 0B       		.uleb128 0xb
 827 00cb 00       		.byte	0
 828 00cc 00       		.byte	0
 829 00cd 11       		.uleb128 0x11
 830 00ce 01       		.uleb128 0x1
 831 00cf 01       		.byte	0x1
 832 00d0 49       		.uleb128 0x49
 833 00d1 13       		.uleb128 0x13
 834 00d2 01       		.uleb128 0x1
 835 00d3 13       		.uleb128 0x13
 836 00d4 00       		.byte	0
 837 00d5 00       		.byte	0
 838 00d6 12       		.uleb128 0x12
 839 00d7 21       		.uleb128 0x21
 840 00d8 00       		.byte	0
 841 00d9 49       		.uleb128 0x49
 842 00da 13       		.uleb128 0x13
 843 00db 2F       		.uleb128 0x2f
 844 00dc 0B       		.uleb128 0xb
 845 00dd 00       		.byte	0
 846 00de 00       		.byte	0
 847 00df 13       		.uleb128 0x13
 848 00e0 34       		.uleb128 0x34
 849 00e1 00       		.byte	0
 850 00e2 03       		.uleb128 0x3
 851 00e3 0E       		.uleb128 0xe
 852 00e4 3A       		.uleb128 0x3a
 853 00e5 0B       		.uleb128 0xb
 854 00e6 3B       		.uleb128 0x3b
 855 00e7 0B       		.uleb128 0xb
 856 00e8 49       		.uleb128 0x49
 857 00e9 13       		.uleb128 0x13
 858 00ea 1C       		.uleb128 0x1c
 859 00eb 0A       		.uleb128 0xa
 860 00ec 00       		.byte	0
 861 00ed 00       		.byte	0
 862 00ee 14       		.uleb128 0x14
 863 00ef 26       		.uleb128 0x26
 864 00f0 00       		.byte	0
 865 00f1 49       		.uleb128 0x49
 866 00f2 13       		.uleb128 0x13
 867 00f3 00       		.byte	0
 868 00f4 00       		.byte	0
ARM GAS  C:\Users\gizmo\AppData\Local\Temp\ccC2A52f.s 			page 22


 869 00f5 15       		.uleb128 0x15
 870 00f6 34       		.uleb128 0x34
 871 00f7 00       		.byte	0
 872 00f8 03       		.uleb128 0x3
 873 00f9 08       		.uleb128 0x8
 874 00fa 3A       		.uleb128 0x3a
 875 00fb 0B       		.uleb128 0xb
 876 00fc 3B       		.uleb128 0x3b
 877 00fd 0B       		.uleb128 0xb
 878 00fe 49       		.uleb128 0x49
 879 00ff 13       		.uleb128 0x13
 880 0100 02       		.uleb128 0x2
 881 0101 17       		.uleb128 0x17
 882 0102 00       		.byte	0
 883 0103 00       		.byte	0
 884 0104 16       		.uleb128 0x16
 885 0105 0B       		.uleb128 0xb
 886 0106 01       		.byte	0x1
 887 0107 11       		.uleb128 0x11
 888 0108 01       		.uleb128 0x1
 889 0109 12       		.uleb128 0x12
 890 010a 06       		.uleb128 0x6
 891 010b 00       		.byte	0
 892 010c 00       		.byte	0
 893 010d 17       		.uleb128 0x17
 894 010e 1D       		.uleb128 0x1d
 895 010f 01       		.byte	0x1
 896 0110 31       		.uleb128 0x31
 897 0111 13       		.uleb128 0x13
 898 0112 11       		.uleb128 0x11
 899 0113 01       		.uleb128 0x1
 900 0114 12       		.uleb128 0x12
 901 0115 06       		.uleb128 0x6
 902 0116 58       		.uleb128 0x58
 903 0117 0B       		.uleb128 0xb
 904 0118 59       		.uleb128 0x59
 905 0119 0B       		.uleb128 0xb
 906 011a 00       		.byte	0
 907 011b 00       		.byte	0
 908 011c 18       		.uleb128 0x18
 909 011d 05       		.uleb128 0x5
 910 011e 00       		.byte	0
 911 011f 31       		.uleb128 0x31
 912 0120 13       		.uleb128 0x13
 913 0121 1C       		.uleb128 0x1c
 914 0122 05       		.uleb128 0x5
 915 0123 00       		.byte	0
 916 0124 00       		.byte	0
 917 0125 19       		.uleb128 0x19
 918 0126 05       		.uleb128 0x5
 919 0127 00       		.byte	0
 920 0128 31       		.uleb128 0x31
 921 0129 13       		.uleb128 0x13
 922 012a 02       		.uleb128 0x2
 923 012b 17       		.uleb128 0x17
 924 012c 00       		.byte	0
 925 012d 00       		.byte	0
ARM GAS  C:\Users\gizmo\AppData\Local\Temp\ccC2A52f.s 			page 23


 926 012e 1A       		.uleb128 0x1a
 927 012f 898201   		.uleb128 0x4109
 928 0132 01       		.byte	0x1
 929 0133 11       		.uleb128 0x11
 930 0134 01       		.uleb128 0x1
 931 0135 31       		.uleb128 0x31
 932 0136 13       		.uleb128 0x13
 933 0137 01       		.uleb128 0x1
 934 0138 13       		.uleb128 0x13
 935 0139 00       		.byte	0
 936 013a 00       		.byte	0
 937 013b 1B       		.uleb128 0x1b
 938 013c 8A8201   		.uleb128 0x410a
 939 013f 00       		.byte	0
 940 0140 02       		.uleb128 0x2
 941 0141 18       		.uleb128 0x18
 942 0142 9142     		.uleb128 0x2111
 943 0144 18       		.uleb128 0x18
 944 0145 00       		.byte	0
 945 0146 00       		.byte	0
 946 0147 1C       		.uleb128 0x1c
 947 0148 898201   		.uleb128 0x4109
 948 014b 01       		.byte	0x1
 949 014c 11       		.uleb128 0x11
 950 014d 01       		.uleb128 0x1
 951 014e 31       		.uleb128 0x31
 952 014f 13       		.uleb128 0x13
 953 0150 00       		.byte	0
 954 0151 00       		.byte	0
 955 0152 1D       		.uleb128 0x1d
 956 0153 1D       		.uleb128 0x1d
 957 0154 01       		.byte	0x1
 958 0155 31       		.uleb128 0x31
 959 0156 13       		.uleb128 0x13
 960 0157 52       		.uleb128 0x52
 961 0158 01       		.uleb128 0x1
 962 0159 55       		.uleb128 0x55
 963 015a 17       		.uleb128 0x17
 964 015b 58       		.uleb128 0x58
 965 015c 0B       		.uleb128 0xb
 966 015d 59       		.uleb128 0x59
 967 015e 05       		.uleb128 0x5
 968 015f 00       		.byte	0
 969 0160 00       		.byte	0
 970 0161 1E       		.uleb128 0x1e
 971 0162 2E       		.uleb128 0x2e
 972 0163 01       		.byte	0x1
 973 0164 3F       		.uleb128 0x3f
 974 0165 19       		.uleb128 0x19
 975 0166 03       		.uleb128 0x3
 976 0167 0E       		.uleb128 0xe
 977 0168 27       		.uleb128 0x27
 978 0169 19       		.uleb128 0x19
 979 016a 49       		.uleb128 0x49
 980 016b 13       		.uleb128 0x13
 981 016c 34       		.uleb128 0x34
 982 016d 19       		.uleb128 0x19
ARM GAS  C:\Users\gizmo\AppData\Local\Temp\ccC2A52f.s 			page 24


 983 016e 3C       		.uleb128 0x3c
 984 016f 19       		.uleb128 0x19
 985 0170 01       		.uleb128 0x1
 986 0171 13       		.uleb128 0x13
 987 0172 00       		.byte	0
 988 0173 00       		.byte	0
 989 0174 1F       		.uleb128 0x1f
 990 0175 05       		.uleb128 0x5
 991 0176 00       		.byte	0
 992 0177 49       		.uleb128 0x49
 993 0178 13       		.uleb128 0x13
 994 0179 00       		.byte	0
 995 017a 00       		.byte	0
 996 017b 20       		.uleb128 0x20
 997 017c 2E       		.uleb128 0x2e
 998 017d 01       		.byte	0x1
 999 017e 3F       		.uleb128 0x3f
 1000 017f 19       		.uleb128 0x19
 1001 0180 03       		.uleb128 0x3
 1002 0181 0E       		.uleb128 0xe
 1003 0182 3A       		.uleb128 0x3a
 1004 0183 0B       		.uleb128 0xb
 1005 0184 3B       		.uleb128 0x3b
 1006 0185 0B       		.uleb128 0xb
 1007 0186 27       		.uleb128 0x27
 1008 0187 19       		.uleb128 0x19
 1009 0188 3C       		.uleb128 0x3c
 1010 0189 19       		.uleb128 0x19
 1011 018a 01       		.uleb128 0x1
 1012 018b 13       		.uleb128 0x13
 1013 018c 00       		.byte	0
 1014 018d 00       		.byte	0
 1015 018e 21       		.uleb128 0x21
 1016 018f 2E       		.uleb128 0x2e
 1017 0190 01       		.byte	0x1
 1018 0191 3F       		.uleb128 0x3f
 1019 0192 19       		.uleb128 0x19
 1020 0193 03       		.uleb128 0x3
 1021 0194 0E       		.uleb128 0xe
 1022 0195 3A       		.uleb128 0x3a
 1023 0196 0B       		.uleb128 0xb
 1024 0197 3B       		.uleb128 0x3b
 1025 0198 0B       		.uleb128 0xb
 1026 0199 27       		.uleb128 0x27
 1027 019a 19       		.uleb128 0x19
 1028 019b 49       		.uleb128 0x49
 1029 019c 13       		.uleb128 0x13
 1030 019d 3C       		.uleb128 0x3c
 1031 019e 19       		.uleb128 0x19
 1032 019f 01       		.uleb128 0x1
 1033 01a0 13       		.uleb128 0x13
 1034 01a1 00       		.byte	0
 1035 01a2 00       		.byte	0
 1036 01a3 22       		.uleb128 0x22
 1037 01a4 2E       		.uleb128 0x2e
 1038 01a5 01       		.byte	0x1
 1039 01a6 3F       		.uleb128 0x3f
ARM GAS  C:\Users\gizmo\AppData\Local\Temp\ccC2A52f.s 			page 25


 1040 01a7 19       		.uleb128 0x19
 1041 01a8 03       		.uleb128 0x3
 1042 01a9 0E       		.uleb128 0xe
 1043 01aa 3A       		.uleb128 0x3a
 1044 01ab 0B       		.uleb128 0xb
 1045 01ac 3B       		.uleb128 0x3b
 1046 01ad 0B       		.uleb128 0xb
 1047 01ae 27       		.uleb128 0x27
 1048 01af 19       		.uleb128 0x19
 1049 01b0 3C       		.uleb128 0x3c
 1050 01b1 19       		.uleb128 0x19
 1051 01b2 00       		.byte	0
 1052 01b3 00       		.byte	0
 1053 01b4 00       		.byte	0
 1054              		.section	.debug_loc,"",%progbits
 1055              	.Ldebug_loc0:
 1056              	.LLST0:
 1057 0000 04000000 		.4byte	.LVL0
 1058 0004 12000000 		.4byte	.LVL1
 1059 0008 0200     		.2byte	0x2
 1060 000a 30       		.byte	0x30
 1061 000b 9F       		.byte	0x9f
 1062 000c 12000000 		.4byte	.LVL1
 1063 0010 1C000000 		.4byte	.LVL2
 1064 0014 0200     		.2byte	0x2
 1065 0016 31       		.byte	0x31
 1066 0017 9F       		.byte	0x9f
 1067 0018 1C000000 		.4byte	.LVL2
 1068 001c 1C010000 		.4byte	.LFE5
 1069 0020 0200     		.2byte	0x2
 1070 0022 32       		.byte	0x32
 1071 0023 9F       		.byte	0x9f
 1072 0024 00000000 		.4byte	0
 1073 0028 00000000 		.4byte	0
 1074              	.LLST1:
 1075 002c 04000000 		.4byte	.LVL0
 1076 0030 12000000 		.4byte	.LVL1
 1077 0034 0600     		.2byte	0x6
 1078 0036 F2       		.byte	0xf2
 1079 0037 73010000 		.4byte	.Ldebug_info0+371
 1080 003b 00       		.sleb128 0
 1081 003c 12000000 		.4byte	.LVL1
 1082 0040 1C010000 		.4byte	.LFE5
 1083 0044 0600     		.2byte	0x6
 1084 0046 F2       		.byte	0xf2
 1085 0047 73010000 		.4byte	.Ldebug_info0+371
 1086 004b 06       		.sleb128 6
 1087 004c 00000000 		.4byte	0
 1088 0050 00000000 		.4byte	0
 1089              	.LLST2:
 1090 0054 04000000 		.4byte	.LVL0
 1091 0058 12000000 		.4byte	.LVL1
 1092 005c 0600     		.2byte	0x6
 1093 005e 0C       		.byte	0xc
 1094 005f 00300F40 		.4byte	0x400f3000
 1095 0063 9F       		.byte	0x9f
 1096 0064 12000000 		.4byte	.LVL1
ARM GAS  C:\Users\gizmo\AppData\Local\Temp\ccC2A52f.s 			page 26


 1097 0068 1C010000 		.4byte	.LFE5
 1098 006c 0600     		.2byte	0x6
 1099 006e 0C       		.byte	0xc
 1100 006f 00400F40 		.4byte	0x400f4000
 1101 0073 9F       		.byte	0x9f
 1102 0074 00000000 		.4byte	0
 1103 0078 00000000 		.4byte	0
 1104              		.section	.debug_aranges,"",%progbits
 1105 0000 1C000000 		.4byte	0x1c
 1106 0004 0200     		.2byte	0x2
 1107 0006 00000000 		.4byte	.Ldebug_info0
 1108 000a 04       		.byte	0x4
 1109 000b 00       		.byte	0
 1110 000c 0000     		.2byte	0
 1111 000e 0000     		.2byte	0
 1112 0010 00000000 		.4byte	.LFB5
 1113 0014 1C010000 		.4byte	.LFE5-.LFB5
 1114 0018 00000000 		.4byte	0
 1115 001c 00000000 		.4byte	0
 1116              		.section	.debug_ranges,"",%progbits
 1117              	.Ldebug_ranges0:
 1118 0000 04000000 		.4byte	.LBB12
 1119 0004 32000000 		.4byte	.LBE12
 1120 0008 34000000 		.4byte	.LBB16
 1121 000c 38000000 		.4byte	.LBE16
 1122 0010 3A000000 		.4byte	.LBB23
 1123 0014 3E000000 		.4byte	.LBE23
 1124 0018 40000000 		.4byte	.LBB25
 1125 001c 42000000 		.4byte	.LBE25
 1126 0020 44000000 		.4byte	.LBB27
 1127 0024 4C000000 		.4byte	.LBE27
 1128 0028 4C000000 		.4byte	.LBB28
 1129 002c 58000000 		.4byte	.LBE28
 1130 0030 5A000000 		.4byte	.LBB30
 1131 0034 5E000000 		.4byte	.LBE30
 1132 0038 00000000 		.4byte	0
 1133 003c 00000000 		.4byte	0
 1134 0040 38000000 		.4byte	.LBB17
 1135 0044 3A000000 		.4byte	.LBE17
 1136 0048 3E000000 		.4byte	.LBB24
 1137 004c 40000000 		.4byte	.LBE24
 1138 0050 42000000 		.4byte	.LBB26
 1139 0054 44000000 		.4byte	.LBE26
 1140 0058 58000000 		.4byte	.LBB29
 1141 005c 5A000000 		.4byte	.LBE29
 1142 0060 76000000 		.4byte	.LBB31
 1143 0064 BA000000 		.4byte	.LBE31
 1144 0068 00000000 		.4byte	0
 1145 006c 00000000 		.4byte	0
 1146 0070 00000000 		.4byte	.LFB5
 1147 0074 1C010000 		.4byte	.LFE5
 1148 0078 00000000 		.4byte	0
 1149 007c 00000000 		.4byte	0
 1150              		.section	.debug_line,"",%progbits
 1151              	.Ldebug_line0:
 1152 0000 60010000 		.section	.debug_str,"MS",%progbits,1
 1152      0200D800 
ARM GAS  C:\Users\gizmo\AppData\Local\Temp\ccC2A52f.s 			page 27


 1152      00000201 
 1152      FB0E0D00 
 1152      01010101 
 1153              	.LASF18:
 1154 0000 72656733 		.ascii	"reg32\000"
 1154      3200
 1155              	.LASF11:
 1156 0006 73697A65 		.ascii	"size_t\000"
 1156      5F7400
 1157              	.LASF28:
 1158 000d 474E5520 		.ascii	"GNU C 4.9.3 20150303 (release) [ARM/embedded-4_9-br"
 1158      4320342E 
 1158      392E3320 
 1158      32303135 
 1158      30333033 
 1159 0040 616E6368 		.ascii	"anch revision 221220] -mcpu=cortex-m0 -mthumb -g -O"
 1159      20726576 
 1159      6973696F 
 1159      6E203232 
 1159      31323230 
 1160 0073 73202D66 		.ascii	"s -ffunction-sections -ffat-lto-objects\000"
 1160      66756E63 
 1160      74696F6E 
 1160      2D736563 
 1160      74696F6E 
 1161              	.LASF33:
 1162 009b 4379496E 		.ascii	"CyIntSetVector\000"
 1162      74536574 
 1162      56656374 
 1162      6F7200
 1163              	.LASF25:
 1164 00aa 6366675F 		.ascii	"cfg_memset_list\000"
 1164      6D656D73 
 1164      65745F6C 
 1164      69737400 
 1165              	.LASF21:
 1166 00ba 436C6F63 		.ascii	"ClockSetup\000"
 1166      6B536574 
 1166      757000
 1167              	.LASF4:
 1168 00c5 73686F72 		.ascii	"short unsigned int\000"
 1168      7420756E 
 1168      7369676E 
 1168      65642069 
 1168      6E7400
 1169              	.LASF15:
 1170 00d8 666C6F61 		.ascii	"float\000"
 1170      7400
 1171              	.LASF23:
 1172 00de 73697A65 		.ascii	"size\000"
 1172      00
 1173              	.LASF17:
 1174 00e3 72656738 		.ascii	"reg8\000"
 1174      00
 1175              	.LASF6:
 1176 00e8 6C6F6E67 		.ascii	"long unsigned int\000"
 1176      20756E73 
ARM GAS  C:\Users\gizmo\AppData\Local\Temp\ccC2A52f.s 			page 28


 1176      69676E65 
 1176      6420696E 
 1176      7400
 1177              	.LASF12:
 1178 00fa 75696E74 		.ascii	"uint8\000"
 1178      3800
 1179              	.LASF31:
 1180 0100 43594D45 		.ascii	"CYMEMZERO\000"
 1180      4D5A4552 
 1180      4F00
 1181              	.LASF2:
 1182 010a 756E7369 		.ascii	"unsigned char\000"
 1182      676E6564 
 1182      20636861 
 1182      7200
 1183              	.LASF26:
 1184 0118 6D656D73 		.ascii	"memset\000"
 1184      657400
 1185              	.LASF16:
 1186 011f 646F7562 		.ascii	"double\000"
 1186      6C6500
 1187              	.LASF34:
 1188 0126 4379496E 		.ascii	"CyIntEnable\000"
 1188      74456E61 
 1188      626C6500 
 1189              	.LASF13:
 1190 0132 75696E74 		.ascii	"uint16\000"
 1190      313600
 1191              	.LASF14:
 1192 0139 75696E74 		.ascii	"uint32\000"
 1192      333200
 1193              	.LASF0:
 1194 0140 756E7369 		.ascii	"unsigned int\000"
 1194      676E6564 
 1194      20696E74 
 1194      00
 1195              	.LASF20:
 1196 014d 416E616C 		.ascii	"AnalogSetDefault\000"
 1196      6F675365 
 1196      74446566 
 1196      61756C74 
 1196      00
 1197              	.LASF22:
 1198 015e 61646472 		.ascii	"address\000"
 1198      65737300 
 1199              	.LASF8:
 1200 0166 6C6F6E67 		.ascii	"long long unsigned int\000"
 1200      206C6F6E 
 1200      6720756E 
 1200      7369676E 
 1200      65642069 
 1201              	.LASF19:
 1202 017d 63796973 		.ascii	"cyisraddress\000"
 1202      72616464 
 1202      72657373 
 1202      00
 1203              	.LASF30:
ARM GAS  C:\Users\gizmo\AppData\Local\Temp\ccC2A52f.s 			page 29


 1204 018a 443A5C55 		.ascii	"D:\\Users\\gizmo\\Documents\\Develop\\Rhythm Machin"
 1204      73657273 
 1204      5C67697A 
 1204      6D6F5C44 
 1204      6F63756D 
 1205 01b8 655C5053 		.ascii	"e\\PSoC\\PSoC_Fixedpoint_DDS_RhythmMachine\\PSoC_Fi"
 1205      6F435C50 
 1205      536F435F 
 1205      46697865 
 1205      64706F69 
 1206 01e8 78656470 		.ascii	"xedpoint_DDS_RhythmMachine_Test01.cydsn\000"
 1206      6F696E74 
 1206      5F444453 
 1206      5F526879 
 1206      74686D4D 
 1207              	.LASF24:
 1208 0210 6366675F 		.ascii	"cfg_memset_t\000"
 1208      6D656D73 
 1208      65745F74 
 1208      00
 1209              	.LASF29:
 1210 021d 2E5C4765 		.ascii	".\\Generated_Source\\PSoC4\\cyfitter_cfg.c\000"
 1210      6E657261 
 1210      7465645F 
 1210      536F7572 
 1210      63655C50 
 1211              	.LASF9:
 1212 0245 73697A65 		.ascii	"sizetype\000"
 1212      74797065 
 1212      00
 1213              	.LASF7:
 1214 024e 6C6F6E67 		.ascii	"long long int\000"
 1214      206C6F6E 
 1214      6720696E 
 1214      7400
 1215              	.LASF10:
 1216 025c 63686172 		.ascii	"char\000"
 1216      00
 1217              	.LASF32:
 1218 0261 63796669 		.ascii	"cyfitter_cfg\000"
 1218      74746572 
 1218      5F636667 
 1218      00
 1219              	.LASF3:
 1220 026e 73686F72 		.ascii	"short int\000"
 1220      7420696E 
 1220      7400
 1221              	.LASF27:
 1222 0278 43795379 		.ascii	"CySysClkWriteImoFreq\000"
 1222      73436C6B 
 1222      57726974 
 1222      65496D6F 
 1222      46726571 
 1223              	.LASF5:
 1224 028d 6C6F6E67 		.ascii	"long int\000"
 1224      20696E74 
 1224      00
ARM GAS  C:\Users\gizmo\AppData\Local\Temp\ccC2A52f.s 			page 30


 1225              	.LASF1:
 1226 0296 7369676E 		.ascii	"signed char\000"
 1226      65642063 
 1226      68617200 
 1227              		.ident	"GCC: (GNU Tools for ARM Embedded Processors) 4.9.3 20150303 (release) [ARM/embedded-4_9-br
