Archive member included because of file (symbol)

.\CortexM0\ARM_GCC_493\Release\PSoC_Fixedpoint_DDS_RhythmMachine_Test01.a(cyfitter_cfg.o)
                              .\CortexM0\ARM_GCC_493\Release\Cm0Start.o (cyfitter_cfg)
.\CortexM0\ARM_GCC_493\Release\PSoC_Fixedpoint_DDS_RhythmMachine_Test01.a(CyLib.o)
                              .\CortexM0\ARM_GCC_493\Release\PSoC_Fixedpoint_DDS_RhythmMachine_Test01.a(cyfitter_cfg.o) (CyIntSetVector)
.\CortexM0\ARM_GCC_493\Release\PSoC_Fixedpoint_DDS_RhythmMachine_Test01.a(CyLFClk.o)
                              .\CortexM0\ARM_GCC_493\Release\PSoC_Fixedpoint_DDS_RhythmMachine_Test01.a(cyfitter_cfg.o) (CySysWdtIsr)
.\CortexM0\ARM_GCC_493\Release\PSoC_Fixedpoint_DDS_RhythmMachine_Test01.a(UART.o)
                              .\CortexM0\ARM_GCC_493\Release\main.o (UART_Start)
.\CortexM0\ARM_GCC_493\Release\PSoC_Fixedpoint_DDS_RhythmMachine_Test01.a(UART_UART.o)
                              .\CortexM0\ARM_GCC_493\Release\PSoC_Fixedpoint_DDS_RhythmMachine_Test01.a(UART.o) (UART_UartInit)
.\CortexM0\ARM_GCC_493\Release\PSoC_Fixedpoint_DDS_RhythmMachine_Test01.a(Timer_1.o)
                              .\CortexM0\ARM_GCC_493\Release\main.o (Timer_1_ReadCounter)
.\CortexM0\ARM_GCC_493\Release\PSoC_Fixedpoint_DDS_RhythmMachine_Test01.a(CyBootAsmGnu.o)
                              .\CortexM0\ARM_GCC_493\Release\PSoC_Fixedpoint_DDS_RhythmMachine_Test01.a(CyLib.o) (CyDelayCycles)
.\CortexM0\ARM_GCC_493\Release\PSoC_Fixedpoint_DDS_RhythmMachine_Test01.a(UART_SPI_UART.o)
                              .\CortexM0\ARM_GCC_493\Release\PSoC_Fixedpoint_DDS_RhythmMachine_Test01.a(UART_UART.o) (UART_SpiUartReadRxData)
c:/program files (x86)/cypress/psoc creator/3.3/psoc creator/import/gnu/arm/4.9.3/bin/../lib/gcc/arm-none-eabi/4.9.3/armv6-m\libgcc.a(_udivsi3.o)
                              .\CortexM0\ARM_GCC_493\Release\PSoC_Fixedpoint_DDS_RhythmMachine_Test01.a(CyLib.o) (__aeabi_uidiv)
c:/program files (x86)/cypress/psoc creator/3.3/psoc creator/import/gnu/arm/4.9.3/bin/../lib/gcc/arm-none-eabi/4.9.3/armv6-m\libgcc.a(_dvmd_tls.o)
                              c:/program files (x86)/cypress/psoc creator/3.3/psoc creator/import/gnu/arm/4.9.3/bin/../lib/gcc/arm-none-eabi/4.9.3/armv6-m\libgcc.a(_udivsi3.o) (__aeabi_idiv0)
c:/program files (x86)/cypress/psoc creator/3.3/psoc creator/import/gnu/arm/4.9.3/bin/../lib/gcc/arm-none-eabi/4.9.3/armv6-m\libgcc.a(_aeabi_uldivmod.o)
                              .\CortexM0\ARM_GCC_493\Release\main.o (__aeabi_uldivmod)
c:/program files (x86)/cypress/psoc creator/3.3/psoc creator/import/gnu/arm/4.9.3/bin/../lib/gcc/arm-none-eabi/4.9.3/armv6-m\libgcc.a(_muldi3.o)
                              .\CortexM0\ARM_GCC_493\Release\main.o (__aeabi_lmul)
c:/program files (x86)/cypress/psoc creator/3.3/psoc creator/import/gnu/arm/4.9.3/bin/../lib/gcc/arm-none-eabi/4.9.3/armv6-m\libgcc.a(_fixunsdfsi.o)
                              .\CortexM0\ARM_GCC_493\Release\main.o (__aeabi_d2uiz)
c:/program files (x86)/cypress/psoc creator/3.3/psoc creator/import/gnu/arm/4.9.3/bin/../lib/gcc/arm-none-eabi/4.9.3/armv6-m\libgcc.a(bpabi.o)
                              c:/program files (x86)/cypress/psoc creator/3.3/psoc creator/import/gnu/arm/4.9.3/bin/../lib/gcc/arm-none-eabi/4.9.3/armv6-m\libgcc.a(_aeabi_uldivmod.o) (__gnu_uldivmod_helper)
c:/program files (x86)/cypress/psoc creator/3.3/psoc creator/import/gnu/arm/4.9.3/bin/../lib/gcc/arm-none-eabi/4.9.3/armv6-m\libgcc.a(divdf3.o)
                              .\CortexM0\ARM_GCC_493\Release\main.o (__aeabi_ddiv)
c:/program files (x86)/cypress/psoc creator/3.3/psoc creator/import/gnu/arm/4.9.3/bin/../lib/gcc/arm-none-eabi/4.9.3/armv6-m\libgcc.a(muldf3.o)
                              .\CortexM0\ARM_GCC_493\Release\main.o (__aeabi_dmul)
c:/program files (x86)/cypress/psoc creator/3.3/psoc creator/import/gnu/arm/4.9.3/bin/../lib/gcc/arm-none-eabi/4.9.3/armv6-m\libgcc.a(subdf3.o)
                              c:/program files (x86)/cypress/psoc creator/3.3/psoc creator/import/gnu/arm/4.9.3/bin/../lib/gcc/arm-none-eabi/4.9.3/armv6-m\libgcc.a(_fixunsdfsi.o) (__aeabi_dsub)
c:/program files (x86)/cypress/psoc creator/3.3/psoc creator/import/gnu/arm/4.9.3/bin/../lib/gcc/arm-none-eabi/4.9.3/armv6-m\libgcc.a(fixdfsi.o)
                              .\CortexM0\ARM_GCC_493\Release\main.o (__aeabi_d2iz)
c:/program files (x86)/cypress/psoc creator/3.3/psoc creator/import/gnu/arm/4.9.3/bin/../lib/gcc/arm-none-eabi/4.9.3/armv6-m\libgcc.a(floatsidf.o)
                              .\CortexM0\ARM_GCC_493\Release\main.o (__aeabi_i2d)
c:/program files (x86)/cypress/psoc creator/3.3/psoc creator/import/gnu/arm/4.9.3/bin/../lib/gcc/arm-none-eabi/4.9.3/armv6-m\libgcc.a(_arm_cmpdf2.o)
                              c:/program files (x86)/cypress/psoc creator/3.3/psoc creator/import/gnu/arm/4.9.3/bin/../lib/gcc/arm-none-eabi/4.9.3/armv6-m\libgcc.a(_fixunsdfsi.o) (__aeabi_dcmpge)
[...]
Memory Configuration

Name             Origin             Length             Attributes
rom              0x00000000         0x00008000         xr
ram              0x20000000         0x00001000         xrw
*default*        0x00000000         0xffffffff

Linker script and memory map

LOAD c:/program files (x86)/cypress/psoc creator/3.3/psoc creator/import/gnu/arm/4.9.3/bin/../lib/gcc/arm-none-eabi/4.9.3/armv6-m/crti.o
LOAD c:/program files (x86)/cypress/psoc creator/3.3/psoc creator/import/gnu/arm/4.9.3/bin/../lib/gcc/arm-none-eabi/4.9.3/armv6-m/crtbegin.o
LOAD c:/program files (x86)/cypress/psoc creator/3.3/psoc creator/import/gnu/arm/4.9.3/bin/../lib/gcc/arm-none-eabi/4.9.3/../../../../arm-none-eabi/lib/armv6-m/crt0.o
START GROUP
LOAD .\CortexM0\ARM_GCC_493\Release\main.o
LOAD .\CortexM0\ARM_GCC_493\Release\cymetadata.o
LOAD .\CortexM0\ARM_GCC_493\Release\Cm0Start.o
LOAD .\CortexM0\ARM_GCC_493\Release\PSoC_Fixedpoint_DDS_RhythmMachine_Test01.a
LOAD C:\Program Files (x86)\Cypress\PSoC Creator\3.3\PSoC Creator\psoc\content\cycomponentlibrary\CyComponentLibrary.cylib\CortexM0\ARM_GCC_493\Release\CyComponentLibrary.a
END GROUP
START GROUP
LOAD c:/program files (x86)/cypress/psoc creator/3.3/psoc creator/import/gnu/arm/4.9.3/bin/../lib/gcc/arm-none-eabi/4.9.3/armv6-m\libgcc.a
LOAD c:/program files (x86)/cypress/psoc creator/3.3/psoc creator/import/gnu/arm/4.9.3/bin/../lib/gcc/arm-none-eabi/4.9.3/../../../../arm-none-eabi/lib/armv6-m\libg_nano.a
LOAD c:/program files (x86)/cypress/psoc creator/3.3/psoc creator/import/gnu/arm/4.9.3/bin/../lib/gcc/arm-none-eabi/4.9.3/../../../../arm-none-eabi/lib/armv6-m\libc_nano.a
END GROUP
START GROUP
LOAD c:/program files (x86)/cypress/psoc creator/3.3/psoc creator/import/gnu/arm/4.9.3/bin/../lib/gcc/arm-none-eabi/4.9.3/armv6-m\libgcc.a
LOAD c:/program files (x86)/cypress/psoc creator/3.3/psoc creator/import/gnu/arm/4.9.3/bin/../lib/gcc/arm-none-eabi/4.9.3/../../../../arm-none-eabi/lib/armv6-m\libc_nano.a
END GROUP
LOAD c:/program files (x86)/cypress/psoc creator/3.3/psoc creator/import/gnu/arm/4.9.3/bin/../lib/gcc/arm-none-eabi/4.9.3/armv6-m/crtend.o
LOAD c:/program files (x86)/cypress/psoc creator/3.3/psoc creator/import/gnu/arm/4.9.3/bin/../lib/gcc/arm-none-eabi/4.9.3/armv6-m/crtn.o
START GROUP
LOAD c:/program files (x86)/cypress/psoc creator/3.3/psoc creator/import/gnu/arm/4.9.3/bin/../lib/gcc/arm-none-eabi/4.9.3/armv6-m\libgcc.a
LOAD c:/program files (x86)/cypress/psoc creator/3.3/psoc creator/import/gnu/arm/4.9.3/bin/../lib/gcc/arm-none-eabi/4.9.3/../../../../arm-none-eabi/lib/armv6-m\libc.a
LOAD c:/program files (x86)/cypress/psoc creator/3.3/psoc creator/import/gnu/arm/4.9.3/bin/../lib/gcc/arm-none-eabi/4.9.3/../../../../arm-none-eabi/lib/armv6-m\libnosys.a
END GROUP
                0x00000000                CY_APPL_ORIGIN = 0x0
                0x00000080                CY_FLASH_ROW_SIZE = 0x80
                0x00000001                CY_APPL_NUM = 0x1
                0x00000001                CY_APPL_MAX = 0x1
                0x00000040                CY_METADATA_SIZE = 0x40
                0x00000000                CY_APPL_LOADABLE = 0x0
                0x00000000                CY_CHECKSUM_EXCLUDE_SIZE = ALIGN (0x0, CY_FLASH_ROW_SIZE)
                0x00000000                CY_APP_FOR_STACK_AND_COPIER = 0x0
                0x200002d0                PROVIDE (__cy_heap_start, _end)
                0x00000001                PROVIDE (__cy_region_num, ((__cy_regions_end - __cy_regions) / 0x10))
                0x20001000                PROVIDE (__cy_stack, (ORIGIN (ram) + 0x1000))
                0x20000c00                PROVIDE (__cy_heap_end, (__cy_stack - 0x400))

.cybootloader   0x00000000        0x0
 *(.cybootloader)
                0x00000000                appl1_start = CY_APPL_ORIGIN?CY_APPL_ORIGIN:ALIGN (CY_FLASH_ROW_SIZE)
                0x00003f80                appl2_start = (appl1_start + ALIGN ((((0x8000 - appl1_start) - (0x2 * CY_FLASH_ROW_SIZE)) / 0x2), CY_FLASH_ROW_SIZE))
                0x00000000                appl_start = (CY_APPL_NUM == 0x1)?appl1_start:appl2_start
                0x00000001                cy_project_type_bootloader = (appl_start == 0x0)?0x1:0x0
                0x00000000                cy_project_type_app_for_stack_and_copier = (CY_APP_FOR_STACK_AND_COPIER == 0x1)?0x1:0x0

.text           0x00000000     0x2dfc
 CREATE_OBJECT_SYMBOLS
                0x00000000                PROVIDE (__cy_interrupt_vector, RomVectors)
 *(.romvectors)
 .romvectors    0x00000000       0x10 .\CortexM0\ARM_GCC_493\Release\Cm0Start.o
                0x00000000                RomVectors
                0x00000001                ASSERT ((. != __cy_interrupt_vector), No interrupt vector)
                0x00000001                ASSERT (CY_APPL_ORIGIN?(SIZEOF (.cybootloader) <= CY_APPL_ORIGIN):0x1, Wrong image location)
                0x00000010                PROVIDE (__cy_reset, Reset)
 *(.text.Reset)
 .text.Reset    0x00000010        0x6 .\CortexM0\ARM_GCC_493\Release\Cm0Start.o
                0x00000010                Reset
                0x00000001                ASSERT ((. != __cy_reset), No reset code)
 *(.psocinit)
 *fill*         0x00000016        0x2 
 .psocinit      0x00000018      0x11c .\CortexM0\ARM_GCC_493\Release\PSoC_Fixedpoint_DDS_RhythmMachine_Test01.a(cyfitter_cfg.o)
                0x00000018                cyfitter_cfg
                0x00000134                . = MAX (., 0x100)
 *(.text .text.* .gnu.linkonce.t.*)
 .text          0x00000134       0x60 c:/program files (x86)/cypress/psoc creator/3.3/psoc creator/import/gnu/arm/4.9.3/bin/../lib/gcc/arm-none-eabi/4.9.3/armv6-m/crtbegin.o
 .text.initTracks
                0x00000194       0xf0 .\CortexM0\ARM_GCC_493\Release\main.o
                0x00000194                initTracks
 .text.initDDSParameter
                0x00000284       0xa0 .\CortexM0\ARM_GCC_493\Release\main.o
                0x00000284                initDDSParameter
 .text.generateDDSWave
                0x00000324        0xe .\CortexM0\ARM_GCC_493\Release\main.o
                0x00000324                generateDDSWave
 *fill*         0x00000332        0x2 
 .text.startup.main
                0x00000334      0x188 .\CortexM0\ARM_GCC_493\Release\main.o
                0x00000334                main
 .text.IntDefaultHandler
                0x000004bc        0x2 .\CortexM0\ARM_GCC_493\Release\Cm0Start.o
                0x000004bc                IntDefaultHandler
 *fill*         0x000004be        0x2 
 .text._sbrk    0x000004c0       0x2c .\CortexM0\ARM_GCC_493\Release\Cm0Start.o
                0x000004c0                _sbrk
 .text.Start_c  0x000004ec       0x4c .\CortexM0\ARM_GCC_493\Release\Cm0Start.o
                0x000004ec                Start_c
 .text.startup.initialize_psoc
                0x00000538       0x44 .\CortexM0\ARM_GCC_493\Release\Cm0Start.o
                0x00000538                initialize_psoc
 .text.CyIntSetVector
                0x0000057c       0x10 .\CortexM0\ARM_GCC_493\Release\PSoC_Fixedpoint_DDS_RhythmMachine_Test01.a(CyLib.o)
                0x0000057c                CyIntSetVector
 .text.CyIntEnable
                0x0000058c       0x14 .\CortexM0\ARM_GCC_493\Release\PSoC_Fixedpoint_DDS_RhythmMachine_Test01.a(CyLib.o)
                0x0000058c                CyIntEnable
 .text.CyDelayUs
                0x000005a0       0x14 .\CortexM0\ARM_GCC_493\Release\PSoC_Fixedpoint_DDS_RhythmMachine_Test01.a(CyLib.o)
                0x000005a0                CyDelayUs
 .text.CySysClkWriteImoFreq
                0x000005b4      0x124 .\CortexM0\ARM_GCC_493\Release\PSoC_Fixedpoint_DDS_RhythmMachine_Test01.a(CyLib.o)
                0x000005b4                CySysClkWriteImoFreq
 .text.CySysWdtLock
                0x000006d8       0x1c .\CortexM0\ARM_GCC_493\Release\PSoC_Fixedpoint_DDS_RhythmMachine_Test01.a(CyLFClk.o)
                0x000006d8                CySysWdtLock
 .text.CySysWdtUnlock
                0x000006f4       0x30 .\CortexM0\ARM_GCC_493\Release\PSoC_Fixedpoint_DDS_RhythmMachine_Test01.a(CyLFClk.o)
                0x000006f4                CySysWdtUnlock
 .text.CySysWdtClearInterrupt
                0x00000724       0x54 .\CortexM0\ARM_GCC_493\Release\PSoC_Fixedpoint_DDS_RhythmMachine_Test01.a(CyLFClk.o)
                0x00000724                CySysWdtClearInterrupt
 .text.CySysWdtIsr
                0x00000778       0xa0 .\CortexM0\ARM_GCC_493\Release\PSoC_Fixedpoint_DDS_RhythmMachine_Test01.a(CyLFClk.o)
                0x00000778                CySysWdtIsr
 .text.UART_Enable
                0x00000818       0x18 .\CortexM0\ARM_GCC_493\Release\PSoC_Fixedpoint_DDS_RhythmMachine_Test01.a(UART.o)
                0x00000818                UART_Enable
 .text.UART_Start
                0x00000830       0x1c .\CortexM0\ARM_GCC_493\Release\PSoC_Fixedpoint_DDS_RhythmMachine_Test01.a(UART.o)
                0x00000830                UART_Start
 .text.UART_UartInit
                0x0000084c       0x90 .\CortexM0\ARM_GCC_493\Release\PSoC_Fixedpoint_DDS_RhythmMachine_Test01.a(UART_UART.o)
                0x0000084c                UART_UartInit
 .text.UART_UartPostEnable
                0x000008dc       0x1c .\CortexM0\ARM_GCC_493\Release\PSoC_Fixedpoint_DDS_RhythmMachine_Test01.a(UART_UART.o)
                0x000008dc                UART_UartPostEnable
 .text.UART_UartPutString
                0x000008f8       0x16 .\CortexM0\ARM_GCC_493\Release\PSoC_Fixedpoint_DDS_RhythmMachine_Test01.a(UART_UART.o)
                0x000008f8                UART_UartPutString
 *fill*         0x0000090e        0x2 
 .text.Timer_1_Init
                0x00000910       0x3c .\CortexM0\ARM_GCC_493\Release\PSoC_Fixedpoint_DDS_RhythmMachine_Test01.a(Timer_1.o)
                0x00000910                Timer_1_Init
 .text.Timer_1_ReadCounter
                0x0000094c        0xc .\CortexM0\ARM_GCC_493\Release\PSoC_Fixedpoint_DDS_RhythmMachine_Test01.a(Timer_1.o)
                0x0000094c                Timer_1_ReadCounter
 .text.Timer_1_TriggerCommand
                0x00000958       0x1c .\CortexM0\ARM_GCC_493\Release\PSoC_Fixedpoint_DDS_RhythmMachine_Test01.a(Timer_1.o)
                0x00000958                Timer_1_TriggerCommand
 .text.Timer_1_Enable
                0x00000974       0x24 .\CortexM0\ARM_GCC_493\Release\PSoC_Fixedpoint_DDS_RhythmMachine_Test01.a(Timer_1.o)
                0x00000974                Timer_1_Enable
 .text.Timer_1_Start
                0x00000998       0x1c .\CortexM0\ARM_GCC_493\Release\PSoC_Fixedpoint_DDS_RhythmMachine_Test01.a(Timer_1.o)
                0x00000998                Timer_1_Start
 *fill*         0x000009b4        0x4 
 .text          0x000009b8       0x28 .\CortexM0\ARM_GCC_493\Release\PSoC_Fixedpoint_DDS_RhythmMachine_Test01.a(CyBootAsmGnu.o)
                0x000009b8                CyDelayCycles
                0x000009cc                CyEnterCriticalSection
                0x000009d4                CyExitCriticalSection
 .text.UART_SpiUartWriteTxData
                0x000009e0       0x1c .\CortexM0\ARM_GCC_493\Release\PSoC_Fixedpoint_DDS_RhythmMachine_Test01.a(UART_SPI_UART.o)
                0x000009e0                UART_SpiUartWriteTxData
 .text          0x000009fc      0x120 c:/program files (x86)/cypress/psoc creator/3.3/psoc creator/import/gnu/arm/4.9.3/bin/../lib/gcc/arm-none-eabi/4.9.3/armv6-m\libgcc.a(_udivsi3.o)
                0x000009fc                __aeabi_uidiv
                0x000009fc                __udivsi3
                0x00000b08                __aeabi_uidivmod
 .text          0x00000b1c        0x4 c:/program files (x86)/cypress/psoc creator/3.3/psoc creator/import/gnu/arm/4.9.3/bin/../lib/gcc/arm-none-eabi/4.9.3/armv6-m\libgcc.a(_dvmd_tls.o)
                0x00000b1c                __aeabi_idiv0
                0x00000b1c                __aeabi_ldiv0
 .text          0x00000b20       0x40 c:/program files (x86)/cypress/psoc creator/3.3/psoc creator/import/gnu/arm/4.9.3/bin/../lib/gcc/arm-none-eabi/4.9.3/armv6-m\libgcc.a(_aeabi_uldivmod.o)
                0x00000b20                __aeabi_uldivmod
 .text          0x00000b60       0x54 c:/program files (x86)/cypress/psoc creator/3.3/psoc creator/import/gnu/arm/4.9.3/bin/../lib/gcc/arm-none-eabi/4.9.3/armv6-m\libgcc.a(_muldi3.o)
                0x00000b60                __muldi3
                0x00000b60                __aeabi_lmul
 .text          0x00000bb4       0x3c c:/program files (x86)/cypress/psoc creator/3.3/psoc creator/import/gnu/arm/4.9.3/bin/../lib/gcc/arm-none-eabi/4.9.3/armv6-m\libgcc.a(_fixunsdfsi.o)
                0x00000bb4                __aeabi_d2uiz
                0x00000bb4                __fixunsdfsi
 .text          0x00000bf0       0x6c c:/program files (x86)/cypress/psoc creator/3.3/psoc creator/import/gnu/arm/4.9.3/bin/../lib/gcc/arm-none-eabi/4.9.3/armv6-m\libgcc.a(bpabi.o)
                0x00000bf0                __gnu_ldivmod_helper
                0x00000c28                __gnu_uldivmod_helper
 .text          0x00000c5c      0x648 c:/program files (x86)/cypress/psoc creator/3.3/psoc creator/import/gnu/arm/4.9.3/bin/../lib/gcc/arm-none-eabi/4.9.3/armv6-m\libgcc.a(divdf3.o)
                0x00000c5c                __aeabi_ddiv
 .text          0x000012a4      0x534 c:/program files (x86)/cypress/psoc creator/3.3/psoc creator/import/gnu/arm/4.9.3/bin/../lib/gcc/arm-none-eabi/4.9.3/armv6-m\libgcc.a(muldf3.o)
                0x000012a4                __aeabi_dmul
 .text          0x000017d8      0x6f4 c:/program files (x86)/cypress/psoc creator/3.3/psoc creator/import/gnu/arm/4.9.3/bin/../lib/gcc/arm-none-eabi/4.9.3/armv6-m\libgcc.a(subdf3.o)
                0x000017d8                __aeabi_dsub
 .text          0x00001ecc       0x6c c:/program files (x86)/cypress/psoc creator/3.3/psoc creator/import/gnu/arm/4.9.3/bin/../lib/gcc/arm-none-eabi/4.9.3/armv6-m\libgcc.a(fixdfsi.o)
                0x00001ecc                __aeabi_d2iz
 .text          0x00001f38       0x7c c:/program files (x86)/cypress/psoc creator/3.3/psoc creator/import/gnu/arm/4.9.3/bin/../lib/gcc/arm-none-eabi/4.9.3/armv6-m\libgcc.a(_arm_cmpdf2.o)
                0x00001f38                __aeabi_cdrcmple
                0x00001f48                __aeabi_cdcmple
                0x00001f48                __aeabi_cdcmpeq
                0x00001f58                __aeabi_dcmpeq
                0x00001f64                __aeabi_dcmplt
                0x00001f78                __aeabi_dcmple
                0x00001f8c                __aeabi_dcmpgt
                0x00001fa0                __aeabi_dcmpge
 .text          0x00001fb4       0x3c c:/program files (x86)/cypress/psoc creator/3.3/psoc creator/import/gnu/arm/4.9.3/bin/../lib/gcc/arm-none-eabi/4.9.3/armv6-m\libgcc.a(_clzsi2.o)
                0x00001fb4                __clzsi2
 .text          0x00001ff0      0x1f0 c:/program files (x86)/cypress/psoc creator/3.3/psoc creator/import/gnu/arm/4.9.3/bin/../lib/gcc/arm-none-eabi/4.9.3/armv6-m\libgcc.a(_divdi3.o)
                0x00001ff0                __divdi3
 .text          0x000021e0      0x158 c:/program files (x86)/cypress/psoc creator/3.3/psoc creator/import/gnu/arm/4.9.3/bin/../lib/gcc/arm-none-eabi/4.9.3/armv6-m\libgcc.a(_udivdi3.o)
                0x000021e0                __udivdi3
 .text          0x00002338       0x88 c:/program files (x86)/cypress/psoc creator/3.3/psoc creator/import/gnu/arm/4.9.3/bin/../lib/gcc/arm-none-eabi/4.9.3/armv6-m\libgcc.a(eqdf2.o)
                0x00002338                __nedf2
                0x00002338                __eqdf2
 .text          0x000023c0       0xe0 c:/program files (x86)/cypress/psoc creator/3.3/psoc creator/import/gnu/arm/4.9.3/bin/../lib/gcc/arm-none-eabi/4.9.3/armv6-m\libgcc.a(gedf2.o)
                0x000023c0                __gedf2
                0x000023c0                __gtdf2
 .text          0x000024a0       0xcc c:/program files (x86)/cypress/psoc creator/3.3/psoc creator/import/gnu/arm/4.9.3/bin/../lib/gcc/arm-none-eabi/4.9.3/armv6-m\libgcc.a(ledf2.o)
                0x000024a0                __ledf2
                0x000024a0                __ltdf2
 .text          0x0000256c       0x18 c:/program files (x86)/cypress/psoc creator/3.3/psoc creator/import/gnu/arm/4.9.3/bin/../lib/gcc/arm-none-eabi/4.9.3/armv6-m\libgcc.a(_clzdi2.o)
                0x0000256c                __clzdi2
 .text.__errno  0x00002584        0xc c:/program files (x86)/cypress/psoc creator/3.3/psoc creator/import/gnu/arm/4.9.3/bin/../lib/gcc/arm-none-eabi/4.9.3/../../../../arm-none-eabi/lib/armv6-m\libg_nano.a(lib_a-errno.o)
                0x00002584                __errno
 .text.__libc_init_array
                0x00002590       0x4c c:/program files (x86)/cypress/psoc creator/3.3/psoc creator/import/gnu/arm/4.9.3/bin/../lib/gcc/arm-none-eabi/4.9.3/../../../../arm-none-eabi/lib/armv6-m\libg_nano.a(lib_a-init.o)
                0x00002590                __libc_init_array
 .text.memcpy   0x000025dc       0x12 c:/program files (x86)/cypress/psoc creator/3.3/psoc creator/import/gnu/arm/4.9.3/bin/../lib/gcc/arm-none-eabi/4.9.3/../../../../arm-none-eabi/lib/armv6-m\libg_nano.a(lib_a-memcpy.o)
                0x000025dc                memcpy
 .text.memset   0x000025ee       0x10 c:/program files (x86)/cypress/psoc creator/3.3/psoc creator/import/gnu/arm/4.9.3/bin/../lib/gcc/arm-none-eabi/4.9.3/../../../../arm-none-eabi/lib/armv6-m\libg_nano.a(lib_a-memset.o)
                0x000025ee                memset
 *fill*         0x000025fe        0x2 
 .text.sprintf  0x00002600       0x44 c:/program files (x86)/cypress/psoc creator/3.3/psoc creator/import/gnu/arm/4.9.3/bin/../lib/gcc/arm-none-eabi/4.9.3/../../../../arm-none-eabi/lib/armv6-m\libg_nano.a(lib_a-sprintf.o)
                0x00002600                siprintf
                0x00002600                sprintf
 .text._free_r  0x00002644       0x8c c:/program files (x86)/cypress/psoc creator/3.3/psoc creator/import/gnu/arm/4.9.3/bin/../lib/gcc/arm-none-eabi/4.9.3/../../../../arm-none-eabi/lib/armv6-m\libg_nano.a(lib_a-nano-freer.o)
                0x00002644                _free_r
 .text._malloc_r
                0x000026d0       0xb0 c:/program files (x86)/cypress/psoc creator/3.3/psoc creator/import/gnu/arm/4.9.3/bin/../lib/gcc/arm-none-eabi/4.9.3/../../../../arm-none-eabi/lib/armv6-m\libg_nano.a(lib_a-nano-mallocr.o)
                0x000026d0                _malloc_r
 .text.__ssputs_r
                0x00002780       0xc0 c:/program files (x86)/cypress/psoc creator/3.3/psoc creator/import/gnu/arm/4.9.3/bin/../lib/gcc/arm-none-eabi/4.9.3/../../../../arm-none-eabi/lib/armv6-m\libg_nano.a(lib_a-nano-svfprintf.o)
                0x00002780                __ssputs_r
 .text._svfprintf_r
                0x00002840      0x1ec c:/program files (x86)/cypress/psoc creator/3.3/psoc creator/import/gnu/arm/4.9.3/bin/../lib/gcc/arm-none-eabi/4.9.3/../../../../arm-none-eabi/lib/armv6-m\libg_nano.a(lib_a-nano-svfprintf.o)
                0x00002840                _svfiprintf_r
                0x00002840                _svfprintf_r
 .text._printf_common
                0x00002a2c       0xdc c:/program files (x86)/cypress/psoc creator/3.3/psoc creator/import/gnu/arm/4.9.3/bin/../lib/gcc/arm-none-eabi/4.9.3/../../../../arm-none-eabi/lib/armv6-m\libg_nano.a(lib_a-nano-vfprintf_i.o)
                0x00002a2c                _printf_common
 .text._printf_i
                0x00002b08      0x230 c:/program files (x86)/cypress/psoc creator/3.3/psoc creator/import/gnu/arm/4.9.3/bin/../lib/gcc/arm-none-eabi/4.9.3/../../../../arm-none-eabi/lib/armv6-m\libg_nano.a(lib_a-nano-vfprintf_i.o)
                0x00002b08                _printf_i
 .text._sbrk_r  0x00002d38       0x24 c:/program files (x86)/cypress/psoc creator/3.3/psoc creator/import/gnu/arm/4.9.3/bin/../lib/gcc/arm-none-eabi/4.9.3/../../../../arm-none-eabi/lib/armv6-m\libg_nano.a(lib_a-sbrkr.o)
                0x00002d38                _sbrk_r
 .text.memchr   0x00002d5c       0x16 c:/program files (x86)/cypress/psoc creator/3.3/psoc creator/import/gnu/arm/4.9.3/bin/../lib/gcc/arm-none-eabi/4.9.3/../../../../arm-none-eabi/lib/armv6-m\libg_nano.a(lib_a-memchr.o)
                0x00002d5c                memchr
 .text.memmove  0x00002d72       0x28 c:/program files (x86)/cypress/psoc creator/3.3/psoc creator/import/gnu/arm/4.9.3/bin/../lib/gcc/arm-none-eabi/4.9.3/../../../../arm-none-eabi/lib/armv6-m\libg_nano.a(lib_a-memmove.o)
                0x00002d72                memmove
 .text._realloc_r
                0x00002d9a       0x4c c:/program files (x86)/cypress/psoc creator/3.3/psoc creator/import/gnu/arm/4.9.3/bin/../lib/gcc/arm-none-eabi/4.9.3/../../../../arm-none-eabi/lib/armv6-m\libg_nano.a(lib_a-nano-reallocr.o)
                0x00002d9a                _realloc_r
 .text._malloc_usable_size_r
                0x00002de6       0x16 c:/program files (x86)/cypress/psoc creator/3.3/psoc creator/import/gnu/arm/4.9.3/bin/../lib/gcc/arm-none-eabi/4.9.3/../../../../arm-none-eabi/lib/armv6-m\libg_nano.a(lib_a-nano-msizer.o)
                0x00002de6                _malloc_usable_size_r
 *(.plt)
 *(.gnu.warning)
 *(.glue_7t)
 .glue_7t       0x00000000        0x0 linker stubs
 *(.glue_7)
 .glue_7        0x00000000        0x0 linker stubs
 *(.vfp11_veneer)
 .vfp11_veneer  0x00000000        0x0 linker stubs
 *(.bootloader)
 *(.ARM.extab* .gnu.linkonce.armextab.*)
 *(.gcc_except_table)

.v4_bx          0x00002dfc        0x0
 .v4_bx         0x00000000        0x0 linker stubs

.iplt           0x00002dfc        0x0
 .iplt          0x00000000        0x0 c:/program files (x86)/cypress/psoc creator/3.3/psoc creator/import/gnu/arm/4.9.3/bin/../lib/gcc/arm-none-eabi/4.9.3/armv6-m/crtbegin.o

.eh_frame_hdr
 *(.eh_frame_hdr)

.eh_frame       0x00002dfc        0x4
 *(.eh_frame)
 .eh_frame      0x00002dfc        0x0 c:/program files (x86)/cypress/psoc creator/3.3/psoc creator/import/gnu/arm/4.9.3/bin/../lib/gcc/arm-none-eabi/4.9.3/armv6-m/crtbegin.o
 .eh_frame      0x00002dfc        0x4 c:/program files (x86)/cypress/psoc creator/3.3/psoc creator/import/gnu/arm/4.9.3/bin/../lib/gcc/arm-none-eabi/4.9.3/armv6-m/crtend.o
                0x00002e00                PROVIDE (__exidx_start, .)

.ARM.exidx      0x00002e00        0x8
 *(.ARM.exidx* .gnu.linkonce.armexidx.*)
 .ARM.exidx     0x00002e00        0x8 c:/program files (x86)/cypress/psoc creator/3.3/psoc creator/import/gnu/arm/4.9.3/bin/../lib/gcc/arm-none-eabi/4.9.3/armv6-m\libgcc.a(_divdi3.o)
 .ARM.exidx     0x00002e08        0x0 c:/program files (x86)/cypress/psoc creator/3.3/psoc creator/import/gnu/arm/4.9.3/bin/../lib/gcc/arm-none-eabi/4.9.3/armv6-m\libgcc.a(_udivdi3.o)
                                  0x8 (size before relaxing)
                0x00002e08                __exidx_end = .

.rodata         0x00002e08     0x1368
 *(.rodata .rodata.* .gnu.linkonce.r.*)
 .rodata        0x00002e08     0x1220 .\CortexM0\ARM_GCC_493\Release\main.o
                0x00002e28                waveTableSine
                0x00003e28                modTableDown
 .rodata.str1.1
                0x00004028       0x28 .\CortexM0\ARM_GCC_493\Release\main.o
 .rodata        0x00004050       0x2e .\CortexM0\ARM_GCC_493\Release\PSoC_Fixedpoint_DDS_RhythmMachine_Test01.a(CyLib.o)
                0x00004050                cyImoFreqMhz2Reg
 *fill*         0x0000407e        0x2 
 .rodata        0x00004080       0x40 c:/program files (x86)/cypress/psoc creator/3.3/psoc creator/import/gnu/arm/4.9.3/bin/../lib/gcc/arm-none-eabi/4.9.3/armv6-m\libgcc.a(divdf3.o)
 .rodata        0x000040c0       0x40 c:/program files (x86)/cypress/psoc creator/3.3/psoc creator/import/gnu/arm/4.9.3/bin/../lib/gcc/arm-none-eabi/4.9.3/armv6-m\libgcc.a(muldf3.o)
 .rodata.str1.1
                0x00004100        0x2 c:/program files (x86)/cypress/psoc creator/3.3/psoc creator/import/gnu/arm/4.9.3/bin/../lib/gcc/arm-none-eabi/4.9.3/../../../../arm-none-eabi/lib/armv6-m\libg_nano.a(lib_a-impure.o)
 .rodata.str1.1
                0x00004102       0x11 c:/program files (x86)/cypress/psoc creator/3.3/psoc creator/import/gnu/arm/4.9.3/bin/../lib/gcc/arm-none-eabi/4.9.3/../../../../arm-none-eabi/lib/armv6-m\libg_nano.a(lib_a-nano-svfprintf.o)
 .rodata.str1.1
                0x00004113       0x22 c:/program files (x86)/cypress/psoc creator/3.3/psoc creator/import/gnu/arm/4.9.3/bin/../lib/gcc/arm-none-eabi/4.9.3/../../../../arm-none-eabi/lib/armv6-m\libg_nano.a(lib_a-nano-vfprintf_i.o)
                0x00004138                . = ALIGN (0x4)
 *fill*         0x00004135        0x3 
 *(.init)
 .init          0x00004138        0x4 c:/program files (x86)/cypress/psoc creator/3.3/psoc creator/import/gnu/arm/4.9.3/bin/../lib/gcc/arm-none-eabi/4.9.3/armv6-m/crti.o
                0x00004138                _init
 .init          0x0000413c        0x8 c:/program files (x86)/cypress/psoc creator/3.3/psoc creator/import/gnu/arm/4.9.3/bin/../lib/gcc/arm-none-eabi/4.9.3/armv6-m/crtn.o
                0x00004144                . = ALIGN (0x4)
                0x00004144                __preinit_array_start = .
 *(.preinit_array)
                0x00004144                __preinit_array_end = .
                0x00004144                . = ALIGN (0x4)
                0x00004144                __init_array_start = .
 *(SORT(.init_array.*))
 *(.init_array)
 .init_array    0x00004144        0x4 c:/program files (x86)/cypress/psoc creator/3.3/psoc creator/import/gnu/arm/4.9.3/bin/../lib/gcc/arm-none-eabi/4.9.3/armv6-m/crtbegin.o
 .init_array    0x00004148        0x4 .\CortexM0\ARM_GCC_493\Release\Cm0Start.o
                0x0000414c                __init_array_end = .
                0x0000414c                . = ALIGN (0x4)
 *(.fini)
 .fini          0x0000414c        0x4 c:/program files (x86)/cypress/psoc creator/3.3/psoc creator/import/gnu/arm/4.9.3/bin/../lib/gcc/arm-none-eabi/4.9.3/armv6-m/crti.o
                0x0000414c                _fini
 .fini          0x00004150        0x8 c:/program files (x86)/cypress/psoc creator/3.3/psoc creator/import/gnu/arm/4.9.3/bin/../lib/gcc/arm-none-eabi/4.9.3/armv6-m/crtn.o
                0x00004158                . = ALIGN (0x4)
                0x00004158                __fini_array_start = .
 *(.fini_array)
 .fini_array    0x00004158        0x4 c:/program files (x86)/cypress/psoc creator/3.3/psoc creator/import/gnu/arm/4.9.3/bin/../lib/gcc/arm-none-eabi/4.9.3/armv6-m/crtbegin.o
 *(SORT(.fini_array.*))
                0x0000415c                __fini_array_end = .
                0x0000415c                . = ALIGN (0x4)
 *crtbegin.o(.ctors)
 *(EXCLUDE_FILE(*crtend.o) .ctors)
 *(SORT(.ctors.*))
 *crtend.o(.ctors)
                0x0000415c                . = ALIGN (0x4)
 *crtbegin.o(.dtors)
 *(EXCLUDE_FILE(*crtend.o) .dtors)
 *(SORT(.dtors.*))
 *crtend.o(.dtors)
                0x0000415c                . = ALIGN (0x4)
                0x0000415c                __cy_regions = .
                0x0000415c        0x4 LONG 0x4170 __cy_region_init_ram
                0x00004160        0x4 LONG 0x200000c8 __cy_region_start_data
                0x00004164        0x4 LONG 0x88 __cy_region_init_size_ram
                0x00004168        0x4 LONG 0x180 __cy_region_zero_size_ram
                0x0000416c                __cy_regions_end = .
                0x00004170                . = ALIGN (0x8)
 *fill*         0x0000416c        0x4 
                0x00004170                _etext = .

.cy_checksum_exclude
                0x00004170        0x0
 *(.cy_checksum_exclude)

.ramvectors     0x20000000       0xc0
                0x20000000                __cy_region_start_ram = .
 *(.ramvectors)
 .ramvectors    0x20000000       0xc0 .\CortexM0\ARM_GCC_493\Release\Cm0Start.o
                0x20000000                CyRamVectors

.noinit         0x200000c0        0x4
 *(.noinit)
 .noinit        0x200000c0        0x4 .\CortexM0\ARM_GCC_493\Release\Cm0Start.o

.data           0x200000c8       0x88 load address 0x00004170
                0x200000c8                __cy_region_start_data = .
 *(.jcr)
 .jcr           0x200000c8        0x0 c:/program files (x86)/cypress/psoc creator/3.3/psoc creator/import/gnu/arm/4.9.3/bin/../lib/gcc/arm-none-eabi/4.9.3/armv6-m/crtbegin.o
 .jcr           0x200000c8        0x4 c:/program files (x86)/cypress/psoc creator/3.3/psoc creator/import/gnu/arm/4.9.3/bin/../lib/gcc/arm-none-eabi/4.9.3/armv6-m/crtend.o
 *(.got.plt)
 *(.got)
 *(.shdata)
 *(.data .data.* .gnu.linkonce.d.*)
 .data          0x200000cc        0x4 .\CortexM0\ARM_GCC_493\Release\main.o
                0x200000cc                tick
 .data          0x200000d0        0x4 .\CortexM0\ARM_GCC_493\Release\Cm0Start.o
 .data          0x200000d4       0x10 .\CortexM0\ARM_GCC_493\Release\PSoC_Fixedpoint_DDS_RhythmMachine_Test01.a(CyLib.o)
                0x200000d4                cydelay32kMs
                0x200000d8                cydelayFreqKhz
                0x200000dc                cydelayFreqMhz
                0x200000e0                cydelayFreqHz
 .data          0x200000e4        0x4 .\CortexM0\ARM_GCC_493\Release\PSoC_Fixedpoint_DDS_RhythmMachine_Test01.a(CyLFClk.o)
 .data.impure_data
                0x200000e8       0x60 c:/program files (x86)/cypress/psoc creator/3.3/psoc creator/import/gnu/arm/4.9.3/bin/../lib/gcc/arm-none-eabi/4.9.3/../../../../arm-none-eabi/lib/armv6-m\libg_nano.a(lib_a-impure.o)
 .data._impure_ptr
                0x20000148        0x4 c:/program files (x86)/cypress/psoc creator/3.3/psoc creator/import/gnu/arm/4.9.3/bin/../lib/gcc/arm-none-eabi/4.9.3/../../../../arm-none-eabi/lib/armv6-m\libg_nano.a(lib_a-impure.o)
                0x20000148                _impure_ptr
                0x20000150                . = ALIGN (0x8)
 *fill*         0x2000014c        0x4 
 *(.ram)
                0x20000150                _edata = .

.igot.plt       0x20000150        0x0 load address 0x000041f8
 .igot.plt      0x00000000        0x0 c:/program files (x86)/cypress/psoc creator/3.3/psoc creator/import/gnu/arm/4.9.3/bin/../lib/gcc/arm-none-eabi/4.9.3/armv6-m/crtbegin.o

.bss            0x20000150      0x180 load address 0x000041f8
                0x20000150                PROVIDE (__bss_start__, .)
 *(.shbss)
 *(.bss .bss.* .gnu.linkonce.b.*)
 .bss           0x20000150       0x1c c:/program files (x86)/cypress/psoc creator/3.3/psoc creator/import/gnu/arm/4.9.3/bin/../lib/gcc/arm-none-eabi/4.9.3/armv6-m/crtbegin.o
 .bss           0x2000016c       0x54 .\CortexM0\ARM_GCC_493\Release\main.o
                0x2000016c                noteCount
 .bss           0x200001c0       0x1c .\CortexM0\ARM_GCC_493\Release\PSoC_Fixedpoint_DDS_RhythmMachine_Test01.a(CyLFClk.o)
 .bss           0x200001dc        0x1 .\CortexM0\ARM_GCC_493\Release\PSoC_Fixedpoint_DDS_RhythmMachine_Test01.a(UART.o)
                0x200001dc                UART_initVar
 .bss           0x200001dd        0x1 .\CortexM0\ARM_GCC_493\Release\PSoC_Fixedpoint_DDS_RhythmMachine_Test01.a(Timer_1.o)
                0x200001dd                Timer_1_initVar
 *fill*         0x200001de        0x2 
 .bss.__malloc_sbrk_start
                0x200001e0        0x4 c:/program files (x86)/cypress/psoc creator/3.3/psoc creator/import/gnu/arm/4.9.3/bin/../lib/gcc/arm-none-eabi/4.9.3/../../../../arm-none-eabi/lib/armv6-m\libg_nano.a(lib_a-nano-mallocr.o)
                0x200001e0                __malloc_sbrk_start
 .bss.__malloc_free_list
                0x200001e4        0x4 c:/program files (x86)/cypress/psoc creator/3.3/psoc creator/import/gnu/arm/4.9.3/bin/../lib/gcc/arm-none-eabi/4.9.3/../../../../arm-none-eabi/lib/armv6-m\libg_nano.a(lib_a-nano-mallocr.o)
                0x200001e4                __malloc_free_list
 *(COMMON)
 COMMON         0x200001e8       0xdd .\CortexM0\ARM_GCC_493\Release\main.o
                0x200001e8                tracks
                0x200002c0                ticksPerNote
                0x200002c4                bpm
 *fill*         0x200002c5        0x3 
 COMMON         0x200002c8        0x4 c:/program files (x86)/cypress/psoc creator/3.3/psoc creator/import/gnu/arm/4.9.3/bin/../lib/gcc/arm-none-eabi/4.9.3/../../../../arm-none-eabi/lib/armv6-m\libg_nano.a(lib_a-reent.o)
                0x200002c8                errno
                0x200002d0                . = ALIGN (0x8)
 *fill*         0x200002cc        0x4 
 *(.ram.b)
                0x200002d0                _end = .
                0x200002d0                __end = .
                0x200002d0                PROVIDE (end, .)
                0x200002d0                PROVIDE (__bss_end__, .)
                0x00004170                __cy_region_init_ram = LOADADDR (.data)
                0x00000088                __cy_region_init_size_ram = (_edata - ADDR (.data))
                0x00000180                __cy_region_zero_size_ram = (_end - _edata)

.heap           0x200002d0       0x80 load address 0x000041f8
                0x200002d0                . = _end
                0x20000350                . = (. + 0x80)
 *fill*         0x200002d0       0x80 
                0x20000350                __cy_heap_limit = .

.stack          0x20000c00      0x400
                0x20000c00                __cy_stack_limit = .
                0x20001000                . = (. + 0x400)
 *fill*         0x20000c00      0x400 
                0x00000001                ASSERT ((__cy_stack_limit >= __cy_heap_limit), region RAM overflowed with stack)
                0x00000000                cy_checksum_exclude_size = (CY_APPL_LOADABLE == 0x1)?SIZEOF (.cy_checksum_exclude):0x0
                0x00000001                ASSERT ((cy_checksum_exclude_size <= CY_CHECKSUM_EXCLUDE_SIZE), CY_BOOT: Section .cy_checksum_exclude size exceedes specified limit.)
                0x00007fc0                cyloadermeta_start = (cy_project_type_bootloader || cy_project_type_app_for_stack_and_copier)?(0x8000 - CY_METADATA_SIZE):0xf0000000

.cyloadermeta
 *(.cyloadermeta)
                0x00007fc0                cyloadablemeta_start = cy_project_type_app_for_stack_and_copier?((0x8000 - CY_FLASH_ROW_SIZE) - CY_METADATA_SIZE):((0x8000 - (CY_FLASH_ROW_SIZE * (CY_APPL_NUM - 0x1))) - CY_METADATA_SIZE)

.cyloadablemeta
 *(.cyloadablemeta)

.cyflashprotect
                0x90400000       0x20
 *(.cyflashprotect)
 .cyflashprotect
                0x90400000       0x20 .\CortexM0\ARM_GCC_493\Release\cymetadata.o
                0x90400000                cy_meta_flashprotect

.cymeta         0x90500000        0xc
 *(.cymeta)
 .cymeta        0x90500000        0xc .\CortexM0\ARM_GCC_493\Release\cymetadata.o
                0x90500000                cy_metadata

.cychipprotect  0x90600000        0x1
 *(.cychipprotect)
 .cychipprotect
                0x90600000        0x1 .\CortexM0\ARM_GCC_493\Release\cymetadata.o
                0x90600000                cy_meta_chipprotect

.rel.dyn        0x000041f8        0x0 load address 0x90600004
 .rel.iplt      0x00000000        0x0 c:/program files (x86)/cypress/psoc creator/3.3/psoc creator/import/gnu/arm/4.9.3/bin/../lib/gcc/arm-none-eabi/4.9.3/armv6-m/crtbegin.o

.stab
 *(.stab)

.stabstr
 *(.stabstr)

.debug
 *(.debug)

.line
 *(.line)

.debug_srcinfo
 *(.debug_srcinfo)

.debug_sfnames
 *(.debug_sfnames)

.debug_aranges  0x00000000      0x5c0
 *(.debug_aranges)
 .debug_aranges
                0x00000000       0x48 .\CortexM0\ARM_GCC_493\Release\main.o
 .debug_aranges
                0x00000048       0x18 .\CortexM0\ARM_GCC_493\Release\cymetadata.o
 .debug_aranges
                0x00000060       0x48 .\CortexM0\ARM_GCC_493\Release\Cm0Start.o
 .debug_aranges
                0x000000a8       0x20 .\CortexM0\ARM_GCC_493\Release\PSoC_Fixedpoint_DDS_RhythmMachine_Test01.a(cyfitter_cfg.o)
 .debug_aranges
                0x000000c8      0x170 .\CortexM0\ARM_GCC_493\Release\PSoC_Fixedpoint_DDS_RhythmMachine_Test01.a(CyLib.o)
 .debug_aranges
                0x00000238      0x100 .\CortexM0\ARM_GCC_493\Release\PSoC_Fixedpoint_DDS_RhythmMachine_Test01.a(CyLFClk.o)
 .debug_aranges
                0x00000338       0x50 .\CortexM0\ARM_GCC_493\Release\PSoC_Fixedpoint_DDS_RhythmMachine_Test01.a(UART.o)
 .debug_aranges
                0x00000388       0x60 .\CortexM0\ARM_GCC_493\Release\PSoC_Fixedpoint_DDS_RhythmMachine_Test01.a(UART_UART.o)
 .debug_aranges
                0x000003e8      0x158 .\CortexM0\ARM_GCC_493\Release\PSoC_Fixedpoint_DDS_RhythmMachine_Test01.a(Timer_1.o)
 .debug_aranges
                0x00000540       0x20 .\CortexM0\ARM_GCC_493\Release\PSoC_Fixedpoint_DDS_RhythmMachine_Test01.a(CyBootAsmGnu.o)
 .debug_aranges
                0x00000560       0x60 .\CortexM0\ARM_GCC_493\Release\PSoC_Fixedpoint_DDS_RhythmMachine_Test01.a(UART_SPI_UART.o)

.debug_pubnames
 *(.debug_pubnames)

.debug_info     0x00000000     0x364f
 *(.debug_info .gnu.linkonce.wi.*)
 .debug_info    0x00000000      0x6f6 .\CortexM0\ARM_GCC_493\Release\main.o
 .debug_info    0x000006f6       0xfd .\CortexM0\ARM_GCC_493\Release\cymetadata.o
 .debug_info    0x000007f3      0x38a .\CortexM0\ARM_GCC_493\Release\Cm0Start.o
 .debug_info    0x00000b7d      0x2bf .\CortexM0\ARM_GCC_493\Release\PSoC_Fixedpoint_DDS_RhythmMachine_Test01.a(cyfitter_cfg.o)
 .debug_info    0x00000e3c      0xa7d .\CortexM0\ARM_GCC_493\Release\PSoC_Fixedpoint_DDS_RhythmMachine_Test01.a(CyLib.o)
 .debug_info    0x000018b9      0xc97 .\CortexM0\ARM_GCC_493\Release\PSoC_Fixedpoint_DDS_RhythmMachine_Test01.a(CyLFClk.o)
 .debug_info    0x00002550      0x22f .\CortexM0\ARM_GCC_493\Release\PSoC_Fixedpoint_DDS_RhythmMachine_Test01.a(UART.o)
 .debug_info    0x0000277f      0x2af .\CortexM0\ARM_GCC_493\Release\PSoC_Fixedpoint_DDS_RhythmMachine_Test01.a(UART_UART.o)
 .debug_info    0x00002a2e      0x932 .\CortexM0\ARM_GCC_493\Release\PSoC_Fixedpoint_DDS_RhythmMachine_Test01.a(Timer_1.o)
 .debug_info    0x00003360       0xd6 .\CortexM0\ARM_GCC_493\Release\PSoC_Fixedpoint_DDS_RhythmMachine_Test01.a(CyBootAsmGnu.o)
 .debug_info    0x00003436      0x219 .\CortexM0\ARM_GCC_493\Release\PSoC_Fixedpoint_DDS_RhythmMachine_Test01.a(UART_SPI_UART.o)

.debug_abbrev   0x00000000     0x12e4
 *(.debug_abbrev)
 .debug_abbrev  0x00000000      0x2ae .\CortexM0\ARM_GCC_493\Release\main.o
 .debug_abbrev  0x000002ae       0x5d .\CortexM0\ARM_GCC_493\Release\cymetadata.o
 .debug_abbrev  0x0000030b      0x1fe .\CortexM0\ARM_GCC_493\Release\Cm0Start.o
 .debug_abbrev  0x00000509      0x1b5 .\CortexM0\ARM_GCC_493\Release\PSoC_Fixedpoint_DDS_RhythmMachine_Test01.a(cyfitter_cfg.o)
 .debug_abbrev  0x000006be      0x318 .\CortexM0\ARM_GCC_493\Release\PSoC_Fixedpoint_DDS_RhythmMachine_Test01.a(CyLib.o)
 .debug_abbrev  0x000009d6      0x35f .\CortexM0\ARM_GCC_493\Release\PSoC_Fixedpoint_DDS_RhythmMachine_Test01.a(CyLFClk.o)
 .debug_abbrev  0x00000d35      0x134 .\CortexM0\ARM_GCC_493\Release\PSoC_Fixedpoint_DDS_RhythmMachine_Test01.a(UART.o)
 .debug_abbrev  0x00000e69      0x148 .\CortexM0\ARM_GCC_493\Release\PSoC_Fixedpoint_DDS_RhythmMachine_Test01.a(UART_UART.o)
 .debug_abbrev  0x00000fb1      0x1a9 .\CortexM0\ARM_GCC_493\Release\PSoC_Fixedpoint_DDS_RhythmMachine_Test01.a(Timer_1.o)
 .debug_abbrev  0x0000115a       0x14 .\CortexM0\ARM_GCC_493\Release\PSoC_Fixedpoint_DDS_RhythmMachine_Test01.a(CyBootAsmGnu.o)
 .debug_abbrev  0x0000116e      0x176 .\CortexM0\ARM_GCC_493\Release\PSoC_Fixedpoint_DDS_RhythmMachine_Test01.a(UART_SPI_UART.o)

.debug_line     0x00000000     0x1888
 *(.debug_line)
 .debug_line    0x00000000      0x39d .\CortexM0\ARM_GCC_493\Release\main.o
 .debug_line    0x0000039d       0x53 .\CortexM0\ARM_GCC_493\Release\cymetadata.o
 .debug_line    0x000003f0      0x23c .\CortexM0\ARM_GCC_493\Release\Cm0Start.o
 .debug_line    0x0000062c      0x164 .\CortexM0\ARM_GCC_493\Release\PSoC_Fixedpoint_DDS_RhythmMachine_Test01.a(cyfitter_cfg.o)
 .debug_line    0x00000790      0x487 .\CortexM0\ARM_GCC_493\Release\PSoC_Fixedpoint_DDS_RhythmMachine_Test01.a(CyLib.o)
 .debug_line    0x00000c17      0x430 .\CortexM0\ARM_GCC_493\Release\PSoC_Fixedpoint_DDS_RhythmMachine_Test01.a(CyLFClk.o)
 .debug_line    0x00001047      0x140 .\CortexM0\ARM_GCC_493\Release\PSoC_Fixedpoint_DDS_RhythmMachine_Test01.a(UART.o)
 .debug_line    0x00001187      0x176 .\CortexM0\ARM_GCC_493\Release\PSoC_Fixedpoint_DDS_RhythmMachine_Test01.a(UART_UART.o)
 .debug_line    0x000012fd      0x3e5 .\CortexM0\ARM_GCC_493\Release\PSoC_Fixedpoint_DDS_RhythmMachine_Test01.a(Timer_1.o)
 .debug_line    0x000016e2       0x69 .\CortexM0\ARM_GCC_493\Release\PSoC_Fixedpoint_DDS_RhythmMachine_Test01.a(CyBootAsmGnu.o)
 .debug_line    0x0000174b      0x13d .\CortexM0\ARM_GCC_493\Release\PSoC_Fixedpoint_DDS_RhythmMachine_Test01.a(UART_SPI_UART.o)

.debug_frame    0x00000000     0x143c
 *(.debug_frame)
 .debug_frame   0x00000000       0xd0 .\CortexM0\ARM_GCC_493\Release\main.o
 .debug_frame   0x000000d0       0xb0 .\CortexM0\ARM_GCC_493\Release\Cm0Start.o
 .debug_frame   0x00000180       0x30 .\CortexM0\ARM_GCC_493\Release\PSoC_Fixedpoint_DDS_RhythmMachine_Test01.a(cyfitter_cfg.o)
 .debug_frame   0x000001b0      0x36c .\CortexM0\ARM_GCC_493\Release\PSoC_Fixedpoint_DDS_RhythmMachine_Test01.a(CyLib.o)
 .debug_frame   0x0000051c      0x2a8 .\CortexM0\ARM_GCC_493\Release\PSoC_Fixedpoint_DDS_RhythmMachine_Test01.a(CyLFClk.o)
 .debug_frame   0x000007c4       0xb0 .\CortexM0\ARM_GCC_493\Release\PSoC_Fixedpoint_DDS_RhythmMachine_Test01.a(UART.o)
 .debug_frame   0x00000874       0xdc .\CortexM0\ARM_GCC_493\Release\PSoC_Fixedpoint_DDS_RhythmMachine_Test01.a(UART_UART.o)
 .debug_frame   0x00000950      0x384 .\CortexM0\ARM_GCC_493\Release\PSoC_Fixedpoint_DDS_RhythmMachine_Test01.a(Timer_1.o)
 .debug_frame   0x00000cd4       0xb0 .\CortexM0\ARM_GCC_493\Release\PSoC_Fixedpoint_DDS_RhythmMachine_Test01.a(UART_SPI_UART.o)
 .debug_frame   0x00000d84       0x20 c:/program files (x86)/cypress/psoc creator/3.3/psoc creator/import/gnu/arm/4.9.3/bin/../lib/gcc/arm-none-eabi/4.9.3/armv6-m\libgcc.a(_udivsi3.o)
 .debug_frame   0x00000da4       0x34 c:/program files (x86)/cypress/psoc creator/3.3/psoc creator/import/gnu/arm/4.9.3/bin/../lib/gcc/arm-none-eabi/4.9.3/armv6-m\libgcc.a(_muldi3.o)
 .debug_frame   0x00000dd8       0x2c c:/program files (x86)/cypress/psoc creator/3.3/psoc creator/import/gnu/arm/4.9.3/bin/../lib/gcc/arm-none-eabi/4.9.3/armv6-m\libgcc.a(_fixunsdfsi.o)
 .debug_frame   0x00000e04       0x50 c:/program files (x86)/cypress/psoc creator/3.3/psoc creator/import/gnu/arm/4.9.3/bin/../lib/gcc/arm-none-eabi/4.9.3/armv6-m\libgcc.a(bpabi.o)
 .debug_frame   0x00000e54       0x3c c:/program files (x86)/cypress/psoc creator/3.3/psoc creator/import/gnu/arm/4.9.3/bin/../lib/gcc/arm-none-eabi/4.9.3/armv6-m\libgcc.a(divdf3.o)
 .debug_frame   0x00000e90       0x3c c:/program files (x86)/cypress/psoc creator/3.3/psoc creator/import/gnu/arm/4.9.3/bin/../lib/gcc/arm-none-eabi/4.9.3/armv6-m\libgcc.a(muldf3.o)
 .debug_frame   0x00000ecc       0x3c c:/program files (x86)/cypress/psoc creator/3.3/psoc creator/import/gnu/arm/4.9.3/bin/../lib/gcc/arm-none-eabi/4.9.3/armv6-m\libgcc.a(subdf3.o)
 .debug_frame   0x00000f08       0x2c c:/program files (x86)/cypress/psoc creator/3.3/psoc creator/import/gnu/arm/4.9.3/bin/../lib/gcc/arm-none-eabi/4.9.3/armv6-m\libgcc.a(fixdfsi.o)
 .debug_frame   0x00000f34       0x2c c:/program files (x86)/cypress/psoc creator/3.3/psoc creator/import/gnu/arm/4.9.3/bin/../lib/gcc/arm-none-eabi/4.9.3/armv6-m\libgcc.a(floatsidf.o)
 .debug_frame   0x00000f60       0x3c c:/program files (x86)/cypress/psoc creator/3.3/psoc creator/import/gnu/arm/4.9.3/bin/../lib/gcc/arm-none-eabi/4.9.3/armv6-m\libgcc.a(_divdi3.o)
 .debug_frame   0x00000f9c       0x3c c:/program files (x86)/cypress/psoc creator/3.3/psoc creator/import/gnu/arm/4.9.3/bin/../lib/gcc/arm-none-eabi/4.9.3/armv6-m\libgcc.a(_udivdi3.o)
 .debug_frame   0x00000fd8       0x38 c:/program files (x86)/cypress/psoc creator/3.3/psoc creator/import/gnu/arm/4.9.3/bin/../lib/gcc/arm-none-eabi/4.9.3/armv6-m\libgcc.a(eqdf2.o)
 .debug_frame   0x00001010       0x38 c:/program files (x86)/cypress/psoc creator/3.3/psoc creator/import/gnu/arm/4.9.3/bin/../lib/gcc/arm-none-eabi/4.9.3/armv6-m\libgcc.a(gedf2.o)
 .debug_frame   0x00001048       0x38 c:/program files (x86)/cypress/psoc creator/3.3/psoc creator/import/gnu/arm/4.9.3/bin/../lib/gcc/arm-none-eabi/4.9.3/armv6-m\libgcc.a(ledf2.o)
 .debug_frame   0x00001080       0x20 c:/program files (x86)/cypress/psoc creator/3.3/psoc creator/import/gnu/arm/4.9.3/bin/../lib/gcc/arm-none-eabi/4.9.3/../../../../arm-none-eabi/lib/armv6-m\libg_nano.a(lib_a-errno.o)
 .debug_frame   0x000010a0       0x28 c:/program files (x86)/cypress/psoc creator/3.3/psoc creator/import/gnu/arm/4.9.3/bin/../lib/gcc/arm-none-eabi/4.9.3/../../../../arm-none-eabi/lib/armv6-m\libg_nano.a(lib_a-exit.o)
 .debug_frame   0x000010c8       0x2c c:/program files (x86)/cypress/psoc creator/3.3/psoc creator/import/gnu/arm/4.9.3/bin/../lib/gcc/arm-none-eabi/4.9.3/../../../../arm-none-eabi/lib/armv6-m\libg_nano.a(lib_a-init.o)
 .debug_frame   0x000010f4       0x28 c:/program files (x86)/cypress/psoc creator/3.3/psoc creator/import/gnu/arm/4.9.3/bin/../lib/gcc/arm-none-eabi/4.9.3/../../../../arm-none-eabi/lib/armv6-m\libg_nano.a(lib_a-memcpy.o)
 .debug_frame   0x0000111c       0x20 c:/program files (x86)/cypress/psoc creator/3.3/psoc creator/import/gnu/arm/4.9.3/bin/../lib/gcc/arm-none-eabi/4.9.3/../../../../arm-none-eabi/lib/armv6-m\libg_nano.a(lib_a-memset.o)
 .debug_frame   0x0000113c       0x44 c:/program files (x86)/cypress/psoc creator/3.3/psoc creator/import/gnu/arm/4.9.3/bin/../lib/gcc/arm-none-eabi/4.9.3/../../../../arm-none-eabi/lib/armv6-m\libg_nano.a(lib_a-rand.o)
 .debug_frame   0x00001180       0x50 c:/program files (x86)/cypress/psoc creator/3.3/psoc creator/import/gnu/arm/4.9.3/bin/../lib/gcc/arm-none-eabi/4.9.3/../../../../arm-none-eabi/lib/armv6-m\libg_nano.a(lib_a-sprintf.o)
 .debug_frame   0x000011d0       0x40 c:/program files (x86)/cypress/psoc creator/3.3/psoc creator/import/gnu/arm/4.9.3/bin/../lib/gcc/arm-none-eabi/4.9.3/../../../../arm-none-eabi/lib/armv6-m\libg_nano.a(lib_a-malloc.o)
 .debug_frame   0x00001210       0x2c c:/program files (x86)/cypress/psoc creator/3.3/psoc creator/import/gnu/arm/4.9.3/bin/../lib/gcc/arm-none-eabi/4.9.3/../../../../arm-none-eabi/lib/armv6-m\libg_nano.a(lib_a-nano-freer.o)
 .debug_frame   0x0000123c       0x2c c:/program files (x86)/cypress/psoc creator/3.3/psoc creator/import/gnu/arm/4.9.3/bin/../lib/gcc/arm-none-eabi/4.9.3/../../../../arm-none-eabi/lib/armv6-m\libg_nano.a(lib_a-nano-mallocr.o)
 .debug_frame   0x00001268       0x74 c:/program files (x86)/cypress/psoc creator/3.3/psoc creator/import/gnu/arm/4.9.3/bin/../lib/gcc/arm-none-eabi/4.9.3/../../../../arm-none-eabi/lib/armv6-m\libg_nano.a(lib_a-nano-svfprintf.o)
 .debug_frame   0x000012dc       0x54 c:/program files (x86)/cypress/psoc creator/3.3/psoc creator/import/gnu/arm/4.9.3/bin/../lib/gcc/arm-none-eabi/4.9.3/../../../../arm-none-eabi/lib/armv6-m\libg_nano.a(lib_a-nano-vfprintf_i.o)
 .debug_frame   0x00001330       0x2c c:/program files (x86)/cypress/psoc creator/3.3/psoc creator/import/gnu/arm/4.9.3/bin/../lib/gcc/arm-none-eabi/4.9.3/../../../../arm-none-eabi/lib/armv6-m\libg_nano.a(lib_a-sbrkr.o)
 .debug_frame   0x0000135c       0x20 c:/program files (x86)/cypress/psoc creator/3.3/psoc creator/import/gnu/arm/4.9.3/bin/../lib/gcc/arm-none-eabi/4.9.3/../../../../arm-none-eabi/lib/armv6-m\libg_nano.a(lib_a-memchr.o)
 .debug_frame   0x0000137c       0x28 c:/program files (x86)/cypress/psoc creator/3.3/psoc creator/import/gnu/arm/4.9.3/bin/../lib/gcc/arm-none-eabi/4.9.3/../../../../arm-none-eabi/lib/armv6-m\libg_nano.a(lib_a-memmove.o)
 .debug_frame   0x000013a4       0x30 c:/program files (x86)/cypress/psoc creator/3.3/psoc creator/import/gnu/arm/4.9.3/bin/../lib/gcc/arm-none-eabi/4.9.3/../../../../arm-none-eabi/lib/armv6-m\libg_nano.a(lib_a-nano-reallocr.o)
 .debug_frame   0x000013d4       0x48 c:/program files (x86)/cypress/psoc creator/3.3/psoc creator/import/gnu/arm/4.9.3/bin/../lib/gcc/arm-none-eabi/4.9.3/../../../../arm-none-eabi/lib/armv6-m\libg_nano.a(lib_a-reent.o)
 .debug_frame   0x0000141c       0x20 c:/program files (x86)/cypress/psoc creator/3.3/psoc creator/import/gnu/arm/4.9.3/bin/../lib/gcc/arm-none-eabi/4.9.3/../../../../arm-none-eabi/lib/armv6-m\libg_nano.a(lib_a-nano-msizer.o)

.debug_str      0x00000000     0x16c1
 *(.debug_str)
 .debug_str     0x00000000      0x44b .\CortexM0\ARM_GCC_493\Release\main.o
                                0x4cc (size before relaxing)
 .debug_str     0x0000044b       0x61 .\CortexM0\ARM_GCC_493\Release\cymetadata.o
                                0x214 (size before relaxing)
 .debug_str     0x000004ac      0x163 .\CortexM0\ARM_GCC_493\Release\Cm0Start.o
                                0x33b (size before relaxing)
 .debug_str     0x0000060f       0xa7 .\CortexM0\ARM_GCC_493\Release\PSoC_Fixedpoint_DDS_RhythmMachine_Test01.a(cyfitter_cfg.o)
                                0x2a2 (size before relaxing)
 .debug_str     0x000006b6      0x46a .\CortexM0\ARM_GCC_493\Release\PSoC_Fixedpoint_DDS_RhythmMachine_Test01.a(CyLib.o)
                                0x68f (size before relaxing)
 .debug_str     0x00000b20      0x476 .\CortexM0\ARM_GCC_493\Release\PSoC_Fixedpoint_DDS_RhythmMachine_Test01.a(CyLFClk.o)
                                0x692 (size before relaxing)
 .debug_str     0x00000f96      0x118 .\CortexM0\ARM_GCC_493\Release\PSoC_Fixedpoint_DDS_RhythmMachine_Test01.a(UART.o)
                                0x2e9 (size before relaxing)
 .debug_str     0x000010ae      0x114 .\CortexM0\ARM_GCC_493\Release\PSoC_Fixedpoint_DDS_RhythmMachine_Test01.a(UART_UART.o)
                                0x325 (size before relaxing)
 .debug_str     0x000011c2      0x41a .\CortexM0\ARM_GCC_493\Release\PSoC_Fixedpoint_DDS_RhythmMachine_Test01.a(Timer_1.o)
                                0x63f (size before relaxing)
 .debug_str     0x000015dc       0xe5 .\CortexM0\ARM_GCC_493\Release\PSoC_Fixedpoint_DDS_RhythmMachine_Test01.a(UART_SPI_UART.o)
                                0x308 (size before relaxing)

.debug_loc      0x00000000     0x1a55
 *(.debug_loc)
 .debug_loc     0x00000000      0x2e4 .\CortexM0\ARM_GCC_493\Release\main.o
 .debug_loc     0x000002e4      0x1e9 .\CortexM0\ARM_GCC_493\Release\Cm0Start.o
 .debug_loc     0x000004cd       0x7c .\CortexM0\ARM_GCC_493\Release\PSoC_Fixedpoint_DDS_RhythmMachine_Test01.a(cyfitter_cfg.o)
 .debug_loc     0x00000549      0x4b3 .\CortexM0\ARM_GCC_493\Release\PSoC_Fixedpoint_DDS_RhythmMachine_Test01.a(CyLib.o)
 .debug_loc     0x000009fc      0x81d .\CortexM0\ARM_GCC_493\Release\PSoC_Fixedpoint_DDS_RhythmMachine_Test01.a(CyLFClk.o)
 .debug_loc     0x00001219       0x7e .\CortexM0\ARM_GCC_493\Release\PSoC_Fixedpoint_DDS_RhythmMachine_Test01.a(UART.o)
 .debug_loc     0x00001297      0x194 .\CortexM0\ARM_GCC_493\Release\PSoC_Fixedpoint_DDS_RhythmMachine_Test01.a(UART_UART.o)
 .debug_loc     0x0000142b      0x53c .\CortexM0\ARM_GCC_493\Release\PSoC_Fixedpoint_DDS_RhythmMachine_Test01.a(Timer_1.o)
 .debug_loc     0x00001967       0xee .\CortexM0\ARM_GCC_493\Release\PSoC_Fixedpoint_DDS_RhythmMachine_Test01.a(UART_SPI_UART.o)

.debug_macinfo
 *(.debug_macinfo)

.debug_ranges   0x00000000      0x6d8
 *(.debug_ranges)
 .debug_ranges  0x00000000       0x68 .\CortexM0\ARM_GCC_493\Release\main.o
 .debug_ranges  0x00000068       0x38 .\CortexM0\ARM_GCC_493\Release\Cm0Start.o
 .debug_ranges  0x000000a0       0x80 .\CortexM0\ARM_GCC_493\Release\PSoC_Fixedpoint_DDS_RhythmMachine_Test01.a(cyfitter_cfg.o)
 .debug_ranges  0x00000120      0x1d0 .\CortexM0\ARM_GCC_493\Release\PSoC_Fixedpoint_DDS_RhythmMachine_Test01.a(CyLib.o)
 .debug_ranges  0x000002f0      0x1c0 .\CortexM0\ARM_GCC_493\Release\PSoC_Fixedpoint_DDS_RhythmMachine_Test01.a(CyLFClk.o)
 .debug_ranges  0x000004b0       0x40 .\CortexM0\ARM_GCC_493\Release\PSoC_Fixedpoint_DDS_RhythmMachine_Test01.a(UART.o)
 .debug_ranges  0x000004f0       0x50 .\CortexM0\ARM_GCC_493\Release\PSoC_Fixedpoint_DDS_RhythmMachine_Test01.a(UART_UART.o)
 .debug_ranges  0x00000540      0x148 .\CortexM0\ARM_GCC_493\Release\PSoC_Fixedpoint_DDS_RhythmMachine_Test01.a(Timer_1.o)
 .debug_ranges  0x00000688       0x50 .\CortexM0\ARM_GCC_493\Release\PSoC_Fixedpoint_DDS_RhythmMachine_Test01.a(UART_SPI_UART.o)

.comment        0x00000000       0x70
 .comment       0x00000000       0x70 .\CortexM0\ARM_GCC_493\Release\main.o
                                 0x71 (size before relaxing)
 .comment       0x00000000       0x71 .\CortexM0\ARM_GCC_493\Release\cymetadata.o
 .comment       0x00000000       0x71 .\CortexM0\ARM_GCC_493\Release\Cm0Start.o
 .comment       0x00000000       0x71 .\CortexM0\ARM_GCC_493\Release\PSoC_Fixedpoint_DDS_RhythmMachine_Test01.a(cyfitter_cfg.o)
 .comment       0x00000000       0x71 .\CortexM0\ARM_GCC_493\Release\PSoC_Fixedpoint_DDS_RhythmMachine_Test01.a(CyLib.o)
 .comment       0x00000000       0x71 .\CortexM0\ARM_GCC_493\Release\PSoC_Fixedpoint_DDS_RhythmMachine_Test01.a(CyLFClk.o)
 .comment       0x00000000       0x71 .\CortexM0\ARM_GCC_493\Release\PSoC_Fixedpoint_DDS_RhythmMachine_Test01.a(UART.o)
 .comment       0x00000000       0x71 .\CortexM0\ARM_GCC_493\Release\PSoC_Fixedpoint_DDS_RhythmMachine_Test01.a(UART_UART.o)
 .comment       0x00000000       0x71 .\CortexM0\ARM_GCC_493\Release\PSoC_Fixedpoint_DDS_RhythmMachine_Test01.a(Timer_1.o)
 .comment       0x00000000       0x71 .\CortexM0\ARM_GCC_493\Release\PSoC_Fixedpoint_DDS_RhythmMachine_Test01.a(UART_SPI_UART.o)

.debug_weaknames
 *(.debug_weaknames)

.debug_funcnames
 *(.debug_funcnames)

.debug_typenames
 *(.debug_typenames)

.debug_varnames
 *(.debug_varnames)

.note.gnu.arm.ident
 *(.note.gnu.arm.ident)

.ARM.attributes
                0x00000000       0x28
 *(.ARM.attributes)
 .ARM.attributes
                0x00000000       0x1e c:/program files (x86)/cypress/psoc creator/3.3/psoc creator/import/gnu/arm/4.9.3/bin/../lib/gcc/arm-none-eabi/4.9.3/armv6-m/crti.o
 .ARM.attributes
                0x0000001e       0x2c c:/program files (x86)/cypress/psoc creator/3.3/psoc creator/import/gnu/arm/4.9.3/bin/../lib/gcc/arm-none-eabi/4.9.3/armv6-m/crtbegin.o
 .ARM.attributes
                0x0000004a       0x1b c:/program files (x86)/cypress/psoc creator/3.3/psoc creator/import/gnu/arm/4.9.3/bin/../lib/gcc/arm-none-eabi/4.9.3/../../../../arm-none-eabi/lib/armv6-m/crt0.o
 .ARM.attributes
                0x00000065       0x31 .\CortexM0\ARM_GCC_493\Release\main.o
 .ARM.attributes
                0x00000096       0x31 .\CortexM0\ARM_GCC_493\Release\cymetadata.o
 .ARM.attributes
                0x000000c7       0x31 .\CortexM0\ARM_GCC_493\Release\Cm0Start.o
 .ARM.attributes
                0x000000f8       0x31 .\CortexM0\ARM_GCC_493\Release\PSoC_Fixedpoint_DDS_RhythmMachine_Test01.a(cyfitter_cfg.o)
 .ARM.attributes
                0x00000129       0x31 .\CortexM0\ARM_GCC_493\Release\PSoC_Fixedpoint_DDS_RhythmMachine_Test01.a(CyLib.o)
 .ARM.attributes
                0x0000015a       0x31 .\CortexM0\ARM_GCC_493\Release\PSoC_Fixedpoint_DDS_RhythmMachine_Test01.a(CyLFClk.o)
 .ARM.attributes
                0x0000018b       0x31 .\CortexM0\ARM_GCC_493\Release\PSoC_Fixedpoint_DDS_RhythmMachine_Test01.a(UART.o)
 .ARM.attributes
                0x000001bc       0x31 .\CortexM0\ARM_GCC_493\Release\PSoC_Fixedpoint_DDS_RhythmMachine_Test01.a(UART_UART.o)
 .ARM.attributes
                0x000001ed       0x31 .\CortexM0\ARM_GCC_493\Release\PSoC_Fixedpoint_DDS_RhythmMachine_Test01.a(Timer_1.o)
 .ARM.attributes
                0x0000021e       0x21 .\CortexM0\ARM_GCC_493\Release\PSoC_Fixedpoint_DDS_RhythmMachine_Test01.a(CyBootAsmGnu.o)
 .ARM.attributes
                0x0000023f       0x31 .\CortexM0\ARM_GCC_493\Release\PSoC_Fixedpoint_DDS_RhythmMachine_Test01.a(UART_SPI_UART.o)
 .ARM.attributes
                0x00000270       0x1e c:/program files (x86)/cypress/psoc creator/3.3/psoc creator/import/gnu/arm/4.9.3/bin/../lib/gcc/arm-none-eabi/4.9.3/armv6-m\libgcc.a(_udivsi3.o)
 .ARM.attributes
                0x0000028e       0x1e c:/program files (x86)/cypress/psoc creator/3.3/psoc creator/import/gnu/arm/4.9.3/bin/../lib/gcc/arm-none-eabi/4.9.3/armv6-m\libgcc.a(_dvmd_tls.o)
 .ARM.attributes
                0x000002ac       0x1e c:/program files (x86)/cypress/psoc creator/3.3/psoc creator/import/gnu/arm/4.9.3/bin/../lib/gcc/arm-none-eabi/4.9.3/armv6-m\libgcc.a(_aeabi_uldivmod.o)
 .ARM.attributes
                0x000002ca       0x2c c:/program files (x86)/cypress/psoc creator/3.3/psoc creator/import/gnu/arm/4.9.3/bin/../lib/gcc/arm-none-eabi/4.9.3/armv6-m\libgcc.a(_muldi3.o)
 .ARM.attributes
                0x000002f6       0x2c c:/program files (x86)/cypress/psoc creator/3.3/psoc creator/import/gnu/arm/4.9.3/bin/../lib/gcc/arm-none-eabi/4.9.3/armv6-m\libgcc.a(_fixunsdfsi.o)
 .ARM.attributes
                0x00000322       0x2c c:/program files (x86)/cypress/psoc creator/3.3/psoc creator/import/gnu/arm/4.9.3/bin/../lib/gcc/arm-none-eabi/4.9.3/armv6-m\libgcc.a(bpabi.o)
 .ARM.attributes
                0x0000034e       0x2c c:/program files (x86)/cypress/psoc creator/3.3/psoc creator/import/gnu/arm/4.9.3/bin/../lib/gcc/arm-none-eabi/4.9.3/armv6-m\libgcc.a(divdf3.o)
 .ARM.attributes
                0x0000037a       0x2c c:/program files (x86)/cypress/psoc creator/3.3/psoc creator/import/gnu/arm/4.9.3/bin/../lib/gcc/arm-none-eabi/4.9.3/armv6-m\libgcc.a(muldf3.o)
 .ARM.attributes
                0x000003a6       0x2c c:/program files (x86)/cypress/psoc creator/3.3/psoc creator/import/gnu/arm/4.9.3/bin/../lib/gcc/arm-none-eabi/4.9.3/armv6-m\libgcc.a(subdf3.o)
 .ARM.attributes
                0x000003d2       0x2c c:/program files (x86)/cypress/psoc creator/3.3/psoc creator/import/gnu/arm/4.9.3/bin/../lib/gcc/arm-none-eabi/4.9.3/armv6-m\libgcc.a(fixdfsi.o)
 .ARM.attributes
                0x000003fe       0x2c c:/program files (x86)/cypress/psoc creator/3.3/psoc creator/import/gnu/arm/4.9.3/bin/../lib/gcc/arm-none-eabi/4.9.3/armv6-m\libgcc.a(floatsidf.o)
 .ARM.attributes
                0x0000042a       0x1e c:/program files (x86)/cypress/psoc creator/3.3/psoc creator/import/gnu/arm/4.9.3/bin/../lib/gcc/arm-none-eabi/4.9.3/armv6-m\libgcc.a(_arm_cmpdf2.o)
 .ARM.attributes
                0x00000448       0x1e c:/program files (x86)/cypress/psoc creator/3.3/psoc creator/import/gnu/arm/4.9.3/bin/../lib/gcc/arm-none-eabi/4.9.3/armv6-m\libgcc.a(_clzsi2.o)
 .ARM.attributes
                0x00000466       0x2c c:/program files (x86)/cypress/psoc creator/3.3/psoc creator/import/gnu/arm/4.9.3/bin/../lib/gcc/arm-none-eabi/4.9.3/armv6-m\libgcc.a(_divdi3.o)
 .ARM.attributes
                0x00000492       0x2c c:/program files (x86)/cypress/psoc creator/3.3/psoc creator/import/gnu/arm/4.9.3/bin/../lib/gcc/arm-none-eabi/4.9.3/armv6-m\libgcc.a(_udivdi3.o)
 .ARM.attributes
                0x000004be       0x2c c:/program files (x86)/cypress/psoc creator/3.3/psoc creator/import/gnu/arm/4.9.3/bin/../lib/gcc/arm-none-eabi/4.9.3/armv6-m\libgcc.a(eqdf2.o)
 .ARM.attributes
                0x000004ea       0x2c c:/program files (x86)/cypress/psoc creator/3.3/psoc creator/import/gnu/arm/4.9.3/bin/../lib/gcc/arm-none-eabi/4.9.3/armv6-m\libgcc.a(gedf2.o)
 .ARM.attributes
                0x00000516       0x2c c:/program files (x86)/cypress/psoc creator/3.3/psoc creator/import/gnu/arm/4.9.3/bin/../lib/gcc/arm-none-eabi/4.9.3/armv6-m\libgcc.a(ledf2.o)
 .ARM.attributes
                0x00000542       0x1e c:/program files (x86)/cypress/psoc creator/3.3/psoc creator/import/gnu/arm/4.9.3/bin/../lib/gcc/arm-none-eabi/4.9.3/armv6-m\libgcc.a(_clzdi2.o)
 .ARM.attributes
                0x00000560       0x2c c:/program files (x86)/cypress/psoc creator/3.3/psoc creator/import/gnu/arm/4.9.3/bin/../lib/gcc/arm-none-eabi/4.9.3/../../../../arm-none-eabi/lib/armv6-m\libg_nano.a(lib_a-errno.o)
 .ARM.attributes
                0x0000058c       0x2c c:/program files (x86)/cypress/psoc creator/3.3/psoc creator/import/gnu/arm/4.9.3/bin/../lib/gcc/arm-none-eabi/4.9.3/../../../../arm-none-eabi/lib/armv6-m\libg_nano.a(lib_a-exit.o)
 .ARM.attributes
                0x000005b8       0x2c c:/program files (x86)/cypress/psoc creator/3.3/psoc creator/import/gnu/arm/4.9.3/bin/../lib/gcc/arm-none-eabi/4.9.3/../../../../arm-none-eabi/lib/armv6-m\libg_nano.a(lib_a-impure.o)
 .ARM.attributes
                0x000005e4       0x2c c:/program files (x86)/cypress/psoc creator/3.3/psoc creator/import/gnu/arm/4.9.3/bin/../lib/gcc/arm-none-eabi/4.9.3/../../../../arm-none-eabi/lib/armv6-m\libg_nano.a(lib_a-init.o)
 .ARM.attributes
                0x00000610       0x2c c:/program files (x86)/cypress/psoc creator/3.3/psoc creator/import/gnu/arm/4.9.3/bin/../lib/gcc/arm-none-eabi/4.9.3/../../../../arm-none-eabi/lib/armv6-m\libg_nano.a(lib_a-memcpy.o)
 .ARM.attributes
                0x0000063c       0x2c c:/program files (x86)/cypress/psoc creator/3.3/psoc creator/import/gnu/arm/4.9.3/bin/../lib/gcc/arm-none-eabi/4.9.3/../../../../arm-none-eabi/lib/armv6-m\libg_nano.a(lib_a-memset.o)
 .ARM.attributes
                0x00000668       0x2c c:/program files (x86)/cypress/psoc creator/3.3/psoc creator/import/gnu/arm/4.9.3/bin/../lib/gcc/arm-none-eabi/4.9.3/../../../../arm-none-eabi/lib/armv6-m\libg_nano.a(lib_a-rand.o)
 .ARM.attributes
                0x00000694       0x2c c:/program files (x86)/cypress/psoc creator/3.3/psoc creator/import/gnu/arm/4.9.3/bin/../lib/gcc/arm-none-eabi/4.9.3/../../../../arm-none-eabi/lib/armv6-m\libg_nano.a(lib_a-sprintf.o)
 .ARM.attributes
                0x000006c0       0x2c c:/program files (x86)/cypress/psoc creator/3.3/psoc creator/import/gnu/arm/4.9.3/bin/../lib/gcc/arm-none-eabi/4.9.3/../../../../arm-none-eabi/lib/armv6-m\libg_nano.a(lib_a-malloc.o)
 .ARM.attributes
                0x000006ec       0x2c c:/program files (x86)/cypress/psoc creator/3.3/psoc creator/import/gnu/arm/4.9.3/bin/../lib/gcc/arm-none-eabi/4.9.3/../../../../arm-none-eabi/lib/armv6-m\libg_nano.a(lib_a-nano-freer.o)
 .ARM.attributes
                0x00000718       0x2c c:/program files (x86)/cypress/psoc creator/3.3/psoc creator/import/gnu/arm/4.9.3/bin/../lib/gcc/arm-none-eabi/4.9.3/../../../../arm-none-eabi/lib/armv6-m\libg_nano.a(lib_a-nano-mallocr.o)
 .ARM.attributes
                0x00000744       0x2c c:/program files (x86)/cypress/psoc creator/3.3/psoc creator/import/gnu/arm/4.9.3/bin/../lib/gcc/arm-none-eabi/4.9.3/../../../../arm-none-eabi/lib/armv6-m\libg_nano.a(lib_a-nano-svfprintf.o)
 .ARM.attributes
                0x00000770       0x2c c:/program files (x86)/cypress/psoc creator/3.3/psoc creator/import/gnu/arm/4.9.3/bin/../lib/gcc/arm-none-eabi/4.9.3/../../../../arm-none-eabi/lib/armv6-m\libg_nano.a(lib_a-nano-vfprintf_i.o)
 .ARM.attributes
                0x0000079c       0x2c c:/program files (x86)/cypress/psoc creator/3.3/psoc creator/import/gnu/arm/4.9.3/bin/../lib/gcc/arm-none-eabi/4.9.3/../../../../arm-none-eabi/lib/armv6-m\libg_nano.a(lib_a-sbrkr.o)
 .ARM.attributes
                0x000007c8       0x2c c:/program files (x86)/cypress/psoc creator/3.3/psoc creator/import/gnu/arm/4.9.3/bin/../lib/gcc/arm-none-eabi/4.9.3/../../../../arm-none-eabi/lib/armv6-m\libg_nano.a(lib_a-memchr.o)
 .ARM.attributes
                0x000007f4       0x2c c:/program files (x86)/cypress/psoc creator/3.3/psoc creator/import/gnu/arm/4.9.3/bin/../lib/gcc/arm-none-eabi/4.9.3/../../../../arm-none-eabi/lib/armv6-m\libg_nano.a(lib_a-memmove.o)
 .ARM.attributes
                0x00000820       0x2c c:/program files (x86)/cypress/psoc creator/3.3/psoc creator/import/gnu/arm/4.9.3/bin/../lib/gcc/arm-none-eabi/4.9.3/../../../../arm-none-eabi/lib/armv6-m\libg_nano.a(lib_a-nano-reallocr.o)
 .ARM.attributes
                0x0000084c       0x2c c:/program files (x86)/cypress/psoc creator/3.3/psoc creator/import/gnu/arm/4.9.3/bin/../lib/gcc/arm-none-eabi/4.9.3/../../../../arm-none-eabi/lib/armv6-m\libg_nano.a(lib_a-reent.o)
 .ARM.attributes
                0x00000878       0x2c c:/program files (x86)/cypress/psoc creator/3.3/psoc creator/import/gnu/arm/4.9.3/bin/../lib/gcc/arm-none-eabi/4.9.3/../../../../arm-none-eabi/lib/armv6-m\libg_nano.a(lib_a-nano-msizer.o)
 .ARM.attributes
                0x000008a4       0x2c c:/program files (x86)/cypress/psoc creator/3.3/psoc creator/import/gnu/arm/4.9.3/bin/../lib/gcc/arm-none-eabi/4.9.3/armv6-m/crtend.o
 .ARM.attributes
                0x000008d0       0x1e c:/program files (x86)/cypress/psoc creator/3.3/psoc creator/import/gnu/arm/4.9.3/bin/../lib/gcc/arm-none-eabi/4.9.3/armv6-m/crtn.o

/DISCARD/
 *(.note.GNU-stack)
OUTPUT(.\CortexM0\ARM_GCC_493\Release\PSoC_Fixedpoint_DDS_RhythmMachine_Test01.elf elf32-littlearm)
